Archive member included to satisfy reference by file (symbol)

app/libapp.a(main.c.obj)      (--whole-archive)
app/libapp.a(io.c.obj)        (--whole-archive)
app/libapp.a(flash_map_extended.c.obj)
                              (--whole-archive)
app/libapp.a(os.c.obj)        (--whole-archive)
app/libapp.a(keys.c.obj)      (--whole-archive)
app/libapp.a(image_validate.c.obj)
                              (--whole-archive)
app/libapp.a(tlv.c.obj)       (--whole-archive)
app/libapp.a(encrypted.c.obj)
                              (--whole-archive)
app/libapp.a(image_rsa.c.obj)
                              (--whole-archive)
app/libapp.a(image_ecdsa.c.obj)
                              (--whole-archive)
app/libapp.a(image_ed25519.c.obj)
                              (--whole-archive)
app/libapp.a(bootutil_misc.c.obj)
                              (--whole-archive)
app/libapp.a(fault_injection_hardening.c.obj)
                              (--whole-archive)
app/libapp.a(loader.c.obj)    (--whole-archive)
app/libapp.a(swap_misc.c.obj)
                              (--whole-archive)
app/libapp.a(swap_scratch.c.obj)
                              (--whole-archive)
app/libapp.a(swap_move.c.obj)
                              (--whole-archive)
app/libapp.a(caps.c.obj)      (--whole-archive)
app/libapp.a(asn1parse.c.obj)
                              (--whole-archive)
app/libapp.a(platform_util.c.obj)
                              (--whole-archive)
app/libapp.a(cc310_glue.c.obj)
                              (--whole-archive)
app/libapp.a(autogen-pubkey.c.obj)
                              (--whole-archive)
app/libapp.a(arm_cleanup.c.obj)
                              (--whole-archive)
app/libapp.a(nrf_cleanup.c.obj)
                              (--whole-archive)
zephyr/libzephyr.a(heap.c.obj)
                              (--whole-archive)
zephyr/libzephyr.a(cbprintf_packaged.c.obj)
                              (--whole-archive)
zephyr/libzephyr.a(printk.c.obj)
                              (--whole-archive)
zephyr/libzephyr.a(sem.c.obj)
                              (--whole-archive)
zephyr/libzephyr.a(thread_entry.c.obj)
                              (--whole-archive)
zephyr/libzephyr.a(cbprintf_nano.c.obj)
                              (--whole-archive)
zephyr/libzephyr.a(cbprintf.c.obj)
                              (--whole-archive)
zephyr/libzephyr.a(assert.c.obj)
                              (--whole-archive)
zephyr/libzephyr.a(dec.c.obj)
                              (--whole-archive)
zephyr/libzephyr.a(hex.c.obj)
                              (--whole-archive)
zephyr/libzephyr.a(rb.c.obj)  (--whole-archive)
zephyr/libzephyr.a(timeutil.c.obj)
                              (--whole-archive)
zephyr/libzephyr.a(bitarray.c.obj)
                              (--whole-archive)
zephyr/libzephyr.a(onoff.c.obj)
                              (--whole-archive)
zephyr/libzephyr.a(notify.c.obj)
                              (--whole-archive)
zephyr/libzephyr.a(configs.c.obj)
                              (--whole-archive)
zephyr/libzephyr.a(log_minimal.c.obj)
                              (--whole-archive)
zephyr/libzephyr.a(flash_map.c.obj)
                              (--whole-archive)
zephyr/libzephyr.a(flash_map_layout.c.obj)
                              (--whole-archive)
zephyr/libzephyr.a(tracing_none.c.obj)
                              (--whole-archive)
zephyr/libzephyr.a(banner.c.obj)
                              (--whole-archive)
zephyr/libzephyr.a(flash_map_partition_manager.c.obj)
                              (--whole-archive)
zephyr/libzephyr.a(nrf_cc3xx_platform_abort_zephyr.c.obj)
                              (--whole-archive)
zephyr/libzephyr.a(nrf_cc3xx_platform_no_mutex_zephyr.c.obj)
                              (--whole-archive)
zephyr/arch/common/libarch__common.a(sw_isr_common.c.obj)
                              (--whole-archive)
zephyr/arch/arch/arm/core/libarch__arm__core.a(fatal.c.obj)
                              (--whole-archive)
zephyr/arch/arch/arm/core/libarch__arm__core.a(nmi.c.obj)
                              (--whole-archive)
zephyr/arch/arch/arm/core/libarch__arm__core.a(nmi_on_reset.S.obj)
                              (--whole-archive)
zephyr/arch/arch/arm/core/cortex_m/libarch__arm__core__cortex_m.a(exc_exit.c.obj)
                              (--whole-archive)
zephyr/arch/arch/arm/core/cortex_m/libarch__arm__core__cortex_m.a(fault.c.obj)
                              (--whole-archive)
zephyr/arch/arch/arm/core/cortex_m/libarch__arm__core__cortex_m.a(fault_s.S.obj)
                              (--whole-archive)
zephyr/arch/arch/arm/core/cortex_m/libarch__arm__core__cortex_m.a(fpu.c.obj)
                              (--whole-archive)
zephyr/arch/arch/arm/core/cortex_m/libarch__arm__core__cortex_m.a(reset.S.obj)
                              (--whole-archive)
zephyr/arch/arch/arm/core/cortex_m/libarch__arm__core__cortex_m.a(scb.c.obj)
[...]
Memory Configuration

Name             Origin             Length             Attributes
FLASH            0x0000000000000000 0x000000000000c000 xr
RAM              0x0000000020000000 0x0000000000008000 xw
IDT_LIST         0x00000000ffff7fff 0x0000000000008000 xw
*default*        0x0000000000000000 0xffffffffffffffff

Linker script and memory map

LOAD zephyr/CMakeFiles/zephyr_final.dir/misc/empty_file.c.obj
LOAD zephyr/CMakeFiles/zephyr_final.dir/isr_tables.c.obj
LOAD zephyr/CMakeFiles/offsets.dir/./arch/arm/core/offsets/offsets.c.obj
LOAD app/libapp.a
LOAD zephyr/libzephyr.a
LOAD zephyr/arch/common/libarch__common.a
LOAD zephyr/arch/arch/arm/core/libarch__arm__core.a
LOAD zephyr/arch/arch/arm/core/cortex_m/libarch__arm__core__cortex_m.a
LOAD zephyr/arch/arch/arm/core/cortex_m/cmse/libarch__arm__core__cortex_m__cmse.a
LOAD zephyr/lib/libc/minimal/liblib__libc__minimal.a
LOAD zephyr/lib/libc/common/liblib__libc__common.a
LOAD zephyr/soc/soc/nrf9160/libsoc__nordic.a
LOAD zephyr/boards/nordic/nrf9160dk/libboards__nordic__nrf9160dk.a
LOAD zephyr/drivers/clock_control/libdrivers__clock_control.a
LOAD zephyr/drivers/console/libdrivers__console.a
LOAD zephyr/drivers/flash/libdrivers__flash.a
LOAD zephyr/drivers/gpio/libdrivers__gpio.a
LOAD zephyr/drivers/pinctrl/libdrivers__pinctrl.a
LOAD zephyr/drivers/serial/libdrivers__serial.a
LOAD zephyr/drivers/timer/libdrivers__timer.a
LOAD modules/nrf/lib/fprotect/lib..__nrf__lib__fprotect.a
LOAD modules/nrf/drivers/hw_cc3xx/lib..__nrf__drivers__hw_cc3xx.a
LOAD modules/mcuboot/boot/bootutil/zephyr/libmcuboot_util.a
LOAD modules/hal_nordic/nrfx/libmodules__hal_nordic__nrfx.a
LOAD zephyr/kernel/libkernel.a
LOAD c:/ncs/toolchains/ce3b5ff664/opt/zephyr-sdk/arm-zephyr-eabi/bin/../lib/gcc/arm-zephyr-eabi/12.2.0/thumb/v8-m.main+fp/hard\libgcc.a
LOAD zephyr/arch/common/libisr_tables.a
LOAD C:/Users/Jin/Documents/GitHub/ese518_Cellular_test/nrfxlib/crypto/nrf_cc310_platform/lib/cortex-m33/hard-float/no-interrupts/libnrf_cc310_platform_0.9.19.a
LOAD C:/Users/Jin/Documents/GitHub/ese518_Cellular_test/nrfxlib/crypto/nrf_cc310_bl/lib/cortex-m33/hard-float/no-interrupts/libnrf_cc310_bl_0.9.12.a
                0x0000000000000004                _region_min_align = 0x4

.rel.plt        0x0000000000000000        0x0
 *(SORT_BY_ALIGNMENT(.rel.plt))
                [!provide]                        PROVIDE (__rel_iplt_start = .)
 *(SORT_BY_ALIGNMENT(.rel.iplt))
 .rel.iplt      0x0000000000000000        0x0 zephyr/CMakeFiles/zephyr_final.dir/isr_tables.c.obj
                [!provide]                        PROVIDE (__rel_iplt_end = .)

.rela.plt       0x0000000000000000        0x0
 *(SORT_BY_ALIGNMENT(.rela.plt))
                [!provide]                        PROVIDE (__rela_iplt_start = .)
 *(SORT_BY_ALIGNMENT(.rela.iplt))
                [!provide]                        PROVIDE (__rela_iplt_end = .)

.rel.dyn
 *(SORT_BY_ALIGNMENT(.rel.*))

.rela.dyn
 *(SORT_BY_ALIGNMENT(.rela.*))

/DISCARD/
 *(SORT_BY_ALIGNMENT(.plt))

/DISCARD/
 *(SORT_BY_ALIGNMENT(.iplt))
                0x0000000000000000                __rom_region_start = 0x0

rom_start       0x0000000000000000      0x144
                0x0000000000000000                __rom_start_address = .
 FILL mask 0x00
                0x0000000000000000                . = (. + (0x0 - (. - __rom_start_address)))
                0x0000000000000000                . = ALIGN (0x4)
                0x0000000000000000                . = ALIGN (0x80)
                0x0000000000000000                . = ALIGN (0x200)
                0x0000000000000000                _vector_start = .
 *(SORT_BY_ALIGNMENT(.exc_vector_table))
 *(SORT_BY_ALIGNMENT(.exc_vector_table.*))
 .exc_vector_table._vector_table_section
                0x0000000000000000       0x40 zephyr/arch/arch/arm/core/cortex_m/libarch__arm__core__cortex_m.a(vector_table.S.obj)
                0x0000000000000000                _vector_table
 *(SORT_BY_ALIGNMENT(.vectors))
                0x0000000000000144                _vector_end = .
                0x0000000000000040                . = ALIGN (0x4)
 *(SORT_BY_ALIGNMENT(.gnu.linkonce.irq_vector_table*))
 .gnu.linkonce.irq_vector_table
                0x0000000000000040      0x104 zephyr/CMakeFiles/zephyr_final.dir/isr_tables.c.obj
                0x0000000000000040                _irq_vector_table
                0x0000000000000144                _vector_end = .

text            0x0000000000000144     0x6b3c
                0x0000000000000144                __text_region_start = .
 *(SORT_BY_ALIGNMENT(.text))
 .text          0x0000000000000144       0x30 c:/ncs/toolchains/ce3b5ff664/opt/zephyr-sdk/arm-zephyr-eabi/bin/../lib/gcc/arm-zephyr-eabi/12.2.0/thumb/v8-m.main+fp/hard\libgcc.a(_aeabi_uldivmod.o)
                0x0000000000000144                __aeabi_uldivmod
 .text          0x0000000000000174        0x4 c:/ncs/toolchains/ce3b5ff664/opt/zephyr-sdk/arm-zephyr-eabi/bin/../lib/gcc/arm-zephyr-eabi/12.2.0/thumb/v8-m.main+fp/hard\libgcc.a(_dvmd_tls.o)
                0x0000000000000174                __aeabi_idiv0
                0x0000000000000174                __aeabi_ldiv0
 .text          0x0000000000000178      0x29c c:/ncs/toolchains/ce3b5ff664/opt/zephyr-sdk/arm-zephyr-eabi/bin/../lib/gcc/arm-zephyr-eabi/12.2.0/thumb/v8-m.main+fp/hard\libgcc.a(_udivmoddi4.o)
                0x0000000000000178                __udivmoddi4
 *(SORT_BY_ALIGNMENT(.text.*))
 .text.main     0x0000000000000414       0xf8 app/libapp.a(main.c.obj)
                0x0000000000000414                main
 .text.flash_device_base
                0x000000000000050c       0x20 app/libapp.a(flash_map_extended.c.obj)
                0x000000000000050c                flash_device_base
 .text.flash_area_id_from_multi_image_slot
                0x000000000000052c       0x24 app/libapp.a(flash_map_extended.c.obj)
                0x000000000000052c                flash_area_id_from_multi_image_slot
 .text.bootutil_img_validate
                0x0000000000000550      0x258 app/libapp.a(image_validate.c.obj)
                0x0000000000000550                bootutil_img_validate
 .text.bootutil_verify_sig
                0x00000000000007a8      0x104 app/libapp.a(image_ecdsa.c.obj)
                0x00000000000007a8                bootutil_verify_sig
 .text.boot_fih_memequal
                0x00000000000008ac       0x30 app/libapp.a(bootutil_misc.c.obj)
                0x00000000000008ac                boot_fih_memequal
 .text.boot_status_entries
                0x00000000000008dc       0x2c app/libapp.a(bootutil_misc.c.obj)
                0x00000000000008dc                boot_status_entries
 .text.boot_find_status
                0x0000000000000908       0x48 app/libapp.a(bootutil_misc.c.obj)
                0x0000000000000908                boot_find_status
 .text.bootutil_max_image_size
                0x0000000000000950       0x2c app/libapp.a(bootutil_misc.c.obj)
                0x0000000000000950                bootutil_max_image_size
 .text.fih_cfi_get_and_increment
                0x000000000000097c       0x10 app/libapp.a(fault_injection_hardening.c.obj)
                0x000000000000097c                fih_cfi_get_and_increment
 .text.fih_cfi_decrement
                0x000000000000098c       0x10 app/libapp.a(fault_injection_hardening.c.obj)
                0x000000000000098c                fih_cfi_decrement
 .text.fih_cfi_validate
                0x000000000000099c       0x14 app/libapp.a(fault_injection_hardening.c.obj)
                0x000000000000099c                fih_cfi_validate
 .text.boot_validate_slot.isra.0
                0x00000000000009b0      0x12c app/libapp.a(loader.c.obj)
 .text.boot_swap_image.isra.0
                0x0000000000000adc       0x88 app/libapp.a(loader.c.obj)
 .text.boot_copy_region
                0x0000000000000b64       0x84 app/libapp.a(loader.c.obj)
                0x0000000000000b64                boot_copy_region
 .text.context_boot_go
                0x0000000000000be8      0x2e0 app/libapp.a(loader.c.obj)
                0x0000000000000be8                context_boot_go
 .text.boot_go  0x0000000000000ec8       0x34 app/libapp.a(loader.c.obj)
                0x0000000000000ec8                boot_go
 .text.swap_set_copy_done
                0x0000000000000efc       0x2c app/libapp.a(swap_misc.c.obj)
                0x0000000000000efc                swap_set_copy_done
 .text.swap_set_image_ok
                0x0000000000000f28       0x44 app/libapp.a(swap_misc.c.obj)
                0x0000000000000f28                swap_set_image_ok
 .text.boot_read_image_header
                0x0000000000000f6c       0xcc app/libapp.a(swap_move.c.obj)
                0x0000000000000f6c                boot_read_image_header
 .text.swap_read_status_bytes
                0x0000000000001038       0xc8 app/libapp.a(swap_move.c.obj)
                0x0000000000001038                swap_read_status_bytes
 .text.boot_slots_compatible
                0x0000000000001100       0x78 app/libapp.a(swap_move.c.obj)
                0x0000000000001100                boot_slots_compatible
 .text.swap_status_source
                0x0000000000001178       0xcc app/libapp.a(swap_move.c.obj)
                0x0000000000001178                swap_status_source
 .text.fixup_revert
                0x0000000000001244       0x98 app/libapp.a(swap_move.c.obj)
                0x0000000000001244                fixup_revert
 .text.swap_run
                0x00000000000012dc      0x1f0 app/libapp.a(swap_move.c.obj)
                0x00000000000012dc                swap_run
 .text.mbedtls_platform_zeroize
                0x00000000000014cc       0x14 app/libapp.a(platform_util.c.obj)
                0x00000000000014cc                mbedtls_platform_zeroize
 .text.cc310_init
                0x00000000000014e0       0x30 app/libapp.a(cc310_glue.c.obj)
                0x00000000000014e0                cc310_init
 .text.cc310_ecdsa_verify_secp256r1
                0x0000000000001510       0x3c app/libapp.a(cc310_glue.c.obj)
                0x0000000000001510                cc310_ecdsa_verify_secp256r1
 .text.cleanup_arm_nvic
                0x000000000000154c       0x38 app/libapp.a(arm_cleanup.c.obj)
                0x000000000000154c                cleanup_arm_nvic
 .text.z_arm_clear_arm_mpu_config
                0x0000000000001584       0x24 app/libapp.a(arm_cleanup.c.obj)
                0x0000000000001584                z_arm_clear_arm_mpu_config
 .text.nrf_cleanup_peripheral
                0x00000000000015a8       0x9c app/libapp.a(nrf_cleanup.c.obj)
                0x00000000000015a8                nrf_cleanup_peripheral
 .text.char_out
                0x0000000000001644        0xc zephyr/libzephyr.a(printk.c.obj)
 .text.vprintk  0x0000000000001650       0x1c zephyr/libzephyr.a(printk.c.obj)
                0x0000000000001650                vprintk
 .text.__printk_hook_install
                0x000000000000166c        0xc zephyr/libzephyr.a(printk.c.obj)
                0x000000000000166c                __printk_hook_install
 .text.z_cbvprintf_impl
                0x0000000000001678      0x444 zephyr/libzephyr.a(cbprintf_nano.c.obj)
                0x0000000000001678                z_cbvprintf_impl
 .text.process_event
                0x0000000000001abc      0x21c zephyr/libzephyr.a(onoff.c.obj)
 .text.flash_area_open
                0x0000000000001cd8       0x50 zephyr/libzephyr.a(flash_map.c.obj)
                0x0000000000001cd8                flash_area_open
 .text.flash_area_get_sectors
                0x0000000000001d28       0x60 zephyr/libzephyr.a(flash_map_layout.c.obj)
                0x0000000000001d28                flash_area_get_sectors
 .text.boot_banner
                0x0000000000001d88       0x24 zephyr/libzephyr.a(banner.c.obj)
                0x0000000000001d88                boot_banner
 .text.nrf_cc3xx_platform_abort_init
                0x0000000000001dac        0xc zephyr/libzephyr.a(nrf_cc3xx_platform_abort_zephyr.c.obj)
                0x0000000000001dac                nrf_cc3xx_platform_abort_init
 .text.z_SysNmiOnReset
                0x0000000000001db8        0x8 zephyr/arch/arch/arm/core/libarch__arm__core.a(nmi_on_reset.S.obj)
                0x0000000000001db8                z_SysNmiOnReset
 .text.usage_fault.constprop.0
                0x0000000000001dc0       0x5c zephyr/arch/arch/arm/core/cortex_m/libarch__arm__core__cortex_m.a(fault.c.obj)
 .text.bus_fault.constprop.0
                0x0000000000001e1c       0x6c zephyr/arch/arch/arm/core/cortex_m/libarch__arm__core__cortex_m.a(fault.c.obj)
 .text.mem_manage_fault.constprop.0
                0x0000000000001e88       0x78 zephyr/arch/arch/arm/core/cortex_m/libarch__arm__core__cortex_m.a(fault.c.obj)
 .text.z_arm_fault
                0x0000000000001f00      0x118 zephyr/arch/arch/arm/core/cortex_m/libarch__arm__core__cortex_m.a(fault.c.obj)
                0x0000000000001f00                z_arm_fault
 .text.z_arm_fault_init
                0x0000000000002018       0x18 zephyr/arch/arch/arm/core/cortex_m/libarch__arm__core__cortex_m.a(fault.c.obj)
                0x0000000000002018                z_arm_fault_init
 .text.__fault  0x0000000000002030       0x14 zephyr/arch/arch/arm/core/cortex_m/libarch__arm__core__cortex_m.a(fault_s.S.obj)
                0x0000000000002030                z_arm_usage_fault
                0x0000000000002030                z_arm_mpu_fault
                0x0000000000002030                z_arm_exc_spurious
                0x0000000000002030                z_arm_debug_monitor
                0x0000000000002030                z_arm_hard_fault
                0x0000000000002030                z_arm_bus_fault
 .text._reset_section
                0x0000000000002044       0x60 zephyr/arch/arch/arm/core/cortex_m/libarch__arm__core__cortex_m.a(reset.S.obj)
                0x0000000000002044                __start
                0x0000000000002044                z_arm_reset
 .text.z_arm_init_arch_hw_at_boot
                0x00000000000020a4       0x44 zephyr/arch/arch/arm/core/cortex_m/libarch__arm__core__cortex_m.a(scb.c.obj)
                0x00000000000020a4                z_arm_init_arch_hw_at_boot
 .text.z_arm_svc
                0x00000000000020e8       0x20 zephyr/arch/arch/arm/core/cortex_m/libarch__arm__core__cortex_m.a(swap_helper.S.obj)
                0x00000000000020e8                z_arm_svc
 .text.arch_irq_enable
                0x0000000000002108       0x1c zephyr/arch/arch/arm/core/cortex_m/libarch__arm__core__cortex_m.a(irq_manage.c.obj)
                0x0000000000002108                arch_irq_enable
 .text.arch_irq_disable
                0x0000000000002124       0x28 zephyr/arch/arch/arm/core/cortex_m/libarch__arm__core__cortex_m.a(irq_manage.c.obj)
                0x0000000000002124                arch_irq_disable
 .text.arch_irq_is_enabled
                0x000000000000214c       0x1c zephyr/arch/arch/arm/core/cortex_m/libarch__arm__core__cortex_m.a(irq_manage.c.obj)
                0x000000000000214c                arch_irq_is_enabled
 .text.z_arm_irq_priority_set
                0x0000000000002168       0x2c zephyr/arch/arch/arm/core/cortex_m/libarch__arm__core__cortex_m.a(irq_manage.c.obj)
                0x0000000000002168                z_arm_irq_priority_set
 .text.z_prep_c
                0x0000000000002194       0x5c zephyr/arch/arch/arm/core/cortex_m/libarch__arm__core__cortex_m.a(prep_c.c.obj)
                0x0000000000002194                z_prep_c
 .text.z_arm_switch_to_main_no_multithreading
                0x00000000000021f0       0x48 zephyr/arch/arch/arm/core/cortex_m/libarch__arm__core__cortex_m.a(thread.c.obj)
                0x00000000000021f0                z_arm_switch_to_main_no_multithreading
 .text.z_arm_cpu_idle_init
                0x0000000000002238        0xc zephyr/arch/arch/arm/core/cortex_m/libarch__arm__core__cortex_m.a(cpu_idle.c.obj)
                0x0000000000002238                z_arm_cpu_idle_init
 .text.z_arm_interrupt_init
                0x0000000000002244       0x18 zephyr/arch/arch/arm/core/cortex_m/libarch__arm__core__cortex_m.a(irq_init.c.obj)
                0x0000000000002244                z_arm_interrupt_init
 .text._isr_wrapper
                0x000000000000225c       0x24 zephyr/arch/arch/arm/core/cortex_m/libarch__arm__core__cortex_m.a(isr_wrapper.c.obj)
                0x000000000000225c                _isr_wrapper
 .text.__stdout_hook_install
                0x0000000000002280        0xc zephyr/lib/libc/minimal/liblib__libc__minimal.a(stdout_console.c.obj)
                0x0000000000002280                __stdout_hook_install
 .text.nordicsemi_nrf91_init
                0x000000000000228c       0x10 zephyr/soc/soc/nrf9160/libsoc__nordic.a(soc.c.obj)
 .text.arch_busy_wait
                0x000000000000229c       0x14 zephyr/soc/soc/nrf9160/libsoc__nordic.a(soc.c.obj)
                0x000000000000229c                arch_busy_wait
 .text.onoff_stop
                0x00000000000022b0       0x30 zephyr/drivers/clock_control/libdrivers__clock_control.a(clock_control_nrf.c.obj)
 .text.onoff_start
                0x00000000000022e0       0x44 zephyr/drivers/clock_control/libdrivers__clock_control.a(clock_control_nrf.c.obj)
 .text.generic_hfclk_stop
                0x0000000000002324       0x34 zephyr/drivers/clock_control/libdrivers__clock_control.a(clock_control_nrf.c.obj)
 .text.clk_init
                0x0000000000002358       0x58 zephyr/drivers/clock_control/libdrivers__clock_control.a(clock_control_nrf.c.obj)
 .text.clkstarted_handle.constprop.0
                0x00000000000023b0       0x4c zephyr/drivers/clock_control/libdrivers__clock_control.a(clock_control_nrf.c.obj)
 .text.generic_hfclk_start
                0x00000000000023fc       0x7c zephyr/drivers/clock_control/libdrivers__clock_control.a(clock_control_nrf.c.obj)
 .text.clock_event_handler
                0x0000000000002478       0x1c zephyr/drivers/clock_control/libdrivers__clock_control.a(clock_control_nrf.c.obj)
 .text.z_nrf_clock_control_lf_on
                0x0000000000002494       0xf0 zephyr/drivers/clock_control/libdrivers__clock_control.a(clock_control_nrf.c.obj)
                0x0000000000002494                z_nrf_clock_control_lf_on
 .text.uart_console_init
                0x0000000000002584       0x28 zephyr/drivers/console/libdrivers__console.a(uart_console.c.obj)
 .text.console_out
                0x00000000000025ac       0x28 zephyr/drivers/console/libdrivers__console.a(uart_console.c.obj)
 .text.flash_nrf_pages_layout
                0x00000000000025d4       0x10 zephyr/drivers/flash/libdrivers__flash.a(soc_flash_nrf.c.obj)
 .text.flash_nrf_get_parameters
                0x00000000000025e4        0x8 zephyr/drivers/flash/libdrivers__flash.a(soc_flash_nrf.c.obj)
 .text.nrf_flash_init
                0x00000000000025ec       0x18 zephyr/drivers/flash/libdrivers__flash.a(soc_flash_nrf.c.obj)
 .text.flash_nrf_write
                0x0000000000002604       0x4c zephyr/drivers/flash/libdrivers__flash.a(soc_flash_nrf.c.obj)
 .text.gpio_nrfx_init
                0x0000000000002650       0x48 zephyr/drivers/gpio/libdrivers__gpio.a(gpio_nrfx.c.obj)
 .text.nrfx_gpio_handler
                0x0000000000002698       0x3c zephyr/drivers/gpio/libdrivers__gpio.a(gpio_nrfx.c.obj)
 .text.gpio_nrfx_pin_configure
                0x00000000000026d4      0x180 zephyr/drivers/gpio/libdrivers__gpio.a(gpio_nrfx.c.obj)
 .text.gpio_nrfx_pin_interrupt_configure
                0x0000000000002854       0xf4 zephyr/drivers/gpio/libdrivers__gpio.a(gpio_nrfx.c.obj)
 .text.pinctrl_configure_pins
                0x0000000000002948      0x17c zephyr/drivers/pinctrl/libdrivers__pinctrl.a(pinctrl_nrf.c.obj)
                0x0000000000002948                pinctrl_configure_pins
 .text.uarte_nrfx_poll_out
                0x0000000000002ac4       0xc4 zephyr/drivers/serial/libdrivers__serial.a(uart_nrfx_uarte.c.obj)
 .text.uarte_instance_init.constprop.0
                0x0000000000002b88      0x24c zephyr/drivers/serial/libdrivers__serial.a(uart_nrfx_uarte.c.obj)
 .text.compare_int_lock
                0x0000000000002dd4       0x40 zephyr/drivers/timer/libdrivers__timer.a(nrf_rtc_timer.c.obj)
 .text.sys_clock_timeout_handler
                0x0000000000002e14       0x48 zephyr/drivers/timer/libdrivers__timer.a(nrf_rtc_timer.c.obj)
 .text.compare_int_unlock
                0x0000000000002e5c       0x4c zephyr/drivers/timer/libdrivers__timer.a(nrf_rtc_timer.c.obj)
 .text.z_nrf_rtc_timer_read
                0x0000000000002ea8       0x44 zephyr/drivers/timer/libdrivers__timer.a(nrf_rtc_timer.c.obj)
                0x0000000000002ea8                z_nrf_rtc_timer_read
 .text.compare_set
                0x0000000000002eec      0x124 zephyr/drivers/timer/libdrivers__timer.a(nrf_rtc_timer.c.obj)
 .text.sys_clock_driver_init
                0x0000000000003010       0x90 zephyr/drivers/timer/libdrivers__timer.a(nrf_rtc_timer.c.obj)
 .text.rtc_nrf_isr
                0x00000000000030a0       0xd0 zephyr/drivers/timer/libdrivers__timer.a(nrf_rtc_timer.c.obj)
                0x00000000000030a0                rtc_nrf_isr
 .text.sys_clock_set_timeout
                0x0000000000003170       0x5c zephyr/drivers/timer/libdrivers__timer.a(nrf_rtc_timer.c.obj)
                0x0000000000003170                sys_clock_set_timeout
 .text.sys_clock_elapsed
                0x00000000000031cc       0x14 zephyr/drivers/timer/libdrivers__timer.a(nrf_rtc_timer.c.obj)
                0x00000000000031cc                sys_clock_elapsed
 .text.sys_clock_disable
                0x00000000000031e0       0x30 zephyr/drivers/timer/libdrivers__timer.a(nrf_rtc_timer.c.obj)
                0x00000000000031e0                sys_clock_disable
 .text.fprotect_area
                0x0000000000003210       0x3c modules/nrf/lib/fprotect/lib..__nrf__lib__fprotect.a(fprotect_spu.c.obj)
                0x0000000000003210                fprotect_area
 .text.boot_write_magic
                0x000000000000324c       0x40 modules/mcuboot/boot/bootutil/zephyr/libmcuboot_util.a(bootutil_public.c.obj)
                0x000000000000324c                boot_write_magic
 .text.boot_read_swap_state
                0x000000000000328c       0xac modules/mcuboot/boot/bootutil/zephyr/libmcuboot_util.a(bootutil_public.c.obj)
                0x000000000000328c                boot_read_swap_state
 .text.boot_swap_type_multi
                0x0000000000003338      0x100 modules/mcuboot/boot/bootutil/zephyr/libmcuboot_util.a(bootutil_public.c.obj)
                0x0000000000003338                boot_swap_type_multi
 .text.uicr_HFXOCNT_erased
                0x0000000000003438       0x40 modules/hal_nordic/nrfx/libmodules__hal_nordic__nrfx.a(system_nrf91.c.obj)
 .text.uicr_HFXOSRC_erased
                0x0000000000003478       0x3c modules/hal_nordic/nrfx/libmodules__hal_nordic__nrfx.a(system_nrf91.c.obj)
 .text.SystemInit
                0x00000000000034b4      0x180 modules/hal_nordic/nrfx/libmodules__hal_nordic__nrfx.a(system_nrf91.c.obj)
                0x00000000000034b4                SystemInit
 .text.nrfx_flag32_alloc
                0x0000000000003634       0x40 modules/hal_nordic/nrfx/libmodules__hal_nordic__nrfx.a(nrfx_flag32_allocator.c.obj)
                0x0000000000003634                nrfx_flag32_alloc
 .text.nrfx_flag32_free
                0x0000000000003674       0x38 modules/hal_nordic/nrfx/libmodules__hal_nordic__nrfx.a(nrfx_flag32_allocator.c.obj)
                0x0000000000003674                nrfx_flag32_free
 .text.nrfx_gppi_channels_enable
                0x00000000000036ac        0xc modules/hal_nordic/nrfx/libmodules__hal_nordic__nrfx.a(nrfx_gppi_dppi.c.obj)
                0x00000000000036ac                nrfx_gppi_channels_enable
 .text.nrfx_clock_init
                0x00000000000036b8       0x20 modules/hal_nordic/nrfx/libmodules__hal_nordic__nrfx.a(nrfx_clock.c.obj)
                0x00000000000036b8                nrfx_clock_init
 .text.nrfx_clock_enable
                0x00000000000036d8       0x28 modules/hal_nordic/nrfx/libmodules__hal_nordic__nrfx.a(nrfx_clock.c.obj)
                0x00000000000036d8                nrfx_clock_enable
 .text.nrfx_clock_start
                0x0000000000003700       0xb0 modules/hal_nordic/nrfx/libmodules__hal_nordic__nrfx.a(nrfx_clock.c.obj)
                0x0000000000003700                nrfx_clock_start
 .text.nrfx_power_clock_irq_handler
                0x00000000000037b0       0x64 modules/hal_nordic/nrfx/libmodules__hal_nordic__nrfx.a(nrfx_clock.c.obj)
                0x00000000000037b0                nrfx_power_clock_irq_handler
 .text.nrfx_dppi_channel_alloc
                0x0000000000003814        0xc modules/hal_nordic/nrfx/libmodules__hal_nordic__nrfx.a(nrfx_dppi.c.obj)
                0x0000000000003814                nrfx_dppi_channel_alloc
 .text.nrf_gpio_pin_port_decode
                0x0000000000003820       0x18 modules/hal_nordic/nrfx/libmodules__hal_nordic__nrfx.a(nrfx_gpiote.c.obj)
 .text.call_handler.constprop.0
                0x0000000000003838       0x3c modules/hal_nordic/nrfx/libmodules__hal_nordic__nrfx.a(nrfx_gpiote.c.obj)
 .text.latch_pending_read_and_check
                0x0000000000003874       0x1c modules/hal_nordic/nrfx/libmodules__hal_nordic__nrfx.a(nrfx_gpiote.c.obj)
 .text.release_handler.isra.0
                0x0000000000003890       0x58 modules/hal_nordic/nrfx/libmodules__hal_nordic__nrfx.a(nrfx_gpiote.c.obj)
 .text.__nrfy_internal_gpiote_events_process.constprop.0
                0x00000000000038e8       0x5c modules/hal_nordic/nrfx/libmodules__hal_nordic__nrfx.a(nrfx_gpiote.c.obj)
 .text.pin_trigger_disable
                0x0000000000003944       0x40 modules/hal_nordic/nrfx/libmodules__hal_nordic__nrfx.a(nrfx_gpiote.c.obj)
 .text.pin_uninit
                0x0000000000003984       0x78 modules/hal_nordic/nrfx/libmodules__hal_nordic__nrfx.a(nrfx_gpiote.c.obj)
 .text.nrfx_gpiote_input_configure
                0x00000000000039fc      0x15c modules/hal_nordic/nrfx/libmodules__hal_nordic__nrfx.a(nrfx_gpiote.c.obj)
                0x00000000000039fc                nrfx_gpiote_input_configure
 .text.nrfx_gpiote_output_configure
                0x0000000000003b58       0xf0 modules/hal_nordic/nrfx/libmodules__hal_nordic__nrfx.a(nrfx_gpiote.c.obj)
                0x0000000000003b58                nrfx_gpiote_output_configure
 .text.nrfx_gpiote_global_callback_set
                0x0000000000003c48        0xc modules/hal_nordic/nrfx/libmodules__hal_nordic__nrfx.a(nrfx_gpiote.c.obj)
                0x0000000000003c48                nrfx_gpiote_global_callback_set
 .text.nrfx_gpiote_channel_get
                0x0000000000003c54       0x24 modules/hal_nordic/nrfx/libmodules__hal_nordic__nrfx.a(nrfx_gpiote.c.obj)
                0x0000000000003c54                nrfx_gpiote_channel_get
 .text.nrfx_gpiote_init
                0x0000000000003c78       0x64 modules/hal_nordic/nrfx/libmodules__hal_nordic__nrfx.a(nrfx_gpiote.c.obj)
                0x0000000000003c78                nrfx_gpiote_init
 .text.nrfx_gpiote_init_check
                0x0000000000003cdc       0x14 modules/hal_nordic/nrfx/libmodules__hal_nordic__nrfx.a(nrfx_gpiote.c.obj)
                0x0000000000003cdc                nrfx_gpiote_init_check
 .text.nrfx_gpiote_channel_free
                0x0000000000003cf0        0xc modules/hal_nordic/nrfx/libmodules__hal_nordic__nrfx.a(nrfx_gpiote.c.obj)
                0x0000000000003cf0                nrfx_gpiote_channel_free
 .text.nrfx_gpiote_channel_alloc
                0x0000000000003cfc        0xc modules/hal_nordic/nrfx/libmodules__hal_nordic__nrfx.a(nrfx_gpiote.c.obj)
                0x0000000000003cfc                nrfx_gpiote_channel_alloc
 .text.nrfx_gpiote_trigger_enable
                0x0000000000003d08       0x94 modules/hal_nordic/nrfx/libmodules__hal_nordic__nrfx.a(nrfx_gpiote.c.obj)
                0x0000000000003d08                nrfx_gpiote_trigger_enable
 .text.nrfx_gpiote_0_irq_handler
                0x0000000000003d9c      0x15c modules/hal_nordic/nrfx/libmodules__hal_nordic__nrfx.a(nrfx_gpiote.c.obj)
                0x0000000000003d9c                nrfx_gpiote_0_irq_handler
 .text.nvmc_readonly_mode_set
                0x0000000000003ef8       0x14 modules/hal_nordic/nrfx/libmodules__hal_nordic__nrfx.a(nrfx_nvmc.c.obj)
 .text.nvmc_word_write
                0x0000000000003f0c       0x18 modules/hal_nordic/nrfx/libmodules__hal_nordic__nrfx.a(nrfx_nvmc.c.obj)
 .text.nrfx_nvmc_page_erase
                0x0000000000003f24       0x3c modules/hal_nordic/nrfx/libmodules__hal_nordic__nrfx.a(nrfx_nvmc.c.obj)
                0x0000000000003f24                nrfx_nvmc_page_erase
 .text.nrfx_nvmc_word_write
                0x0000000000003f60       0x20 modules/hal_nordic/nrfx/libmodules__hal_nordic__nrfx.a(nrfx_nvmc.c.obj)
                0x0000000000003f60                nrfx_nvmc_word_write
 .text.z_sys_init_run_level
                0x0000000000003f80       0x2c zephyr/kernel/libkernel.a(init.c.obj)
 .text.bg_thread_main
                0x0000000000003fac       0x30 zephyr/kernel/libkernel.a(init.c.obj)
 .text.z_bss_zero
                0x0000000000003fdc       0x18 zephyr/kernel/libkernel.a(init.c.obj)
                0x0000000000003fdc                z_bss_zero
 .text.z_cstart
                0x0000000000003ff4       0x70 zephyr/kernel/libkernel.a(init.c.obj)
                0x0000000000003ff4                z_cstart
 .text.z_data_copy
                0x0000000000004064       0x34 zephyr/kernel/libkernel.a(xip.c.obj)
                0x0000000000004064                z_data_copy
 .text.elapsed  0x0000000000004098       0x14 zephyr/kernel/libkernel.a(timeout.c.obj)
 .text.remove_timeout
                0x00000000000040ac       0x38 zephyr/kernel/libkernel.a(timeout.c.obj)
 .text.next_timeout
                0x00000000000040e4       0x40 zephyr/kernel/libkernel.a(timeout.c.obj)
 .text.sys_clock_announce
                0x0000000000004124       0xcc zephyr/kernel/libkernel.a(timeout.c.obj)
                0x0000000000004124                sys_clock_announce
 .text.nrf_cc3xx_platform_init_no_rng
                0x00000000000041f0       0x38 C:/Users/Jin/Documents/GitHub/ese518_Cellular_test/nrfxlib/crypto/nrf_cc310_platform/lib/cortex-m33/hard-float/no-interrupts/libnrf_cc310_platform_0.9.19.a(nrf_cc3xx_platform.c.obj)
                0x00000000000041f0                nrf_cc3xx_platform_init_no_rng
 .text.nrf_cc3xx_platform_abort
                0x0000000000004228       0x24 C:/Users/Jin/Documents/GitHub/ese518_Cellular_test/nrfxlib/crypto/nrf_cc310_platform/lib/cortex-m33/hard-float/no-interrupts/libnrf_cc310_platform_0.9.19.a(nrf_cc3xx_platform_abort.c.obj)
 .text.CC_PalAbort
                0x000000000000424c       0x34 C:/Users/Jin/Documents/GitHub/ese518_Cellular_test/nrfxlib/crypto/nrf_cc310_platform/lib/cortex-m33/hard-float/no-interrupts/libnrf_cc310_platform_0.9.19.a(nrf_cc3xx_platform_abort.c.obj)
                0x000000000000424c                CC_PalAbort
 .text.nrf_cc3xx_platform_set_abort
                0x0000000000004280       0x10 C:/Users/Jin/Documents/GitHub/ese518_Cellular_test/nrfxlib/crypto/nrf_cc310_platform/lib/cortex-m33/hard-float/no-interrupts/libnrf_cc310_platform_0.9.19.a(nrf_cc3xx_platform_abort.c.obj)
                0x0000000000004280                nrf_cc3xx_platform_set_abort
 .text.CC_LibInitNoRng
                0x0000000000004290       0x64 C:/Users/Jin/Documents/GitHub/ese518_Cellular_test/nrfxlib/crypto/nrf_cc310_platform/lib/cortex-m33/hard-float/no-interrupts/libnrf_cc310_platform_0.9.19.a(cc_lib.c.obj)
                0x0000000000004290                CC_LibInitNoRng
 .text.CC_HalInit
                0x00000000000042f4        0x4 C:/Users/Jin/Documents/GitHub/ese518_Cellular_test/nrfxlib/crypto/nrf_cc310_platform/lib/cortex-m33/hard-float/no-interrupts/libnrf_cc310_platform_0.9.19.a(cc_hal.c.obj)
                0x00000000000042f4                CC_HalInit
 .text.CC_HalTerminate
                0x00000000000042f8        0x4 C:/Users/Jin/Documents/GitHub/ese518_Cellular_test/nrfxlib/crypto/nrf_cc310_platform/lib/cortex-m33/hard-float/no-interrupts/libnrf_cc310_platform_0.9.19.a(cc_hal.c.obj)
                0x00000000000042f8                CC_HalTerminate
 .text.CC_HalMaskInterrupt
                0x00000000000042fc        0xc C:/Users/Jin/Documents/GitHub/ese518_Cellular_test/nrfxlib/crypto/nrf_cc310_platform/lib/cortex-m33/hard-float/no-interrupts/libnrf_cc310_platform_0.9.19.a(cc_hal.c.obj)
                0x00000000000042fc                CC_HalMaskInterrupt
 .text.CC_PalInit
                0x0000000000004308       0x5c C:/Users/Jin/Documents/GitHub/ese518_Cellular_test/nrfxlib/crypto/nrf_cc310_platform/lib/cortex-m33/hard-float/no-interrupts/libnrf_cc310_platform_0.9.19.a(cc_pal.c.obj)
                0x0000000000004308                CC_PalInit
 .text.CC_PalTerminate
                0x0000000000004364       0x34 C:/Users/Jin/Documents/GitHub/ese518_Cellular_test/nrfxlib/crypto/nrf_cc310_platform/lib/cortex-m33/hard-float/no-interrupts/libnrf_cc310_platform_0.9.19.a(cc_pal.c.obj)
                0x0000000000004364                CC_PalTerminate
 .text.CC_PalDmaInit
                0x0000000000004398        0x4 C:/Users/Jin/Documents/GitHub/ese518_Cellular_test/nrfxlib/crypto/nrf_cc310_platform/lib/cortex-m33/hard-float/no-interrupts/libnrf_cc310_platform_0.9.19.a(cc_pal_dma.c.obj)
                0x0000000000004398                CC_PalDmaInit
 .text.CC_PalDmaTerminate
                0x000000000000439c        0x4 C:/Users/Jin/Documents/GitHub/ese518_Cellular_test/nrfxlib/crypto/nrf_cc310_platform/lib/cortex-m33/hard-float/no-interrupts/libnrf_cc310_platform_0.9.19.a(cc_pal_dma.c.obj)
                0x000000000000439c                CC_PalDmaTerminate
 .text.CC_PalMutexCreate
                0x00000000000043a0       0x14 C:/Users/Jin/Documents/GitHub/ese518_Cellular_test/nrfxlib/crypto/nrf_cc310_platform/lib/cortex-m33/hard-float/no-interrupts/libnrf_cc310_platform_0.9.19.a(cc_pal_mutex.c.obj)
                0x00000000000043a0                CC_PalMutexCreate
 .text.CC_PalMutexDestroy
                0x00000000000043b4       0x14 C:/Users/Jin/Documents/GitHub/ese518_Cellular_test/nrfxlib/crypto/nrf_cc310_platform/lib/cortex-m33/hard-float/no-interrupts/libnrf_cc310_platform_0.9.19.a(cc_pal_mutex.c.obj)
                0x00000000000043b4                CC_PalMutexDestroy
 .text.CC_PalPowerSaveModeInit
                0x00000000000043c8       0x3c C:/Users/Jin/Documents/GitHub/ese518_Cellular_test/nrfxlib/crypto/nrf_cc310_platform/lib/cortex-m33/hard-float/no-interrupts/libnrf_cc310_platform_0.9.19.a(cc_pal_pm.c.obj)
                0x00000000000043c8                CC_PalPowerSaveModeInit
 .text.CC_PalPowerSaveModeSelect
                0x0000000000004404       0x84 C:/Users/Jin/Documents/GitHub/ese518_Cellular_test/nrfxlib/crypto/nrf_cc310_platform/lib/cortex-m33/hard-float/no-interrupts/libnrf_cc310_platform_0.9.19.a(cc_pal_pm.c.obj)
                0x0000000000004404                CC_PalPowerSaveModeSelect
 .text.mutex_free
                0x0000000000004488       0x34 C:/Users/Jin/Documents/GitHub/ese518_Cellular_test/nrfxlib/crypto/nrf_cc310_platform/lib/cortex-m33/hard-float/no-interrupts/libnrf_cc310_platform_0.9.19.a(nrf_cc3xx_platform_mutex.c.obj)
 .text.mutex_lock
                0x00000000000044bc       0x48 C:/Users/Jin/Documents/GitHub/ese518_Cellular_test/nrfxlib/crypto/nrf_cc310_platform/lib/cortex-m33/hard-float/no-interrupts/libnrf_cc310_platform_0.9.19.a(nrf_cc3xx_platform_mutex.c.obj)
 .text.mutex_unlock
                0x0000000000004504       0x38 C:/Users/Jin/Documents/GitHub/ese518_Cellular_test/nrfxlib/crypto/nrf_cc310_platform/lib/cortex-m33/hard-float/no-interrupts/libnrf_cc310_platform_0.9.19.a(nrf_cc3xx_platform_mutex.c.obj)
 .text.mutex_init
                0x000000000000453c       0x20 C:/Users/Jin/Documents/GitHub/ese518_Cellular_test/nrfxlib/crypto/nrf_cc310_platform/lib/cortex-m33/hard-float/no-interrupts/libnrf_cc310_platform_0.9.19.a(nrf_cc3xx_platform_mutex.c.obj)
 .text.verify_context_ecdsa_verify_secp256r1
                0x000000000000455c       0x20 C:/Users/Jin/Documents/GitHub/ese518_Cellular_test/nrfxlib/crypto/nrf_cc310_bl/lib/cortex-m33/hard-float/no-interrupts/libnrf_cc310_bl_0.9.12.a(nrf_cc310_bl_ecdsa_verify_secp256r1.c.obj)
 .text.nrf_cc310_bl_ecdsa_verify_init_secp256r1
                0x000000000000457c       0x4c C:/Users/Jin/Documents/GitHub/ese518_Cellular_test/nrfxlib/crypto/nrf_cc310_bl/lib/cortex-m33/hard-float/no-interrupts/libnrf_cc310_bl_0.9.12.a(nrf_cc310_bl_ecdsa_verify_secp256r1.c.obj)
                0x000000000000457c                nrf_cc310_bl_ecdsa_verify_init_secp256r1
 .text.nrf_cc310_bl_ecdsa_verify_hash_secp256r1
                0x00000000000045c8      0x168 C:/Users/Jin/Documents/GitHub/ese518_Cellular_test/nrfxlib/crypto/nrf_cc310_bl/lib/cortex-m33/hard-float/no-interrupts/libnrf_cc310_bl_0.9.12.a(nrf_cc310_bl_ecdsa_verify_secp256r1.c.obj)
                0x00000000000045c8                nrf_cc310_bl_ecdsa_verify_hash_secp256r1
 .text.set_digest_in_hw_sha256
                0x0000000000004730       0x38 C:/Users/Jin/Documents/GitHub/ese518_Cellular_test/nrfxlib/crypto/nrf_cc310_bl/lib/cortex-m33/hard-float/no-interrupts/libnrf_cc310_bl_0.9.12.a(nrf_cc310_bl_hash_sha256.c.obj)
 .text.read_digest_in_hw_sha256
                0x0000000000004768       0x54 C:/Users/Jin/Documents/GitHub/ese518_Cellular_test/nrfxlib/crypto/nrf_cc310_bl/lib/cortex-m33/hard-float/no-interrupts/libnrf_cc310_bl_0.9.12.a(nrf_cc310_bl_hash_sha256.c.obj)
 .text.verify_context_hash_sha256
                0x00000000000047bc       0x20 C:/Users/Jin/Documents/GitHub/ese518_Cellular_test/nrfxlib/crypto/nrf_cc310_bl/lib/cortex-m33/hard-float/no-interrupts/libnrf_cc310_bl_0.9.12.a(nrf_cc310_bl_hash_sha256.c.obj)
 .text.nrf_cc310_bl_hash_sha256_init
                0x00000000000047dc       0x34 C:/Users/Jin/Documents/GitHub/ese518_Cellular_test/nrfxlib/crypto/nrf_cc310_bl/lib/cortex-m33/hard-float/no-interrupts/libnrf_cc310_bl_0.9.12.a(nrf_cc310_bl_hash_sha256.c.obj)
                0x00000000000047dc                nrf_cc310_bl_hash_sha256_init
 .text.nrf_cc310_bl_hash_sha256_update
                0x0000000000004810       0xb0 C:/Users/Jin/Documents/GitHub/ese518_Cellular_test/nrfxlib/crypto/nrf_cc310_bl/lib/cortex-m33/hard-float/no-interrupts/libnrf_cc310_bl_0.9.12.a(nrf_cc310_bl_hash_sha256.c.obj)
                0x0000000000004810                nrf_cc310_bl_hash_sha256_update
 .text.nrf_cc310_bl_hash_sha256_finalize
                0x00000000000048c0       0x60 C:/Users/Jin/Documents/GitHub/ese518_Cellular_test/nrfxlib/crypto/nrf_cc310_bl/lib/cortex-m33/hard-float/no-interrupts/libnrf_cc310_bl_0.9.12.a(nrf_cc310_bl_hash_sha256.c.obj)
                0x00000000000048c0                nrf_cc310_bl_hash_sha256_finalize
 .text.nrf_cc310_bl_init
                0x0000000000004920       0x34 C:/Users/Jin/Documents/GitHub/ese518_Cellular_test/nrfxlib/crypto/nrf_cc310_bl/lib/cortex-m33/hard-float/no-interrupts/libnrf_cc310_bl_0.9.12.a(nrf_cc310_bl_init.c.obj)
                0x0000000000004920                nrf_cc310_bl_init
 .text.PkaSetRegsMapTab
                0x0000000000004954       0x48 C:/Users/Jin/Documents/GitHub/ese518_Cellular_test/nrfxlib/crypto/nrf_cc310_bl/lib/cortex-m33/hard-float/no-interrupts/libnrf_cc310_bl_0.9.12.a(pka.c.obj)
                0x0000000000004954                PkaSetRegsMapTab
 .text.PkaGetRegEffectiveSizeInBits
                0x000000000000499c       0x8c C:/Users/Jin/Documents/GitHub/ese518_Cellular_test/nrfxlib/crypto/nrf_cc310_bl/lib/cortex-m33/hard-float/no-interrupts/libnrf_cc310_bl_0.9.12.a(pka.c.obj)
                0x000000000000499c                PkaGetRegEffectiveSizeInBits
 .text.PkaGetNextMsBit
                0x0000000000004a28       0x7c C:/Users/Jin/Documents/GitHub/ese518_Cellular_test/nrfxlib/crypto/nrf_cc310_bl/lib/cortex-m33/hard-float/no-interrupts/libnrf_cc310_bl_0.9.12.a(pka.c.obj)
                0x0000000000004a28                PkaGetNextMsBit
 .text.PkaSetRegsSizesTab
                0x0000000000004aa4       0x3c C:/Users/Jin/Documents/GitHub/ese518_Cellular_test/nrfxlib/crypto/nrf_cc310_bl/lib/cortex-m33/hard-float/no-interrupts/libnrf_cc310_bl_0.9.12.a(pka.c.obj)
                0x0000000000004aa4                PkaSetRegsSizesTab
 .text.PkaInitPka
                0x0000000000004ae0       0x74 C:/Users/Jin/Documents/GitHub/ese518_Cellular_test/nrfxlib/crypto/nrf_cc310_bl/lib/cortex-m33/hard-float/no-interrupts/libnrf_cc310_bl_0.9.12.a(pka.c.obj)
                0x0000000000004ae0                PkaInitPka
 .text.PkaClearBlockOfRegs
                0x0000000000004b54      0x134 C:/Users/Jin/Documents/GitHub/ese518_Cellular_test/nrfxlib/crypto/nrf_cc310_bl/lib/cortex-m33/hard-float/no-interrupts/libnrf_cc310_bl_0.9.12.a(pka.c.obj)
                0x0000000000004b54                PkaClearBlockOfRegs
 .text.PkaFinishAndMutexUnlock
                0x0000000000004c88       0x24 C:/Users/Jin/Documents/GitHub/ese518_Cellular_test/nrfxlib/crypto/nrf_cc310_bl/lib/cortex-m33/hard-float/no-interrupts/libnrf_cc310_bl_0.9.12.a(pka.c.obj)
                0x0000000000004c88                PkaFinishAndMutexUnlock
 .text.PkaCopyDataIntoPkaReg
                0x0000000000004cac       0xb8 C:/Users/Jin/Documents/GitHub/ese518_Cellular_test/nrfxlib/crypto/nrf_cc310_bl/lib/cortex-m33/hard-float/no-interrupts/libnrf_cc310_bl_0.9.12.a(pka.c.obj)
                0x0000000000004cac                PkaCopyDataIntoPkaReg
 .text.PkaEcdsaVerify
                0x0000000000004d64      0x284 C:/Users/Jin/Documents/GitHub/ese518_Cellular_test/nrfxlib/crypto/nrf_cc310_bl/lib/cortex-m33/hard-float/no-interrupts/libnrf_cc310_bl_0.9.12.a(pka_ec_wrst_dsa_verify.c.obj)
                0x0000000000004d64                PkaEcdsaVerify
 .text.nrf_cc310_bl_hash_update_internal
                0x0000000000004fe8       0xf0 C:/Users/Jin/Documents/GitHub/ese518_Cellular_test/nrfxlib/crypto/nrf_cc310_bl/lib/cortex-m33/hard-float/no-interrupts/libnrf_cc310_bl_0.9.12.a(nrf_cc310_bl_hash.c.obj)
                0x0000000000004fe8                nrf_cc310_bl_hash_update_internal
 .text.PkaDoubleMdf2Mdf
                0x00000000000050d8      0x1ac C:/Users/Jin/Documents/GitHub/ese518_Cellular_test/nrfxlib/crypto/nrf_cc310_bl/lib/cortex-m33/hard-float/no-interrupts/libnrf_cc310_bl_0.9.12.a(pka_ec_wrst.c.obj)
                0x00000000000050d8                PkaDoubleMdf2Mdf
 .text.PkaDoubleMdf2Jcb
                0x0000000000005284      0x178 C:/Users/Jin/Documents/GitHub/ese518_Cellular_test/nrfxlib/crypto/nrf_cc310_bl/lib/cortex-m33/hard-float/no-interrupts/libnrf_cc310_bl_0.9.12.a(pka_ec_wrst.c.obj)
                0x0000000000005284                PkaDoubleMdf2Jcb
 .text.PkaAddJcbAfn2Mdf
                0x00000000000053fc      0x194 C:/Users/Jin/Documents/GitHub/ese518_Cellular_test/nrfxlib/crypto/nrf_cc310_bl/lib/cortex-m33/hard-float/no-interrupts/libnrf_cc310_bl_0.9.12.a(pka_ec_wrst.c.obj)
                0x00000000000053fc                PkaAddJcbAfn2Mdf
 .text.PkaJcb2Afn
                0x0000000000005590       0xb0 C:/Users/Jin/Documents/GitHub/ese518_Cellular_test/nrfxlib/crypto/nrf_cc310_bl/lib/cortex-m33/hard-float/no-interrupts/libnrf_cc310_bl_0.9.12.a(pka_ec_wrst.c.obj)
                0x0000000000005590                PkaJcb2Afn
 .text.PkaAddAff
                0x0000000000005640      0x114 C:/Users/Jin/Documents/GitHub/ese518_Cellular_test/nrfxlib/crypto/nrf_cc310_bl/lib/cortex-m33/hard-float/no-interrupts/libnrf_cc310_bl_0.9.12.a(pka_ec_wrst.c.obj)
                0x0000000000005640                PkaAddAff
 .text.PkaSum2ScalarMullt
                0x0000000000005754      0x1e4 C:/Users/Jin/Documents/GitHub/ese518_Cellular_test/nrfxlib/crypto/nrf_cc310_bl/lib/cortex-m33/hard-float/no-interrupts/libnrf_cc310_bl_0.9.12.a(pka_ec_wrst.c.obj)
                0x0000000000005754                PkaSum2ScalarMullt
 .text.SaSi_HalClearInterruptBit
                0x0000000000005938        0xc C:/Users/Jin/Documents/GitHub/ese518_Cellular_test/nrfxlib/crypto/nrf_cc310_bl/lib/cortex-m33/hard-float/no-interrupts/libnrf_cc310_bl_0.9.12.a(ssi_hal.c.obj)
                0x0000000000005938                SaSi_HalClearInterruptBit
 .text.SaSi_HalMaskInterrupt
                0x0000000000005944        0xc C:/Users/Jin/Documents/GitHub/ese518_Cellular_test/nrfxlib/crypto/nrf_cc310_bl/lib/cortex-m33/hard-float/no-interrupts/libnrf_cc310_bl_0.9.12.a(ssi_hal.c.obj)
                0x0000000000005944                SaSi_HalMaskInterrupt
 .text.SaSi_HalWaitInterrupt
                0x0000000000005950       0x18 C:/Users/Jin/Documents/GitHub/ese518_Cellular_test/nrfxlib/crypto/nrf_cc310_bl/lib/cortex-m33/hard-float/no-interrupts/libnrf_cc310_bl_0.9.12.a(ssi_hal.c.obj)
                0x0000000000005950                SaSi_HalWaitInterrupt
 .text._OffsetAbsSyms
                0x0000000000005968        0x2 zephyr/CMakeFiles/offsets.dir/./arch/arm/core/offsets/offsets.c.obj
                0x0000000000005968                _OffsetAbsSyms
 .text.flash_area_get_device_id
                0x000000000000596a        0x4 app/libapp.a(flash_map_extended.c.obj)
                0x000000000000596a                flash_area_get_device_id
 .text.flash_area_get_sector
                0x000000000000596e       0x32 app/libapp.a(flash_map_extended.c.obj)
                0x000000000000596e                flash_area_get_sector
 .text.os_heap_init
                0x00000000000059a0        0x2 app/libapp.a(os.c.obj)
                0x00000000000059a0                os_heap_init
 .text.bootutil_tlv_iter_begin
                0x00000000000059a2       0x9c app/libapp.a(tlv.c.obj)
                0x00000000000059a2                bootutil_tlv_iter_begin
 .text.bootutil_tlv_iter_next
                0x0000000000005a3e       0x98 app/libapp.a(tlv.c.obj)
                0x0000000000005a3e                bootutil_tlv_iter_next
 .text.bootutil_tlv_iter_is_prot
                0x0000000000005ad6       0x1c app/libapp.a(tlv.c.obj)
                0x0000000000005ad6                bootutil_tlv_iter_is_prot
 .text.bootutil_read_bigint
                0x0000000000005af2       0x58 app/libapp.a(image_ecdsa.c.obj)
 .text.boot_trailer_sz
                0x0000000000005b4a        0xa app/libapp.a(bootutil_misc.c.obj)
                0x0000000000005b4a                boot_trailer_sz
 .text.boot_status_off
                0x0000000000005b54       0x16 app/libapp.a(bootutil_misc.c.obj)
                0x0000000000005b54                boot_status_off
 .text.boot_read_swap_size
                0x0000000000005b6a       0x1c app/libapp.a(bootutil_misc.c.obj)
                0x0000000000005b6a                boot_read_swap_size
 .text.boot_write_swap_size
                0x0000000000005b86       0x1e app/libapp.a(bootutil_misc.c.obj)
                0x0000000000005b86                boot_write_swap_size
 .text.fih_panic_loop
                0x0000000000005ba4       0x26 app/libapp.a(fault_injection_hardening.c.obj)
                0x0000000000005ba4                fih_panic_loop
 .text.boot_read_image_headers
                0x0000000000005bca       0x2c app/libapp.a(loader.c.obj)
 .text.boot_read_image_size.constprop.0.isra.0
                0x0000000000005bf6       0x82 app/libapp.a(loader.c.obj)
 .text.boot_read_sectors
                0x0000000000005c78       0x42 app/libapp.a(loader.c.obj)
 .text.boot_status_reset
                0x0000000000005cba       0x12 app/libapp.a(loader.c.obj)
                0x0000000000005cba                boot_status_reset
 .text.boot_status_is_reset
                0x0000000000005ccc       0x1a app/libapp.a(loader.c.obj)
                0x0000000000005ccc                boot_status_is_reset
 .text.boot_write_status
                0x0000000000005ce6       0x64 app/libapp.a(loader.c.obj)
                0x0000000000005ce6                boot_write_status
 .text.boot_erase_region
                0x0000000000005d4a        0x4 app/libapp.a(loader.c.obj)
                0x0000000000005d4a                boot_erase_region
 .text.swap_erase_trailer_sectors
                0x0000000000005d4e       0x6c app/libapp.a(swap_misc.c.obj)
                0x0000000000005d4e                swap_erase_trailer_sectors
 .text.swap_status_init
                0x0000000000005dba       0x3e app/libapp.a(swap_misc.c.obj)
                0x0000000000005dba                swap_status_init
 .text.swap_read_status
                0x0000000000005df8       0x7a app/libapp.a(swap_misc.c.obj)
                0x0000000000005df8                swap_read_status
 .text.app_max_sectors
                0x0000000000005e72       0x22 app/libapp.a(swap_move.c.obj)
 .text.find_last_idx
                0x0000000000005e94       0x14 app/libapp.a(swap_move.c.obj)
                0x0000000000005e94                find_last_idx
 .text.boot_status_internal_off
                0x0000000000005ea8       0x26 app/libapp.a(swap_move.c.obj)
                0x0000000000005ea8                boot_status_internal_off
 .text.mbedtls_asn1_get_len
                0x0000000000005ece       0x98 app/libapp.a(asn1parse.c.obj)
                0x0000000000005ece                mbedtls_asn1_get_len
 .text.mbedtls_asn1_get_tag
                0x0000000000005f66       0x28 app/libapp.a(asn1parse.c.obj)
                0x0000000000005f66                mbedtls_asn1_get_tag
 .text.mbedtls_asn1_get_bitstring_null
                0x0000000000005f8e       0x28 app/libapp.a(asn1parse.c.obj)
                0x0000000000005f8e                mbedtls_asn1_get_bitstring_null
 .text.mbedtls_asn1_get_alg
                0x0000000000005fb6       0x94 app/libapp.a(asn1parse.c.obj)
                0x0000000000005fb6                mbedtls_asn1_get_alg
 .text.cc310_sha256_update
                0x000000000000604a       0x36 app/libapp.a(cc310_glue.c.obj)
                0x000000000000604a                cc310_sha256_update
 .text.arch_printk_char_out
                0x0000000000006080        0x4 zephyr/libzephyr.a(printk.c.obj)
                0x0000000000006080                arch_printk_char_out
 .text.printk   0x0000000000006084       0x1a zephyr/libzephyr.a(printk.c.obj)
                0x0000000000006084                printk
 .text.process_recheck
                0x000000000000609e       0x38 zephyr/libzephyr.a(onoff.c.obj)
 .text.validate_args
                0x00000000000060d6       0x20 zephyr/libzephyr.a(onoff.c.obj)
 .text.notify_one
                0x00000000000060f6       0x2c zephyr/libzephyr.a(onoff.c.obj)
 .text.transition_complete
                0x0000000000006122       0x1c zephyr/libzephyr.a(onoff.c.obj)
 .text.onoff_manager_init
                0x000000000000613e       0x26 zephyr/libzephyr.a(onoff.c.obj)
                0x000000000000613e                onoff_manager_init
 .text.onoff_request
                0x0000000000006164       0xae zephyr/libzephyr.a(onoff.c.obj)
                0x0000000000006164                onoff_request
 .text.sys_notify_validate
                0x0000000000006212       0x22 zephyr/libzephyr.a(notify.c.obj)
                0x0000000000006212                sys_notify_validate
 .text.sys_notify_finalize
                0x0000000000006234       0x1a zephyr/libzephyr.a(notify.c.obj)
                0x0000000000006234                sys_notify_finalize
 .text._ConfigAbsSyms
                0x000000000000624e        0x2 zephyr/libzephyr.a(configs.c.obj)
                0x000000000000624e                _ConfigAbsSyms
 .text.z_log_minimal_printk
                0x0000000000006250       0x1a zephyr/libzephyr.a(log_minimal.c.obj)
                0x0000000000006250                z_log_minimal_printk
 .text.flash_area_close
                0x000000000000626a        0x2 zephyr/libzephyr.a(flash_map.c.obj)
                0x000000000000626a                flash_area_close
 .text.flash_area_read
                0x000000000000626c       0x2a zephyr/libzephyr.a(flash_map.c.obj)
                0x000000000000626c                flash_area_read
 .text.flash_area_write
                0x0000000000006296       0x2a zephyr/libzephyr.a(flash_map.c.obj)
                0x0000000000006296                flash_area_write
 .text.flash_area_erase
                0x00000000000062c0       0x2c zephyr/libzephyr.a(flash_map.c.obj)
                0x00000000000062c0                flash_area_erase
 .text.flash_area_align
                0x00000000000062ec        0xe zephyr/libzephyr.a(flash_map.c.obj)
                0x00000000000062ec                flash_area_align
 .text.flash_area_erased_val
                0x00000000000062fa        0xe zephyr/libzephyr.a(flash_map.c.obj)
                0x00000000000062fa                flash_area_erased_val
 .text.get_sectors_cb
                0x0000000000006308       0x44 zephyr/libzephyr.a(flash_map_layout.c.obj)
 .text.abort_function
                0x000000000000634c        0x2 zephyr/libzephyr.a(nrf_cc3xx_platform_abort_zephyr.c.obj)
 .text.nrf_cc3xx_platform_mutex_init
                0x000000000000634e        0x2 zephyr/libzephyr.a(nrf_cc3xx_platform_no_mutex_zephyr.c.obj)
                0x000000000000634e                nrf_cc3xx_platform_mutex_init
 .text.z_arm_fatal_error
                0x0000000000006350        0xc zephyr/arch/arch/arm/core/libarch__arm__core.a(fatal.c.obj)
                0x0000000000006350                z_arm_fatal_error
 .text.z_do_kernel_oops
                0x000000000000635c        0x8 zephyr/arch/arch/arm/core/libarch__arm__core.a(fatal.c.obj)
                0x000000000000635c                z_do_kernel_oops
 .text.z_arm_nmi
                0x0000000000006364        0xe zephyr/arch/arch/arm/core/libarch__arm__core.a(nmi.c.obj)
                0x0000000000006364                z_arm_nmi
 .text._HandlerModeExit
                0x0000000000006372        0x2 zephyr/arch/arch/arm/core/cortex_m/libarch__arm__core__cortex_m.a(exc_exit.c.obj)
                0x0000000000006372                z_arm_int_exit
                0x0000000000006372                z_arm_exc_exit
 .text.z_irq_spurious
                0x0000000000006374        0x8 zephyr/arch/arch/arm/core/cortex_m/libarch__arm__core__cortex_m.a(irq_manage.c.obj)
                0x0000000000006374                z_irq_spurious
 .text.arch_irq_unlock_outlined
                0x000000000000637c        0xe zephyr/arch/arch/arm/core/cortex_m/libarch__arm__core__cortex_m.a(thread.c.obj)
                0x000000000000637c                arch_irq_unlock_outlined
 .text.arch_irq_lock_outlined
                0x000000000000638a       0x10 zephyr/arch/arch/arm/core/cortex_m/libarch__arm__core__cortex_m.a(thread.c.obj)
                0x000000000000638a                arch_irq_lock_outlined
 .text.arch_cpu_atomic_idle
                0x000000000000639a       0x1e zephyr/arch/arch/arm/core/cortex_m/libarch__arm__core__cortex_m.a(cpu_idle.c.obj)
                0x000000000000639a                arch_cpu_atomic_idle
 .text.strlen   0x00000000000063b8        0xe zephyr/lib/libc/minimal/liblib__libc__minimal.a(string.c.obj)
                0x00000000000063b8                strlen
 .text.memcmp   0x00000000000063c6       0x20 zephyr/lib/libc/minimal/liblib__libc__minimal.a(string.c.obj)
                0x00000000000063c6                memcmp
 .text.memcpy   0x00000000000063e6       0x16 zephyr/lib/libc/minimal/liblib__libc__minimal.a(string.c.obj)
                0x00000000000063e6                memcpy
 .text.memset   0x00000000000063fc       0x12 zephyr/lib/libc/minimal/liblib__libc__minimal.a(string.c.obj)
                0x00000000000063fc                memset
 .text._stdout_hook_default
                0x000000000000640e        0x6 zephyr/lib/libc/minimal/liblib__libc__minimal.a(stdout_console.c.obj)
 .text.get_status
                0x0000000000006414       0x12 zephyr/drivers/clock_control/libdrivers__clock_control.a(clock_control_nrf.c.obj)
 .text.stop     0x0000000000006426       0x50 zephyr/drivers/clock_control/libdrivers__clock_control.a(clock_control_nrf.c.obj)
 .text.api_stop
                0x0000000000006476        0x6 zephyr/drivers/clock_control/libdrivers__clock_control.a(clock_control_nrf.c.obj)
 .text.async_start
                0x000000000000647c       0x5a zephyr/drivers/clock_control/libdrivers__clock_control.a(clock_control_nrf.c.obj)
 .text.api_start
                0x00000000000064d6        0xe zephyr/drivers/clock_control/libdrivers__clock_control.a(clock_control_nrf.c.obj)
 .text.api_blocking_start
                0x00000000000064e4        0x6 zephyr/drivers/clock_control/libdrivers__clock_control.a(clock_control_nrf.c.obj)
 .text.onoff_started_callback
                0x00000000000064ea       0x14 zephyr/drivers/clock_control/libdrivers__clock_control.a(clock_control_nrf.c.obj)
 .text.lfclk_start
                0x00000000000064fe        0x6 zephyr/drivers/clock_control/libdrivers__clock_control.a(clock_control_nrf.c.obj)
 .text.lfclk_stop
                0x0000000000006504        0x6 zephyr/drivers/clock_control/libdrivers__clock_control.a(clock_control_nrf.c.obj)
 .text.is_regular_addr_valid
                0x000000000000650a       0x22 zephyr/drivers/flash/libdrivers__flash.a(soc_flash_nrf.c.obj)
 .text.flash_nrf_erase
                0x000000000000652c       0x4c zephyr/drivers/flash/libdrivers__flash.a(soc_flash_nrf.c.obj)
 .text.flash_nrf_read
                0x0000000000006578       0x28 zephyr/drivers/flash/libdrivers__flash.a(soc_flash_nrf.c.obj)
 .text.flash_get_page_info
                0x00000000000065a0       0x66 zephyr/drivers/flash/libdrivers__flash.a(flash_page_layout.c.obj)
 .text.z_impl_flash_get_page_info_by_offs
                0x0000000000006606        0x8 zephyr/drivers/flash/libdrivers__flash.a(flash_page_layout.c.obj)
                0x0000000000006606                z_impl_flash_get_page_info_by_offs
 .text.flash_page_foreach
                0x000000000000660e       0x58 zephyr/drivers/flash/libdrivers__flash.a(flash_page_layout.c.obj)
                0x000000000000660e                flash_page_foreach
 .text.gpio_nrfx_port_get_raw
                0x0000000000006666        0xc zephyr/drivers/gpio/libdrivers__gpio.a(gpio_nrfx.c.obj)
 .text.gpio_nrfx_port_set_masked_raw
                0x0000000000006672       0x14 zephyr/drivers/gpio/libdrivers__gpio.a(gpio_nrfx.c.obj)
 .text.gpio_nrfx_port_set_bits_raw
                0x0000000000006686        0xa zephyr/drivers/gpio/libdrivers__gpio.a(gpio_nrfx.c.obj)
 .text.gpio_nrfx_port_clear_bits_raw
                0x0000000000006690        0xa zephyr/drivers/gpio/libdrivers__gpio.a(gpio_nrfx.c.obj)
 .text.gpio_nrfx_port_toggle_bits
                0x000000000000669a       0x14 zephyr/drivers/gpio/libdrivers__gpio.a(gpio_nrfx.c.obj)
 .text.gpio_nrfx_manage_callback
                0x00000000000066ae       0x52 zephyr/drivers/gpio/libdrivers__gpio.a(gpio_nrfx.c.obj)
 .text.pinctrl_lookup_state
                0x0000000000006700       0x26 zephyr/drivers/pinctrl/libdrivers__pinctrl.a(common.c.obj)
                0x0000000000006700                pinctrl_lookup_state
 .text.uarte_nrfx_err_check
                0x0000000000006726        0xe zephyr/drivers/serial/libdrivers__serial.a(uart_nrfx_uarte.c.obj)
 .text.uarte_nrfx_poll_in
                0x0000000000006734       0x28 zephyr/drivers/serial/libdrivers__serial.a(uart_nrfx_uarte.c.obj)
 .text.is_tx_ready.isra.0
                0x000000000000675c       0x20 zephyr/drivers/serial/libdrivers__serial.a(uart_nrfx_uarte.c.obj)
 .text.uarte_nrfx_isr_int
                0x000000000000677c       0x6e zephyr/drivers/serial/libdrivers__serial.a(uart_nrfx_uarte.c.obj)
 .text.uarte_1_init
                0x00000000000067ea       0x1e zephyr/drivers/serial/libdrivers__serial.a(uart_nrfx_uarte.c.obj)
 .text.uarte_0_init
                0x0000000000006808       0x1e zephyr/drivers/serial/libdrivers__serial.a(uart_nrfx_uarte.c.obj)
 .text.event_clear
                0x0000000000006826       0x18 zephyr/drivers/timer/libdrivers__timer.a(nrf_rtc_timer.c.obj)
 .text.hw_cc3xx_init_internal
                0x000000000000683e        0x4 modules/nrf/drivers/hw_cc3xx/lib..__nrf__drivers__hw_cc3xx.a(hw_cc3xx.c.obj)
 .text.hw_cc3xx_init
                0x0000000000006842       0x12 modules/nrf/drivers/hw_cc3xx/lib..__nrf__drivers__hw_cc3xx.a(hw_cc3xx.c.obj)
 .text.boot_swap_info_off
                0x0000000000006854        0xc modules/mcuboot/boot/bootutil/zephyr/libmcuboot_util.a(bootutil_public.c.obj)
                0x0000000000006854                boot_swap_info_off
 .text.boot_magic_compatible_check
                0x0000000000006860       0x1c modules/mcuboot/boot/bootutil/zephyr/libmcuboot_util.a(bootutil_public.c.obj)
                0x0000000000006860                boot_magic_compatible_check
 .text.bootutil_buffer_is_erased
                0x000000000000687c       0x26 modules/mcuboot/boot/bootutil/zephyr/libmcuboot_util.a(bootutil_public.c.obj)
                0x000000000000687c                bootutil_buffer_is_erased
 .text.boot_read_flag
                0x00000000000068a2       0x38 modules/mcuboot/boot/bootutil/zephyr/libmcuboot_util.a(bootutil_public.c.obj)
 .text.boot_write_trailer
                0x00000000000068da       0x58 modules/mcuboot/boot/bootutil/zephyr/libmcuboot_util.a(bootutil_public.c.obj)
                0x00000000000068da                boot_write_trailer
 .text.boot_write_trailer_flag
                0x0000000000006932       0x14 modules/mcuboot/boot/bootutil/zephyr/libmcuboot_util.a(bootutil_public.c.obj)
                0x0000000000006932                boot_write_trailer_flag
 .text.boot_write_image_ok
                0x0000000000006946        0xe modules/mcuboot/boot/bootutil/zephyr/libmcuboot_util.a(bootutil_public.c.obj)
                0x0000000000006946                boot_write_image_ok
 .text.boot_read_image_ok
                0x0000000000006954        0xc modules/mcuboot/boot/bootutil/zephyr/libmcuboot_util.a(bootutil_public.c.obj)
                0x0000000000006954                boot_read_image_ok
 .text.boot_read_swap_state_by_id
                0x0000000000006960       0x28 modules/mcuboot/boot/bootutil/zephyr/libmcuboot_util.a(bootutil_public.c.obj)
                0x0000000000006960                boot_read_swap_state_by_id
 .text.boot_write_swap_info
                0x0000000000006988       0x22 modules/mcuboot/boot/bootutil/zephyr/libmcuboot_util.a(bootutil_public.c.obj)
                0x0000000000006988                boot_write_swap_info
 .text.boot_write_copy_done
                0x00000000000069aa       0x10 modules/mcuboot/boot/bootutil/zephyr/libmcuboot_util.a(bootutil_public.c.obj)
                0x00000000000069aa                boot_write_copy_done
 .text.nrf91_errata_6
                0x00000000000069ba       0x1e modules/hal_nordic/nrfx/libmodules__hal_nordic__nrfx.a(system_nrf91.c.obj)
 .text.nrf91_errata_14
                0x00000000000069d8       0x24 modules/hal_nordic/nrfx/libmodules__hal_nordic__nrfx.a(system_nrf91.c.obj)
 .text.nrfx_isr
                0x00000000000069fc        0x2 modules/hal_nordic/nrfx/libmodules__hal_nordic__nrfx.a(nrfx_glue.c.obj)
                0x00000000000069fc                nrfx_isr
 .text.nrfx_busy_wait
                0x00000000000069fe        0x4 modules/hal_nordic/nrfx/libmodules__hal_nordic__nrfx.a(nrfx_glue.c.obj)
                0x00000000000069fe                nrfx_busy_wait
 .text.nrfx_gppi_channel_endpoints_setup
                0x0000000000006a02        0xe modules/hal_nordic/nrfx/libmodules__hal_nordic__nrfx.a(nrfx_gppi_dppi.c.obj)
                0x0000000000006a02                nrfx_gppi_channel_endpoints_setup
 .text.clock_stop
                0x0000000000006a10       0xb2 modules/hal_nordic/nrfx/libmodules__hal_nordic__nrfx.a(nrfx_clock.c.obj)
 .text.nrfx_clock_stop
                0x0000000000006ac2        0x4 modules/hal_nordic/nrfx/libmodules__hal_nordic__nrfx.a(nrfx_clock.c.obj)
                0x0000000000006ac2                nrfx_clock_stop
 .text.nrf_gpio_reconfigure
                0x0000000000006ac6       0x92 modules/hal_nordic/nrfx/libmodules__hal_nordic__nrfx.a(nrfx_gpiote.c.obj)
 .text.nrf_gpio_cfg_sense_set
                0x0000000000006b58       0x1e modules/hal_nordic/nrfx/libmodules__hal_nordic__nrfx.a(nrfx_gpiote.c.obj)
 .text.nrfx_gpiote_pin_uninit
                0x0000000000006b76        0x4 modules/hal_nordic/nrfx/libmodules__hal_nordic__nrfx.a(nrfx_gpiote.c.obj)
                0x0000000000006b76                nrfx_gpiote_pin_uninit
 .text.nrfx_gpiote_trigger_disable
                0x0000000000006b7a        0x4 modules/hal_nordic/nrfx/libmodules__hal_nordic__nrfx.a(nrfx_gpiote.c.obj)
                0x0000000000006b7a                nrfx_gpiote_trigger_disable
 .text.nrfx_nvmc_flash_size_get
                0x0000000000006b7e        0x6 modules/hal_nordic/nrfx/libmodules__hal_nordic__nrfx.a(nrfx_nvmc.c.obj)
                0x0000000000006b7e                nrfx_nvmc_flash_size_get
 .text.nrfx_nvmc_flash_page_size_get
                0x0000000000006b84        0x6 modules/hal_nordic/nrfx/libmodules__hal_nordic__nrfx.a(nrfx_nvmc.c.obj)
                0x0000000000006b84                nrfx_nvmc_flash_page_size_get
 .text.nrfx_nvmc_flash_page_count_get
                0x0000000000006b8a        0x6 modules/hal_nordic/nrfx/libmodules__hal_nordic__nrfx.a(nrfx_nvmc.c.obj)
                0x0000000000006b8a                nrfx_nvmc_flash_page_count_get
 .text.z_impl_k_busy_wait
                0x0000000000006b90        0x8 zephyr/kernel/libkernel.a(busy_wait.c.obj)
                0x0000000000006b90                z_impl_k_busy_wait
 .text.z_device_state_init
                0x0000000000006b98        0x2 zephyr/kernel/libkernel.a(device.c.obj)
                0x0000000000006b98                z_device_state_init
 .text.z_device_is_ready
                0x0000000000006b9a       0x16 zephyr/kernel/libkernel.a(device.c.obj)
                0x0000000000006b9a                z_device_is_ready
 .text.arch_system_halt
                0x0000000000006bb0       0x10 zephyr/kernel/libkernel.a(fatal.c.obj)
                0x0000000000006bb0                arch_system_halt
 .text.k_sys_fatal_error_handler
                0x0000000000006bc0        0x6 zephyr/kernel/libkernel.a(fatal.c.obj)
                0x0000000000006bc0                k_sys_fatal_error_handler
 .text.z_fatal_error
                0x0000000000006bc6       0x1e zephyr/kernel/libkernel.a(fatal.c.obj)
                0x0000000000006bc6                z_fatal_error
 .text.do_device_init
                0x0000000000006be4       0x30 zephyr/kernel/libkernel.a(init.c.obj)
 .text.z_early_memset
                0x0000000000006c14        0x4 zephyr/kernel/libkernel.a(init.c.obj)
                0x0000000000006c14                z_early_memset
 .text.z_early_memcpy
                0x0000000000006c18        0x4 zephyr/kernel/libkernel.a(init.c.obj)
                0x0000000000006c18                z_early_memcpy
 .text.k_is_in_isr
                0x0000000000006c1c        0xc zephyr/kernel/libkernel.a(nothread.c.obj)
                0x0000000000006c1c                k_is_in_isr
 .text.nrf_cc310_bl_ecdsa_verify_secp256r1
                0x0000000000006c28       0x26 C:/Users/Jin/Documents/GitHub/ese518_Cellular_test/nrfxlib/crypto/nrf_cc310_bl/lib/cortex-m33/hard-float/no-interrupts/libnrf_cc310_bl_0.9.12.a(nrf_cc310_bl_ecdsa_verify_secp256r1.c.obj)
                0x0000000000006c28                nrf_cc310_bl_ecdsa_verify_secp256r1
 .text.PkaInitAndMutexLock
                0x0000000000006c4e        0x8 C:/Users/Jin/Documents/GitHub/ese518_Cellular_test/nrfxlib/crypto/nrf_cc310_bl/lib/cortex-m33/hard-float/no-interrupts/libnrf_cc310_bl_0.9.12.a(pka.c.obj)
                0x0000000000006c4e                PkaInitAndMutexLock
 .text.SaSi_PalMemCopy
                0x0000000000006c56        0x4 C:/Users/Jin/Documents/GitHub/ese518_Cellular_test/nrfxlib/crypto/nrf_cc310_bl/lib/cortex-m33/hard-float/no-interrupts/libnrf_cc310_bl_0.9.12.a(ssi_pal_mem.c.obj)
                0x0000000000006c56                SaSi_PalMemCopy
 .text.SaSi_PalMemSet
                0x0000000000006c5a        0x4 C:/Users/Jin/Documents/GitHub/ese518_Cellular_test/nrfxlib/crypto/nrf_cc310_bl/lib/cortex-m33/hard-float/no-interrupts/libnrf_cc310_bl_0.9.12.a(ssi_pal_mem.c.obj)
                0x0000000000006c5a                SaSi_PalMemSet
 .text.SaSi_PalMemSetZero
                0x0000000000006c5e        0x8 C:/Users/Jin/Documents/GitHub/ese518_Cellular_test/nrfxlib/crypto/nrf_cc310_bl/lib/cortex-m33/hard-float/no-interrupts/libnrf_cc310_bl_0.9.12.a(ssi_pal_mem.c.obj)
                0x0000000000006c5e                SaSi_PalMemSetZero
 .text.CRYS_COMMON_ReverseMemcpy32
                0x0000000000006c66       0x1a C:/Users/Jin/Documents/GitHub/ese518_Cellular_test/nrfxlib/crypto/nrf_cc310_bl/lib/cortex-m33/hard-float/no-interrupts/libnrf_cc310_bl_0.9.12.a(crys_common_conv_endian.c.obj)
                0x0000000000006c66                CRYS_COMMON_ReverseMemcpy32
 *(SORT_BY_ALIGNMENT(.TEXT.*))
 *(SORT_BY_ALIGNMENT(.gnu.linkonce.t.*))
 *(SORT_BY_ALIGNMENT(.glue_7t))
 .glue_7t       0x0000000000006c80        0x0 linker stubs
 *(SORT_BY_ALIGNMENT(.glue_7))
 .glue_7        0x0000000000006c80        0x0 linker stubs
 *(SORT_BY_ALIGNMENT(.vfp11_veneer))
 .vfp11_veneer  0x0000000000006c80        0x0 linker stubs
 *(SORT_BY_ALIGNMENT(.v4_bx))
 .v4_bx         0x0000000000006c80        0x0 linker stubs
                0x0000000000006c80                . = ALIGN (0x4)
                0x0000000000006c80                __text_region_end = .

.ARM.exidx      0x0000000000006c80        0x8
                0x0000000000006c80                __exidx_start = .
 *(SORT_BY_ALIGNMENT(.ARM.exidx*) SORT_BY_ALIGNMENT(gnu.linkonce.armexidx.*))
 .ARM.exidx     0x0000000000006c80        0x8 c:/ncs/toolchains/ce3b5ff664/opt/zephyr-sdk/arm-zephyr-eabi/bin/../lib/gcc/arm-zephyr-eabi/12.2.0/thumb/v8-m.main+fp/hard\libgcc.a(_udivmoddi4.o)
                0x0000000000006c88                __exidx_end = .
                0x0000000000006c88                __rodata_region_start = .

initlevel       0x0000000000006c88       0x50
                0x0000000000006c88                __init_start = .
                0x0000000000006c88                __init_EARLY_start = .
 *(SORT_BY_NAME(SORT_BY_ALIGNMENT(.z_init_EARLY?_*)))
 *(SORT_BY_NAME(SORT_BY_ALIGNMENT(.z_init_EARLY??_*)))
                0x0000000000006c88                __init_PRE_KERNEL_1_start = .
 *(SORT_BY_NAME(SORT_BY_ALIGNMENT(.z_init_PRE_KERNEL_1?_*)))
 .z_init_PRE_KERNEL_10_0_
                0x0000000000006c88        0x8 zephyr/soc/soc/nrf9160/libsoc__nordic.a(soc.c.obj)
 *(SORT_BY_NAME(SORT_BY_ALIGNMENT(.z_init_PRE_KERNEL_1??_*)))
 .z_init_PRE_KERNEL_130_00071_
                0x0000000000006c90        0x8 zephyr/drivers/clock_control/libdrivers__clock_control.a(clock_control_nrf.c.obj)
 .z_init_PRE_KERNEL_140_00011_
                0x0000000000006c98        0x8 zephyr/drivers/gpio/libdrivers__gpio.a(gpio_nrfx.c.obj)
 .z_init_PRE_KERNEL_140_0_
                0x0000000000006ca0        0x8 modules/nrf/drivers/hw_cc3xx/lib..__nrf__drivers__hw_cc3xx.a(hw_cc3xx.c.obj)
 .z_init_PRE_KERNEL_150_00097_
                0x0000000000006ca8        0x8 zephyr/drivers/serial/libdrivers__serial.a(uart_nrfx_uarte.c.obj)
 .z_init_PRE_KERNEL_150_00098_
                0x0000000000006cb0        0x8 zephyr/drivers/serial/libdrivers__serial.a(uart_nrfx_uarte.c.obj)
 .z_init_PRE_KERNEL_160_0_
                0x0000000000006cb8        0x8 zephyr/drivers/console/libdrivers__console.a(uart_console.c.obj)
                0x0000000000006cc0                __init_PRE_KERNEL_2_start = .
 *(SORT_BY_NAME(SORT_BY_ALIGNMENT(.z_init_PRE_KERNEL_2?_*)))
 .z_init_PRE_KERNEL_20_0_
                0x0000000000006cc0        0x8 zephyr/drivers/timer/libdrivers__timer.a(nrf_rtc_timer.c.obj)
 *(SORT_BY_NAME(SORT_BY_ALIGNMENT(.z_init_PRE_KERNEL_2??_*)))
                0x0000000000006cc8                __init_POST_KERNEL_start = .
 *(SORT_BY_NAME(SORT_BY_ALIGNMENT(.z_init_POST_KERNEL?_*)))
 *(SORT_BY_NAME(SORT_BY_ALIGNMENT(.z_init_POST_KERNEL??_*)))
 .z_init_POST_KERNEL40_0_
                0x0000000000006cc8        0x8 modules/nrf/drivers/hw_cc3xx/lib..__nrf__drivers__hw_cc3xx.a(hw_cc3xx.c.obj)
 .z_init_POST_KERNEL50_00103_
                0x0000000000006cd0        0x8 zephyr/drivers/flash/libdrivers__flash.a(soc_flash_nrf.c.obj)
                0x0000000000006cd8                __init_APPLICATION_start = .
 *(SORT_BY_NAME(SORT_BY_ALIGNMENT(.z_init_APPLICATION?_*)))
 *(SORT_BY_NAME(SORT_BY_ALIGNMENT(.z_init_APPLICATION??_*)))
                0x0000000000006cd8                __init_SMP_start = .
 *(SORT_BY_NAME(SORT_BY_ALIGNMENT(.z_init_SMP?_*)))
 *(SORT_BY_NAME(SORT_BY_ALIGNMENT(.z_init_SMP??_*)))
                0x0000000000006cd8                __init_end = .
                0x0000000000006cd8                __deferred_init_list_start = .
 *(SORT_BY_ALIGNMENT(.z_deferred_init))
                0x0000000000006cd8                __deferred_init_list_end = .

device_area     0x0000000000006cd8       0x64
                0x0000000000006cd8                _device_list_start = .
 *(SORT_BY_NAME(SORT_BY_ALIGNMENT(._device.static.*_?_*)))
 *(SORT_BY_NAME(SORT_BY_ALIGNMENT(._device.static.*_??_*)))
 ._device.static.1_30_
                0x0000000000006cd8       0x14 zephyr/drivers/clock_control/libdrivers__clock_control.a(clock_control_nrf.c.obj)
                0x0000000000006cd8                __device_dts_ord_71
 ._device.static.1_40_
                0x0000000000006cec       0x14 zephyr/drivers/gpio/libdrivers__gpio.a(gpio_nrfx.c.obj)
                0x0000000000006cec                __device_dts_ord_11
 ._device.static.1_50_
                0x0000000000006d00       0x28 zephyr/drivers/serial/libdrivers__serial.a(uart_nrfx_uarte.c.obj)
                0x0000000000006d00                __device_dts_ord_98
                0x0000000000006d14                __device_dts_ord_97
 ._device.static.3_50_
                0x0000000000006d28       0x14 zephyr/drivers/flash/libdrivers__flash.a(soc_flash_nrf.c.obj)
                0x0000000000006d28                __device_dts_ord_103
                0x0000000000006d3c                _device_list_end = .

sw_isr_table    0x0000000000006d3c      0x208
                0x0000000000006d3c                . = ALIGN (0x4)
 *(SORT_BY_ALIGNMENT(.gnu.linkonce.sw_isr_table*))
 .gnu.linkonce.sw_isr_table
                0x0000000000006d3c      0x208 zephyr/CMakeFiles/zephyr_final.dir/isr_tables.c.obj
                0x0000000000006d3c                _sw_isr_table

initlevel_error
                0x0000000000006c88        0x0
 *(SORT_BY_NAME(SORT_BY_ALIGNMENT(.z_init_[_A-Z0-9]*)))
                0x0000000000000001                ASSERT ((SIZEOF (initlevel_error) == 0x0), Undefined initialization levels used.)

app_shmem_regions
                0x0000000000006f44        0x0
                0x0000000000006f44                __app_shmem_regions_start = .
 *(SORT_BY_NAME(SORT_BY_ALIGNMENT(.app_regions.*)))
                0x0000000000006f44                __app_shmem_regions_end = .

k_p4wq_initparam_area
                0x0000000000006f44        0x0
                0x0000000000006f44                _k_p4wq_initparam_list_start = .
 *(SORT_BY_NAME(SORT_BY_ALIGNMENT(._k_p4wq_initparam.static.*)))
                0x0000000000006f44                _k_p4wq_initparam_list_end = .

_static_thread_data_area
                0x0000000000006f44        0x0
                0x0000000000006f44                __static_thread_data_list_start = .
 *(SORT_BY_NAME(SORT_BY_ALIGNMENT(.__static_thread_data.static.*)))
                0x0000000000006f44                __static_thread_data_list_end = .

device_deps     0x0000000000006f44        0x0
                0x0000000000006f44                __device_deps_start = .
 *(SORT_BY_NAME(SORT_BY_ALIGNMENT(.__device_deps_pass2*)))
                0x0000000000006f44                __device_deps_end = .

ztest           0x0000000000006f44        0x0
                0x0000000000006f44                _ztest_expected_result_entry_list_start = .
 *(SORT_BY_NAME(SORT_BY_ALIGNMENT(._ztest_expected_result_entry.static.*)))
                0x0000000000006f44                _ztest_expected_result_entry_list_end = .
                0x0000000000006f44                _ztest_suite_node_list_start = .
 *(SORT_BY_NAME(SORT_BY_ALIGNMENT(._ztest_suite_node.static.*)))
                0x0000000000006f44                _ztest_suite_node_list_end = .
                0x0000000000006f44                _ztest_unit_test_list_start = .
 *(SORT_BY_NAME(SORT_BY_ALIGNMENT(._ztest_unit_test.static.*)))
                0x0000000000006f44                _ztest_unit_test_list_end = .
                0x0000000000006f44                _ztest_test_rule_list_start = .
 *(SORT_BY_NAME(SORT_BY_ALIGNMENT(._ztest_test_rule.static.*)))
                0x0000000000006f44                _ztest_test_rule_list_end = .

bt_l2cap_fixed_chan_area
                0x0000000000006f44        0x0
                0x0000000000006f44                _bt_l2cap_fixed_chan_list_start = .
 *(SORT_BY_NAME(SORT_BY_ALIGNMENT(._bt_l2cap_fixed_chan.static.*)))
                0x0000000000006f44                _bt_l2cap_fixed_chan_list_end = .

bt_gatt_service_static_area
                0x0000000000006f44        0x0
                0x0000000000006f44                _bt_gatt_service_static_list_start = .
 *(SORT_BY_NAME(SORT_BY_ALIGNMENT(._bt_gatt_service_static.static.*)))
                0x0000000000006f44                _bt_gatt_service_static_list_end = .

log_strings_area
                0x0000000000006f44        0x0
                0x0000000000006f44                _log_strings_list_start = .
 *(SORT_BY_NAME(SORT_BY_ALIGNMENT(._log_strings.static.*)))
                0x0000000000006f44                _log_strings_list_end = .

log_const_area  0x0000000000006f44        0x8
                0x0000000000006f44                _log_const_list_start = .
 *(SORT_BY_NAME(SORT_BY_ALIGNMENT(._log_const.static.*)))
 ._log_const.static.log_const_mcuboot_
                0x0000000000006f44        0x8 app/libapp.a(main.c.obj)
                0x0000000000006f44                log_const_mcuboot
                0x0000000000006f4c                _log_const_list_end = .

log_backend_area
                0x0000000000006f4c        0x0
                0x0000000000006f4c                _log_backend_list_start = .
 *(SORT_BY_NAME(SORT_BY_ALIGNMENT(._log_backend.static.*)))
                0x0000000000006f4c                _log_backend_list_end = .

log_link_area   0x0000000000006f4c        0x0
                0x0000000000006f4c                _log_link_list_start = .
 *(SORT_BY_NAME(SORT_BY_ALIGNMENT(._log_link.static.*)))
                0x0000000000006f4c                _log_link_list_end = .

tracing_backend_area
                0x0000000000006f4c        0x0
                0x0000000000006f4c                _tracing_backend_list_start = .
 *(SORT_BY_NAME(SORT_BY_ALIGNMENT(._tracing_backend.static.*)))
                0x0000000000006f4c                _tracing_backend_list_end = .

zephyr_dbg_info
 *(SORT_BY_ALIGNMENT(.dbg_thread_info))

symbol_to_keep  0x0000000000006f4c        0x0
                0x0000000000006f4c                __symbol_to_keep_start = .
 *(SORT_BY_NAME(SORT_BY_ALIGNMENT(.symbol_to_keep*)))
                0x0000000000006f4c                __symbol_to_keep_end = .

shell_area      0x0000000000006f4c        0x0
                0x0000000000006f4c                _shell_list_start = .
 *(SORT_BY_NAME(SORT_BY_ALIGNMENT(._shell.static.*)))
                0x0000000000006f4c                _shell_list_end = .

shell_root_cmds_area
                0x0000000000006f4c        0x0
                0x0000000000006f4c                _shell_root_cmds_list_start = .
 *(SORT_BY_NAME(SORT_BY_ALIGNMENT(._shell_root_cmds.static.*)))
                0x0000000000006f4c                _shell_root_cmds_list_end = .

shell_subcmds_area
                0x0000000000006f4c        0x0
                0x0000000000006f4c                _shell_subcmds_list_start = .
 *(SORT_BY_NAME(SORT_BY_ALIGNMENT(._shell_subcmds.static.*)))
                0x0000000000006f4c                _shell_subcmds_list_end = .

shell_dynamic_subcmds_area
                0x0000000000006f4c        0x0
                0x0000000000006f4c                _shell_dynamic_subcmds_list_start = .
 *(SORT_BY_NAME(SORT_BY_ALIGNMENT(._shell_dynamic_subcmds.static.*)))
                0x0000000000006f4c                _shell_dynamic_subcmds_list_end = .

cfb_font_area   0x0000000000006f4c        0x0
                0x0000000000006f4c                _cfb_font_list_start = .
 *(SORT_BY_NAME(SORT_BY_ALIGNMENT(._cfb_font.static.*)))
                0x0000000000006f4c                _cfb_font_list_end = .

rodata          0x0000000000006f50      0xab4
 *(SORT_BY_ALIGNMENT(.rodata))
 .rodata        0x0000000000006f50       0x10 C:/Users/Jin/Documents/GitHub/ese518_Cellular_test/nrfxlib/crypto/nrf_cc310_bl/lib/cortex-m33/hard-float/no-interrupts/libnrf_cc310_bl_0.9.12.a(nrf_cc310_bl_hash_sha256.c.obj)
 *(SORT_BY_ALIGNMENT(.rodata.*))
 .rodata.delay_machine_code.0
                0x0000000000006f60        0x6 zephyr/soc/soc/nrf9160/libsoc__nordic.a(soc.c.obj)
 *fill*         0x0000000000006f66        0x2 
 .rodata.all_slots.0
                0x0000000000006f68        0x8 app/libapp.a(flash_map_extended.c.obj)
 .rodata.bootutil_key_cnt
                0x0000000000006f70        0x4 app/libapp.a(keys.c.obj)
                0x0000000000006f70                bootutil_key_cnt
 .rodata.bootutil_keys
                0x0000000000006f74        0x8 app/libapp.a(keys.c.obj)
                0x0000000000006f74                bootutil_keys
 .rodata.all_slots.0
                0x0000000000006f7c        0x8 app/libapp.a(bootutil_misc.c.obj)
 .rodata.all_slots.0
                0x0000000000006f84        0x8 app/libapp.a(swap_misc.c.obj)
 .rodata.ecdsa_pub_key_len
                0x0000000000006f8c        0x4 app/libapp.a(autogen-pubkey.c.obj)
                0x0000000000006f8c                ecdsa_pub_key_len
 .rodata.nrf_uarte_to_clean
                0x0000000000006f90        0x8 app/libapp.a(nrf_cleanup.c.obj)
 .rodata.flash_map_entries
                0x0000000000006f98        0x4 zephyr/libzephyr.a(flash_map_partition_manager.c.obj)
                0x0000000000006f98                flash_map_entries
 .rodata.default_flash_map
                0x0000000000006f9c       0xe0 zephyr/libzephyr.a(flash_map_partition_manager.c.obj)
                0x0000000000006f9c                default_flash_map
 .rodata.apis   0x000000000000707c        0x8 zephyr/libzephyr.a(nrf_cc3xx_platform_abort_zephyr.c.obj)
 .rodata.transitions.0
                0x0000000000007084        0xc zephyr/drivers/clock_control/libdrivers__clock_control.a(clock_control_nrf.c.obj)
 .rodata.config
                0x0000000000007090       0x18 zephyr/drivers/clock_control/libdrivers__clock_control.a(clock_control_nrf.c.obj)
 .rodata.clock_control_api
                0x00000000000070a8       0x1c zephyr/drivers/clock_control/libdrivers__clock_control.a(clock_control_nrf.c.obj)
 .rodata.flash_nrf_api
                0x00000000000070c4       0x14 zephyr/drivers/flash/libdrivers__flash.a(soc_flash_nrf.c.obj)
 .rodata.flash_nrf_parameters
                0x00000000000070d8        0x8 zephyr/drivers/flash/libdrivers__flash.a(soc_flash_nrf.c.obj)
 .rodata.gpio_nrfx_p0_cfg
                0x00000000000070e0       0x18 zephyr/drivers/gpio/libdrivers__gpio.a(gpio_nrfx.c.obj)
 .rodata.gpio_nrfx_drv_api_funcs
                0x00000000000070f8       0x24 zephyr/drivers/gpio/libdrivers__gpio.a(gpio_nrfx.c.obj)
 .rodata.uarte_1z_config
                0x000000000000711c       0x10 zephyr/drivers/serial/libdrivers__serial.a(uart_nrfx_uarte.c.obj)
 .rodata.__pinctrl_dev_config__device_dts_ord_98
                0x000000000000712c        0xc zephyr/drivers/serial/libdrivers__serial.a(uart_nrfx_uarte.c.obj)
 .rodata.__pinctrl_states__device_dts_ord_98
                0x0000000000007138        0x8 zephyr/drivers/serial/libdrivers__serial.a(uart_nrfx_uarte.c.obj)
 .rodata.__pinctrl_state_pins_0__device_dts_ord_98
                0x0000000000007140       0x10 zephyr/drivers/serial/libdrivers__serial.a(uart_nrfx_uarte.c.obj)
 .rodata.uarte_0z_config
                0x0000000000007150       0x10 zephyr/drivers/serial/libdrivers__serial.a(uart_nrfx_uarte.c.obj)
 .rodata.__pinctrl_dev_config__device_dts_ord_97
                0x0000000000007160        0xc zephyr/drivers/serial/libdrivers__serial.a(uart_nrfx_uarte.c.obj)
 .rodata.__pinctrl_states__device_dts_ord_97
                0x000000000000716c        0x8 zephyr/drivers/serial/libdrivers__serial.a(uart_nrfx_uarte.c.obj)
 .rodata.__pinctrl_state_pins_0__device_dts_ord_97
                0x0000000000007174       0x10 zephyr/drivers/serial/libdrivers__serial.a(uart_nrfx_uarte.c.obj)
 .rodata.uart_nrfx_uarte_driver_api
                0x0000000000007184        0xc zephyr/drivers/serial/libdrivers__serial.a(uart_nrfx_uarte.c.obj)
 .rodata.all_slots.0
                0x0000000000007190        0x8 modules/mcuboot/boot/bootutil/zephyr/libmcuboot_util.a(bootutil_public.c.obj)
 .rodata.levels.0
                0x0000000000007198       0x18 zephyr/kernel/libkernel.a(init.c.obj)
 .rodata.CSWTCH.10
                0x00000000000071b0       0x1c C:/Users/Jin/Documents/GitHub/ese518_Cellular_test/nrfxlib/crypto/nrf_cc310_platform/lib/cortex-m33/hard-float/no-interrupts/libnrf_cc310_platform_0.9.19.a(nrf_cc3xx_platform.c.obj)
 .rodata.CC_PalPowerSaveModeInit.str1.4
                0x00000000000071cc       0x20 C:/Users/Jin/Documents/GitHub/ese518_Cellular_test/nrfxlib/crypto/nrf_cc310_platform/lib/cortex-m33/hard-float/no-interrupts/libnrf_cc310_platform_0.9.19.a(cc_pal_pm.c.obj)
 .rodata.mutex_free.str1.4
                0x00000000000071ec       0x26 C:/Users/Jin/Documents/GitHub/ese518_Cellular_test/nrfxlib/crypto/nrf_cc310_platform/lib/cortex-m33/hard-float/no-interrupts/libnrf_cc310_platform_0.9.19.a(nrf_cc3xx_platform_mutex.c.obj)
 *fill*         0x0000000000007212        0x2 
 .rodata.mutex_init.str1.4
                0x0000000000007214       0x23 C:/Users/Jin/Documents/GitHub/ese518_Cellular_test/nrfxlib/crypto/nrf_cc310_platform/lib/cortex-m33/hard-float/no-interrupts/libnrf_cc310_platform_0.9.19.a(nrf_cc3xx_platform_mutex.c.obj)
 *fill*         0x0000000000007237        0x1 
 .rodata.domain_secp256r1
                0x0000000000007238       0xcc C:/Users/Jin/Documents/GitHub/ese518_Cellular_test/nrfxlib/crypto/nrf_cc310_bl/lib/cortex-m33/hard-float/no-interrupts/libnrf_cc310_bl_0.9.12.a(nrf_cc310_bl_ecdsa_verify_secp256r1.c.obj)
                0x0000000000007238                domain_secp256r1
 .rodata.NRF_CC310_BL_HASH_LARVAL_SHA256
                0x0000000000007304       0x20 C:/Users/Jin/Documents/GitHub/ese518_Cellular_test/nrfxlib/crypto/nrf_cc310_bl/lib/cortex-m33/hard-float/no-interrupts/libnrf_cc310_bl_0.9.12.a(nrf_cc310_bl_hash_sha256.c.obj)
                0x0000000000007304                NRF_CC310_BL_HASH_LARVAL_SHA256
 .rodata.allowed_unprot_tlvs
                0x0000000000007324       0x1c app/libapp.a(image_validate.c.obj)
 .rodata.boot_img_magic
                0x0000000000007340       0x10 modules/mcuboot/boot/bootutil/zephyr/libmcuboot_util.a(bootutil_public.c.obj)
                0x0000000000007340                boot_img_magic
 .rodata.main.str1.1
                0x0000000000007350       0xde app/libapp.a(main.c.obj)
 .rodata.str1.1
                0x000000000000742e        0x8 app/libapp.a(main.c.obj)
 .rodata.flash_device_base.str1.1
                0x0000000000007436       0x26 app/libapp.a(flash_map_extended.c.obj)
 .rodata.ec_secp256r1_oid
                0x000000000000745c        0x9 app/libapp.a(image_ecdsa.c.obj)
 .rodata.ec_pubkey_oid
                0x0000000000007465        0x8 app/libapp.a(image_ecdsa.c.obj)
 .rodata.bootutil_max_image_size.str1.1
                0x000000000000746d       0x3b app/libapp.a(bootutil_misc.c.obj)
 .rodata.boot_validate_slot.isra.0.str1.1
                0x00000000000074a8       0x3a app/libapp.a(loader.c.obj)
 .rodata.boot_swap_image.isra.0.str1.1
                0x00000000000074e2       0x2f app/libapp.a(loader.c.obj)
 .rodata.context_boot_go.str1.1
                0x0000000000007511       0xf1 app/libapp.a(loader.c.obj)
 .rodata.swap_read_status_bytes.str1.1
                0x0000000000007602       0x23 app/libapp.a(swap_move.c.obj)
 .rodata.boot_slots_compatible.str1.1
                0x0000000000007625       0x93 app/libapp.a(swap_move.c.obj)
 .rodata.swap_status_source.str1.1
                0x00000000000076b8       0xa4 app/libapp.a(swap_move.c.obj)
 .rodata.swap_run.str1.1
                0x000000000000775c       0x89 app/libapp.a(swap_move.c.obj)
 .rodata.ecdsa_pub_key
                0x00000000000077e5       0x5b app/libapp.a(autogen-pubkey.c.obj)
                0x00000000000077e5                ecdsa_pub_key
 .rodata.z_cbvprintf_impl.str1.1
                0x0000000000007840       0x12 zephyr/libzephyr.a(cbprintf_nano.c.obj)
                                         0x13 (size before relaxing)
 .rodata.boot_banner.str1.1
                0x0000000000007852       0x92 zephyr/libzephyr.a(banner.c.obj)
 .rodata.str1.1
                0x00000000000078e4       0x17 zephyr/drivers/clock_control/libdrivers__clock_control.a(clock_control_nrf.c.obj)
 .rodata.str1.1
                0x00000000000078fb       0x17 zephyr/drivers/flash/libdrivers__flash.a(soc_flash_nrf.c.obj)
 .rodata.str1.1
                0x0000000000007912        0xc zephyr/drivers/gpio/libdrivers__gpio.a(gpio_nrfx.c.obj)
 .rodata.drive_modes
                0x000000000000791e        0x8 zephyr/drivers/pinctrl/libdrivers__pinctrl.a(pinctrl_nrf.c.obj)
 .rodata.str1.1
                0x0000000000007926       0x14 zephyr/drivers/serial/libdrivers__serial.a(uart_nrfx_uarte.c.obj)
 .rodata.boot_swap_type_multi.str1.1
                0x000000000000793a       0xb8 modules/mcuboot/boot/bootutil/zephyr/libmcuboot_util.a(bootutil_public.c.obj)
 .rodata.boot_swap_tables
                0x00000000000079f2       0x12 modules/mcuboot/boot/bootutil/zephyr/libmcuboot_util.a(bootutil_public.c.obj)
 *(SORT_BY_ALIGNMENT(.gnu.linkonce.r.*))
                0x0000000000007a04                . = ALIGN (0x4)
                0x0000000000007a04                __rodata_region_end = .
                0x0000000000007a04                . = ALIGN (_region_min_align)
                0x0000000000007a04                __rom_region_end = ((__rom_region_start + .) - ADDR (rom_start))

/DISCARD/
 *(SORT_BY_ALIGNMENT(.got.plt))
 *(SORT_BY_ALIGNMENT(.igot.plt))
 *(SORT_BY_ALIGNMENT(.got))
 *(SORT_BY_ALIGNMENT(.igot))
                0x0000000020000000                . = 0x20000000
                0x0000000020000000                . = ALIGN (_region_min_align)
                0x0000000020000000                _image_ram_start = .

.ramfunc        0x0000000020000000        0x0 load address 0x0000000000007a04
                0x0000000020000000                . = ALIGN (_region_min_align)
                0x0000000020000000                __ramfunc_start = .
 *(SORT_BY_ALIGNMENT(.ramfunc))
 *(SORT_BY_ALIGNMENT(.ramfunc.*))
                0x0000000020000000                . = ALIGN (_region_min_align)
                0x0000000020000000                __ramfunc_end = .
                0x0000000000000000                __ramfunc_size = (__ramfunc_end - __ramfunc_start)
                0x0000000000007a04                __ramfunc_load_start = LOADADDR (.ramfunc)

datas           0x0000000020000000      0x124 load address 0x0000000000007a04
                0x0000000020000000                __data_region_start = .
                0x0000000020000000                __data_start = .
 *(SORT_BY_ALIGNMENT(.data))
 *(SORT_BY_ALIGNMENT(.data.*))
 .data.FIH_NO_BOOTABLE_IMAGE
                0x0000000020000000        0x4 app/libapp.a(fault_injection_hardening.c.obj)
                0x0000000020000000                FIH_NO_BOOTABLE_IMAGE
 .data.FIH_FAILURE
                0x0000000020000004        0x4 app/libapp.a(fault_injection_hardening.c.obj)
                0x0000000020000004                FIH_FAILURE
 .data.FIH_SUCCESS
                0x0000000020000008        0x4 app/libapp.a(fault_injection_hardening.c.obj)
                0x0000000020000008                FIH_SUCCESS
 .data.memset_func
                0x000000002000000c        0x4 app/libapp.a(platform_util.c.obj)
 .data._char_out
                0x0000000020000010        0x4 zephyr/libzephyr.a(printk.c.obj)
                0x0000000020000010                _char_out
 .data.flash_map
                0x0000000020000014        0x4 zephyr/libzephyr.a(flash_map_partition_manager.c.obj)
                0x0000000020000014                flash_map
 .data._stdout_hook
                0x0000000020000018        0x4 zephyr/lib/libc/minimal/liblib__libc__minimal.a(stdout_console.c.obj)
 .data.uarte_1_data
                0x000000002000001c       0x1c zephyr/drivers/serial/libdrivers__serial.a(uart_nrfx_uarte.c.obj)
 .data.uarte_0_data
                0x0000000020000038       0x1c zephyr/drivers/serial/libdrivers__serial.a(uart_nrfx_uarte.c.obj)
 .data.m_allocated_channels
                0x0000000020000054        0x4 modules/hal_nordic/nrfx/libmodules__hal_nordic__nrfx.a(nrfx_dppi.c.obj)
 .data.m_cb     0x0000000020000058       0x64 modules/hal_nordic/nrfx/libmodules__hal_nordic__nrfx.a(nrfx_gpiote.c.obj)
 .data.timeout_list
                0x00000000200000bc        0x8 zephyr/kernel/libkernel.a(timeout.c.obj)
 .data.platform_abort_apis
                0x00000000200000c4        0x8 C:/Users/Jin/Documents/GitHub/ese518_Cellular_test/nrfxlib/crypto/nrf_cc310_platform/lib/cortex-m33/hard-float/no-interrupts/libnrf_cc310_platform_0.9.19.a(nrf_cc3xx_platform_abort.c.obj)
                0x00000000200000c4                platform_abort_apis
 .data.pCCRndCryptoMutex
                0x00000000200000cc        0x4 C:/Users/Jin/Documents/GitHub/ese518_Cellular_test/nrfxlib/crypto/nrf_cc310_platform/lib/cortex-m33/hard-float/no-interrupts/libnrf_cc310_platform_0.9.19.a(cc_pal.c.obj)
                0x00000000200000cc                pCCRndCryptoMutex
 .data.CCPowerMutex
                0x00000000200000d0        0x4 C:/Users/Jin/Documents/GitHub/ese518_Cellular_test/nrfxlib/crypto/nrf_cc310_platform/lib/cortex-m33/hard-float/no-interrupts/libnrf_cc310_platform_0.9.19.a(cc_pal.c.obj)
                0x00000000200000d0                CCPowerMutex
 .data.CCRndCryptoMutex