Archive member included to satisfy reference by file (symbol)

platform/libplatform_s.a(hw_init.o)
                              secure_fw/CMakeFiles/tfm_s.dir/__/platform/ext/target/nordic_nrf/common/core/startup.o (hw_init_reset_on_boot)
platform/libplatform_s.a(system_nrf91.o)
                              secure_fw/CMakeFiles/tfm_s.dir/__/platform/ext/target/nordic_nrf/common/core/startup.o (SystemInit)
platform/libplatform_s.a(exception_info.o)
                              secure_fw/CMakeFiles/tfm_s.dir/__/platform/ext/target/nordic_nrf/common/core/startup_nrf91.o (store_and_dump_context)
platform/libplatform_s.a(tfm_hal_spm_logdev_peripheral.o)
                              platform/libplatform_s.a(exception_info.o) (tfm_hal_output_spm_log)
platform/libplatform_s.a(uart_stdout.o)
                              platform/libplatform_s.a(tfm_hal_spm_logdev_peripheral.o) (stdio_output_string)
platform/libplatform_s.a(Driver_USART.o)
                              platform/libplatform_s.a(uart_stdout.o) (Driver_USART1)
platform/libplatform_s.a(nrfx_uarte.o)
                              platform/libplatform_s.a(Driver_USART.o) (nrfx_uarte_init)
platform/libplatform_s.a(nrfx_glue.o)
                              platform/libplatform_s.a(nrfx_uarte.o) (nrfx_critical_section_enter)
secure_fw/partitions/lib/runtime/libtfm_sprt.a(crt_memmove.o)
                              platform/libplatform_s.a(nrfx_uarte.o) (memmove)
secure_fw/partitions/lib/runtime/libtfm_sprt.a(crt_memcpy.o)
                              platform/libplatform_s.a(exception_info.o) (memcpy)
secure_fw/partitions/lib/runtime/libtfm_sprt.a(crt_memset.o)
                              c:/ncs/toolchains/ce3b5ff664/opt/zephyr-sdk/arm-zephyr-eabi/bin/../lib/gcc/arm-zephyr-eabi/12.2.0/../../../../arm-zephyr-eabi/lib/thumb/v8-m.main+fp/hard/crt0.o (memset)
secure_fw/partitions/lib/runtime/libtfm_sprt.a(psa_interface_sfn.o)
                              secure_fw/CMakeFiles/tfm_s.dir/partitions/ns_agent_tz/psa_api_veneers_v80m.o (psa_framework_version)
secure_fw/spm/libtfm_spm.a(utilities.o)
                              secure_fw/CMakeFiles/tfm_s.dir/__/platform/ext/target/nordic_nrf/common/core/startup.o (tfm_core_panic)
secure_fw/spm/libtfm_spm.a(spm_log.o)
                              platform/libplatform_s.a(exception_info.o) (spm_log_msgval)
secure_fw/spm/libtfm_spm.a(main.o)
                              c:/ncs/toolchains/ce3b5ff664/opt/zephyr-sdk/arm-zephyr-eabi/bin/../lib/gcc/arm-zephyr-eabi/12.2.0/../../../../arm-zephyr-eabi/lib/thumb/v8-m.main+fp/hard/crt0.o (main)
secure_fw/spm/libtfm_spm.a(psa_api.o)
                              secure_fw/partitions/lib/runtime/libtfm_sprt.a(psa_interface_sfn.o) (spm_handle_programmer_errors)
secure_fw/spm/libtfm_spm.a(psa_call_api.o)
                              secure_fw/partitions/lib/runtime/libtfm_sprt.a(psa_interface_sfn.o) (tfm_spm_client_psa_call)
secure_fw/spm/libtfm_spm.a(psa_version_api.o)
                              secure_fw/partitions/lib/runtime/libtfm_sprt.a(psa_interface_sfn.o) (tfm_spm_client_psa_framework_version)
secure_fw/spm/libtfm_spm.a(psa_read_write_skip_api.o)
                              secure_fw/partitions/lib/runtime/libtfm_sprt.a(psa_interface_sfn.o) (tfm_spm_partition_psa_read)
secure_fw/spm/libtfm_spm.a(backend_sfn.o)
                              secure_fw/partitions/lib/runtime/libtfm_sprt.a(psa_interface_sfn.o) (p_current_partition)
secure_fw/spm/libtfm_spm.a(tfm_svcalls.o)
                              secure_fw/spm/libtfm_spm.a(main.o) (tfm_core_handler_mode)
secure_fw/spm/libtfm_spm.a(spm_local_connection.o)
                              secure_fw/spm/libtfm_spm.a(psa_api.o) (spm_free_connection)
secure_fw/spm/libtfm_spm.a(tfm_arch_v8m_main.o)
                              secure_fw/spm/libtfm_spm.a(main.o) (tfm_arch_set_secure_exception_priorities)
secure_fw/spm/libtfm_spm.a(ns_agent_tz_v80m.o)
                              secure_fw/CMakeFiles/tfm_s.dir/partitions/ns_agent_tz/load_info_ns_agent_tz.o (ns_agent_tz_main)
secure_fw/spm/libtfm_spm.a(tfm_hal_isolation.o)
                              secure_fw/spm/libtfm_spm.a(psa_call_api.o) (tfm_hal_memory_check)
secure_fw/spm/libtfm_spm.a(tfm_hal_platform_common.o)
                              secure_fw/spm/libtfm_spm.a(backend_sfn.o) (tfm_hal_get_ns_entry_point)
secure_fw/spm/libtfm_spm.a(faults.o)
                              secure_fw/CMakeFiles/tfm_s.dir/__/platform/ext/target/nordic_nrf/common/core/startup_nrf91.o (SPU_IRQHandler)
secure_fw/spm/libtfm_spm.a(target_cfg.o)
                              secure_fw/spm/libtfm_spm.a(tfm_hal_platform_common.o) (enable_fault_handlers)
secure_fw/spm/libtfm_spm.a(tfm_boot_data.o)
                              secure_fw/spm/libtfm_spm.a(main.o) (tfm_core_validate_boot_data)
secure_fw/spm/libtfm_spm.a(tfm_arch.o)
                              secure_fw/spm/libtfm_spm.a(tfm_svcalls.o) (tfm_arch_free_msp_and_exc_ret)
secure_fw/spm/libtfm_spm.a(spm_ipc.o)
[...]
Memory Configuration

Name             Origin             Length             Attributes
FLASH            0x0000000000010200 0x0000000000007e00 xr
RAM              0x0000000020000000 0x0000000000008000 xrw
*default*        0x0000000000000000 0xffffffffffffffff

Linker script and memory map

LOAD c:/ncs/toolchains/ce3b5ff664/opt/zephyr-sdk/arm-zephyr-eabi/bin/../lib/gcc/arm-zephyr-eabi/12.2.0/thumb/v8-m.main+fp/hard/crti.o
LOAD c:/ncs/toolchains/ce3b5ff664/opt/zephyr-sdk/arm-zephyr-eabi/bin/../lib/gcc/arm-zephyr-eabi/12.2.0/thumb/v8-m.main+fp/hard/crtbegin.o
LOAD c:/ncs/toolchains/ce3b5ff664/opt/zephyr-sdk/arm-zephyr-eabi/bin/../lib/gcc/arm-zephyr-eabi/12.2.0/../../../../arm-zephyr-eabi/lib/thumb/v8-m.main+fp/hard/crt0.o
LOAD secure_fw/CMakeFiles/tfm_s.dir/partitions/ns_agent_tz/psa_api_veneers_v80m.o
LOAD secure_fw/CMakeFiles/tfm_s.dir/__/platform/ext/target/nordic_nrf/common/core/startup.o
LOAD secure_fw/CMakeFiles/tfm_s.dir/__/platform/ext/target/nordic_nrf/common/core/startup_nrf91.o
LOAD secure_fw/CMakeFiles/tfm_s.dir/__/platform/ext/common/faults.o
LOAD secure_fw/CMakeFiles/tfm_s.dir/__/generated/secure_fw/partitions/crypto/auto_generated/load_info_tfm_crypto.o
LOAD secure_fw/CMakeFiles/tfm_s.dir/__/generated/secure_fw/partitions/platform/auto_generated/load_info_tfm_platform.o
LOAD secure_fw/CMakeFiles/tfm_s.dir/partitions/ns_agent_tz/load_info_ns_agent_tz.o
LOAD secure_fw/CMakeFiles/tfm_s.dir/__/platform/ext/common/syscalls_stub.o
LOAD platform/libplatform_s.a
LOAD secure_fw/partitions/lib/runtime/libtfm_sprt.a
LOAD secure_fw/spm/libtfm_spm.a
LOAD secure_fw/partitions/crypto/libtfm_psa_rot_partition_crypto.a
LOAD platform/libplatform_crypto_keys.a
LOAD secure_fw/partitions/crypto/mbedcrypto/nrf_security_src/libcrypto_service_mbedcrypto.a
LOAD secure_fw/partitions/platform/libtfm_psa_rot_partition_platform.a
LOAD platform/libplatform_s.a
LOAD secure_fw/partitions/lib/runtime/libtfm_sprt.a
LOAD secure_fw/spm/libtfm_spm.a
LOAD secure_fw/partitions/crypto/libtfm_psa_rot_partition_crypto.a
LOAD platform/libplatform_crypto_keys.a
LOAD secure_fw/partitions/crypto/mbedcrypto/nrf_security_src/libcrypto_service_mbedcrypto.a
LOAD secure_fw/partitions/platform/libtfm_psa_rot_partition_platform.a
LOAD platform/libplatform_s.a
LOAD secure_fw/partitions/lib/runtime/libtfm_sprt.a
LOAD secure_fw/spm/libtfm_spm.a
LOAD secure_fw/partitions/crypto/libtfm_psa_rot_partition_crypto.a
LOAD platform/libplatform_crypto_keys.a
LOAD secure_fw/partitions/crypto/mbedcrypto/nrf_security_src/libcrypto_service_mbedcrypto.a
LOAD secure_fw/partitions/platform/libtfm_psa_rot_partition_platform.a
LOAD C:/Users/Jin/Documents/GitHub/ese518_Cellular_test/nrfxlib/crypto/nrf_cc310_platform/lib/cortex-m33/hard-float/no-interrupts/libnrf_cc310_platform_0.9.19.a
LOAD C:/Users/Jin/Documents/GitHub/ese518_Cellular_test/nrfxlib/crypto/nrf_oberon/lib/cortex-m33/hard-float/liboberon_mbedtls_3.0.15.a
LOAD secure_fw/partitions/crypto/mbedcrypto/nrf_security_src/libmbedcrypto_base.a
LOAD C:/Users/Jin/Documents/GitHub/ese518_Cellular_test/nrfxlib/crypto/nrf_oberon/lib/cortex-m33/hard-float/liboberon_3.0.15.a
START GROUP
LOAD c:/ncs/toolchains/ce3b5ff664/opt/zephyr-sdk/arm-zephyr-eabi/bin/../lib/gcc/arm-zephyr-eabi/12.2.0/thumb/v8-m.main+fp/hard\libgcc.a
LOAD c:/ncs/toolchains/ce3b5ff664/opt/zephyr-sdk/arm-zephyr-eabi/bin/../lib/gcc/arm-zephyr-eabi/12.2.0/../../../../arm-zephyr-eabi/lib/thumb/v8-m.main+fp/hard\libc_nano.a
END GROUP
START GROUP
LOAD c:/ncs/toolchains/ce3b5ff664/opt/zephyr-sdk/arm-zephyr-eabi/bin/../lib/gcc/arm-zephyr-eabi/12.2.0/thumb/v8-m.main+fp/hard\libgcc.a
LOAD c:/ncs/toolchains/ce3b5ff664/opt/zephyr-sdk/arm-zephyr-eabi/bin/../lib/gcc/arm-zephyr-eabi/12.2.0/../../../../arm-zephyr-eabi/lib/thumb/v8-m.main+fp/hard\libc_nano.a
END GROUP
LOAD c:/ncs/toolchains/ce3b5ff664/opt/zephyr-sdk/arm-zephyr-eabi/bin/../lib/gcc/arm-zephyr-eabi/12.2.0/thumb/v8-m.main+fp/hard/crtend.o
LOAD c:/ncs/toolchains/ce3b5ff664/opt/zephyr-sdk/arm-zephyr-eabi/bin/../lib/gcc/arm-zephyr-eabi/12.2.0/thumb/v8-m.main+fp/hard/crtn.o
                0x0000000000000800                __msp_stack_size__ = 0x800
START GROUP
LOAD c:/ncs/toolchains/ce3b5ff664/opt/zephyr-sdk/arm-zephyr-eabi/bin/../lib/gcc/arm-zephyr-eabi/12.2.0/thumb/v8-m.main+fp/hard\libgcc.a
LOAD c:/ncs/toolchains/ce3b5ff664/opt/zephyr-sdk/arm-zephyr-eabi/bin/../lib/gcc/arm-zephyr-eabi/12.2.0/../../../../arm-zephyr-eabi/lib/thumb/v8-m.main+fp/hard\libc.a
LOAD c:/ncs/toolchains/ce3b5ff664/opt/zephyr-sdk/arm-zephyr-eabi/bin/../lib/gcc/arm-zephyr-eabi/12.2.0/../../../../arm-zephyr-eabi/lib/thumb/v8-m.main+fp/hard\libm.a
LOAD c:/ncs/toolchains/ce3b5ff664/opt/zephyr-sdk/arm-zephyr-eabi/bin/../lib/gcc/arm-zephyr-eabi/12.2.0/../../../../arm-zephyr-eabi/lib/thumb/v8-m.main+fp/hard\libnosys.a
LOAD c:/ncs/toolchains/ce3b5ff664/opt/zephyr-sdk/arm-zephyr-eabi/bin/../lib/gcc/arm-zephyr-eabi/12.2.0/../../../../arm-zephyr-eabi/lib/thumb/v8-m.main+fp/hard\libc_nano.a
END GROUP

.TFM_VECTORS    0x0000000000010200      0x144
                0x0000000000010200                __vectors_start__ = .
 *(.vectors)
 .vectors       0x0000000000010200      0x144 secure_fw/CMakeFiles/tfm_s.dir/__/platform/ext/target/nordic_nrf/common/core/startup_nrf91.o
                0x0000000000010200                __Vectors
                0x0000000000010344                . = ALIGN (0x4)
                0x0000000000010344                __vectors_end__ = .
                0x0000000000000001                ASSERT ((. <= (ADDR (.TFM_VECTORS) + 0x144)), .TFM_VECTORS section size overflow.)
                0x0000000000010344                . = (ADDR (.TFM_VECTORS) + 0x144)

.TFM_SP_LOAD_LIST
                0x0000000000010344       0xbc
 *(.part_load_priority_00)
 .part_load_priority_00
                0x0000000000010344       0x30 secure_fw/CMakeFiles/tfm_s.dir/partitions/ns_agent_tz/load_info_ns_agent_tz.o
                0x0000000000010344                tfm_sp_ns_agent_tz_load
 *(.part_load_priority_01)
 *(.part_load_priority_02)
 .part_load_priority_02
                0x0000000000010374       0x48 secure_fw/CMakeFiles/tfm_s.dir/__/generated/secure_fw/partitions/crypto/auto_generated/load_info_tfm_crypto.o
                0x0000000000010374                tfm_sp_crypto_load
 .part_load_priority_02
                0x00000000000103bc       0x44 secure_fw/CMakeFiles/tfm_s.dir/__/generated/secure_fw/partitions/platform/auto_generated/load_info_tfm_platform.o
                0x00000000000103bc                tfm_sp_platform_load
 *(.part_load_priority_03)
                0x0000000000010344                Image$$TFM_SP_LOAD_LIST$$RO$$Base = ADDR (.TFM_SP_LOAD_LIST)
                0x0000000000010400                Image$$TFM_SP_LOAD_LIST$$RO$$Limit = (ADDR (.TFM_SP_LOAD_LIST) + SIZEOF (.TFM_SP_LOAD_LIST))
                0x0000000000010400                . = ALIGN (0x20)
                0x0000000000010400                Image$$TFM_PSA_CODE_START$$Base = .

.TFM_PSA_ROT_LINKER
                0x0000000000010400      0x420
 *tfm_psa_rot_partition*:(SORT_BY_ALIGNMENT(.text*))
 .text.tfm_crypto_clear_scratch
                0x0000000000010400       0x20 secure_fw/partitions/crypto/libtfm_psa_rot_partition_crypto.a(crypto_init.o)
 .text.tfm_crypto_api_dispatcher
                0x0000000000010420       0xb0 secure_fw/partitions/crypto/libtfm_psa_rot_partition_crypto.a(crypto_init.o)
                0x0000000000010420                tfm_crypto_api_dispatcher
 .text.tfm_crypto_sfn
                0x00000000000104d0      0x170 secure_fw/partitions/crypto/libtfm_psa_rot_partition_crypto.a(crypto_init.o)
                0x00000000000104d0                tfm_crypto_sfn
 .text.tfm_crypto_init_alloc
                0x0000000000010640       0x14 secure_fw/partitions/crypto/libtfm_psa_rot_partition_crypto.a(crypto_alloc.o)
                0x0000000000010640                tfm_crypto_init_alloc
 .text.tfm_crypto_library_get_info
                0x0000000000010654       0x1c secure_fw/partitions/crypto/libtfm_psa_rot_partition_crypto.a(crypto_library.o)
                0x0000000000010654                tfm_crypto_library_get_info
 .text.tfm_crypto_core_library_init
                0x0000000000010670       0x14 secure_fw/partitions/crypto/libtfm_psa_rot_partition_crypto.a(crypto_library.o)
                0x0000000000010670                tfm_crypto_core_library_init
 .text.tfm_crypto_init
                0x0000000000010684       0x1c secure_fw/partitions/crypto/libtfm_psa_rot_partition_crypto.a(crypto_init.o)
                0x0000000000010684                tfm_crypto_init
 .text.tfm_crypto_cipher_interface
                0x00000000000106a0        0x6 secure_fw/partitions/crypto/libtfm_psa_rot_partition_crypto.a(crypto_cipher.o)
                0x00000000000106a0                tfm_crypto_cipher_interface
 .text.tfm_crypto_hash_interface
                0x00000000000106a6        0x6 secure_fw/partitions/crypto/libtfm_psa_rot_partition_crypto.a(crypto_hash.o)
                0x00000000000106a6                tfm_crypto_hash_interface
 .text.tfm_crypto_mac_interface
                0x00000000000106ac        0x6 secure_fw/partitions/crypto/libtfm_psa_rot_partition_crypto.a(crypto_mac.o)
                0x00000000000106ac                tfm_crypto_mac_interface
 .text.tfm_crypto_aead_interface
                0x00000000000106b2        0x6 secure_fw/partitions/crypto/libtfm_psa_rot_partition_crypto.a(crypto_aead.o)
                0x00000000000106b2                tfm_crypto_aead_interface
 .text.tfm_crypto_asymmetric_sign_interface
                0x00000000000106b8        0x6 secure_fw/partitions/crypto/libtfm_psa_rot_partition_crypto.a(crypto_asymmetric.o)
                0x00000000000106b8                tfm_crypto_asymmetric_sign_interface
 .text.tfm_crypto_asymmetric_encrypt_interface
                0x00000000000106be        0x6 secure_fw/partitions/crypto/libtfm_psa_rot_partition_crypto.a(crypto_asymmetric.o)
                0x00000000000106be                tfm_crypto_asymmetric_encrypt_interface
 .text.tfm_crypto_key_derivation_interface
                0x00000000000106c4        0x6 secure_fw/partitions/crypto/libtfm_psa_rot_partition_crypto.a(crypto_key_derivation.o)
                0x00000000000106c4                tfm_crypto_key_derivation_interface
 .text.tfm_crypto_key_management_interface
                0x00000000000106ca        0x6 secure_fw/partitions/crypto/libtfm_psa_rot_partition_crypto.a(crypto_key_management.o)
                0x00000000000106ca                tfm_crypto_key_management_interface
 .text.tfm_crypto_random_interface
                0x00000000000106d0        0x8 secure_fw/partitions/crypto/libtfm_psa_rot_partition_crypto.a(crypto_rng.o)
                0x00000000000106d0                tfm_crypto_random_interface
 .text.tfm_crypto_pake_interface
                0x00000000000106d8        0x6 secure_fw/partitions/crypto/libtfm_psa_rot_partition_crypto.a(crypto_pake.o)
                0x00000000000106d8                tfm_crypto_pake_interface
 .text.tfm_platform_service_sfn
                0x00000000000106de      0x114 secure_fw/partitions/platform/libtfm_psa_rot_partition_platform.a(platform_sp.o)
                0x00000000000106de                tfm_platform_service_sfn
 .text.platform_sp_init
                0x00000000000107f2        0x4 secure_fw/partitions/platform/libtfm_psa_rot_partition_platform.a(platform_sp.o)
                0x00000000000107f2                platform_sp_init
 *tfm_psa_rot_partition*:(SORT_BY_ALIGNMENT(.rodata*))
 .rodata.tfm_crypto_library_get_info.str1.1
                0x00000000000107f6        0xf secure_fw/partitions/crypto/libtfm_psa_rot_partition_crypto.a(crypto_library.o)
 *(TFM_*_PSA-ROT_ATTR_FN)
                0x0000000000010820                . = ALIGN (0x20)
 *fill*         0x0000000000010805       0x1b 
                0x0000000000010400                Image$$TFM_PSA_ROT_LINKER$$RO$$Base = ADDR (.TFM_PSA_ROT_LINKER)
                0x0000000000010820                Image$$TFM_PSA_ROT_LINKER$$RO$$Limit = (ADDR (.TFM_PSA_ROT_LINKER) + SIZEOF (.TFM_PSA_ROT_LINKER))
                0x0000000000010400                Image$$TFM_PSA_ROT_LINKER$$Base = ADDR (.TFM_PSA_ROT_LINKER)
                0x0000000000010820                Image$$TFM_PSA_ROT_LINKER$$Limit = (ADDR (.TFM_PSA_ROT_LINKER) + SIZEOF (.TFM_PSA_ROT_LINKER))
                0x0000000000010820                Image$$TFM_PSA_CODE_END$$Base = .
                0x0000000000010820                Image$$TFM_APP_CODE_START$$Base = .

.TFM_APP_ROT_LINKER
                0x0000000000010820        0x0
 *tfm_app_rot_partition*:(SORT_BY_ALIGNMENT(.text*))
 *tfm_app_rot_partition*:(SORT_BY_ALIGNMENT(.rodata*))
 *(TFM_*_APP-ROT_ATTR_FN)
                0x0000000000010820                . = ALIGN (0x20)
                0x0000000000010820                Image$$TFM_APP_ROT_LINKER$$RO$$Base = ADDR (.TFM_APP_ROT_LINKER)
                0x0000000000010820                Image$$TFM_APP_ROT_LINKER$$RO$$Limit = (ADDR (.TFM_APP_ROT_LINKER) + SIZEOF (.TFM_APP_ROT_LINKER))
                0x0000000000010820                Image$$TFM_APP_ROT_LINKER$$Base = ADDR (.TFM_APP_ROT_LINKER)
                0x0000000000010820                Image$$TFM_APP_ROT_LINKER$$Limit = (ADDR (.TFM_APP_ROT_LINKER) + SIZEOF (.TFM_APP_ROT_LINKER))
                0x0000000000010820                Image$$TFM_APP_CODE_END$$Base = .

.ARM.extab
 *(.ARM.extab* .gnu.linkonce.armextab.*)
                0x0000000000010820                __exidx_start = .

.ARM.exidx      0x0000000000010820        0x8
 *(.ARM.exidx* .gnu.linkonce.armexidx.*)
 .ARM.exidx     0x0000000000010820        0x8 c:/ncs/toolchains/ce3b5ff664/opt/zephyr-sdk/arm-zephyr-eabi/bin/../lib/gcc/arm-zephyr-eabi/12.2.0/../../../../arm-zephyr-eabi/lib/thumb/v8-m.main+fp/hard/crt0.o
                                         0x10 (size before relaxing)
                0x0000000000010828                __exidx_end = .

.ER_TFM_CODE    0x0000000000010828     0x309c
                0x0000000000010828                . = ALIGN (0x4)
                0x0000000000010828                __copy_table_start__ = .
                0x0000000000010828        0x4 LONG 0x17c40 LOADADDR (.TFM_DATA)
                0x000000000001082c        0x4 LONG 0x20001080 ADDR (.TFM_DATA)
                0x0000000000010830        0x4 LONG 0x4a (SIZEOF (.TFM_DATA) / 0x4)
                0x0000000000010834        0x4 LONG 0x17c40 LOADADDR (.TFM_PSA_ROT_LINKER_DATA)
                0x0000000000010838        0x4 LONG 0x20000c20 ADDR (.TFM_PSA_ROT_LINKER_DATA)
                0x000000000001083c        0x4 LONG 0x0 (SIZEOF (.TFM_PSA_ROT_LINKER_DATA) / 0x4)
                0x0000000000010840        0x4 LONG 0x17c40 LOADADDR (.TFM_APP_ROT_LINKER_DATA)
                0x0000000000010844        0x4 LONG 0x20000c00 ADDR (.TFM_APP_ROT_LINKER_DATA)
                0x0000000000010848        0x4 LONG 0x0 (SIZEOF (.TFM_APP_ROT_LINKER_DATA) / 0x4)
                0x000000000001084c                __copy_table_end__ = .
                0x000000000001084c                . = ALIGN (0x4)
                0x000000000001084c                __zero_table_start__ = .
                0x000000000001084c        0x4 LONG 0x200011a8 ADDR (.TFM_BSS)
                0x0000000000010850        0x4 LONG 0x5c4 (SIZEOF (.TFM_BSS) / 0x4)
                0x0000000000010854        0x4 LONG 0x20000c20 ADDR (.TFM_PSA_ROT_LINKER_BSS)
                0x0000000000010858        0x4 LONG 0x118 (SIZEOF (.TFM_PSA_ROT_LINKER_BSS) / 0x4)
                0x000000000001085c        0x4 LONG 0x20000c00 ADDR (.TFM_APP_ROT_LINKER_BSS)
                0x0000000000010860        0x4 LONG 0x8 (SIZEOF (.TFM_APP_ROT_LINKER_BSS) / 0x4)
                0x0000000000010864                __zero_table_end__ = .
 *startup*(.text*)
 .text.default_irq_handler
                0x0000000000010864        0x4 secure_fw/CMakeFiles/tfm_s.dir/__/platform/ext/target/nordic_nrf/common/core/startup.o
                0x0000000000010864                default_irq_handler
 .text.Reset_Handler
                0x0000000000010868       0xd4 secure_fw/CMakeFiles/tfm_s.dir/__/platform/ext/target/nordic_nrf/common/core/startup.o
                0x0000000000010868                Reset_Handler
 .text.default_tfm_IRQHandler
                0x000000000001093c       0x1c secure_fw/CMakeFiles/tfm_s.dir/__/platform/ext/target/nordic_nrf/common/core/startup_nrf91.o
                0x000000000001093c                TIMER2_IRQHandler
                0x000000000001093c                DebugMon_Handler
                0x000000000001093c                RTC0_IRQHandler
                0x000000000001093c                SysTick_Handler
                0x000000000001093c                PWM1_IRQHandler
                0x000000000001093c                PendSV_Handler
                0x000000000001093c                NMI_Handler
                0x000000000001093c                PDM_IRQHandler
                0x000000000001093c                default_tfm_IRQHandler
                0x000000000001093c                IPC_IRQHandler
                0x000000000001093c                PWM3_IRQHandler
                0x000000000001093c                FPU_IRQHandler
                0x000000000001093c                EGU3_IRQHandler
                0x000000000001093c                KMU_IRQHandler
                0x000000000001093c                CRYPTOCELL_IRQHandler
                0x000000000001093c                I2S_IRQHandler
                0x000000000001093c                EGU2_IRQHandler
                0x000000000001093c                TIMER0_IRQHandler
                0x000000000001093c                EGU4_IRQHandler
                0x000000000001093c                EGU0_IRQHandler
                0x000000000001093c                GPIOTE1_IRQHandler
                0x000000000001093c                TIMER1_IRQHandler
                0x000000000001093c                PWM2_IRQHandler
                0x000000000001093c                EGU1_IRQHandler
                0x000000000001093c                EGU5_IRQHandler
                0x000000000001093c                UARTE3_SPIM3_SPIS3_TWIM3_TWIS3_IRQHandler
                0x000000000001093c                SAADC_IRQHandler
                0x000000000001093c                GPIOTE0_IRQHandler
                0x000000000001093c                WDT_IRQHandler
                0x000000000001093c                SPIM0_SPIS0_TWIM0_TWIS0_UARTE0_IRQHandler
                0x000000000001093c                SPIM2_SPIS2_TWIM2_TWIS2_UARTE2_IRQHandler
                0x000000000001093c                PWM0_IRQHandler
                0x000000000001093c                RTC1_IRQHandler
                0x000000000001093c                SPIM1_SPIS1_TWIM1_TWIS1_UARTE1_IRQHandler
                0x000000000001093c                CLOCK_POWER_IRQHandler
 *libplatform_s*:(SORT_BY_ALIGNMENT(.text*))
 .text.hw_init_reset_on_boot
                0x0000000000010958       0xd0 platform/libplatform_s.a(hw_init.o)
                0x0000000000010958                hw_init_reset_on_boot
 .text.uicr_HFXOCNT_erased
                0x0000000000010a28       0x40 platform/libplatform_s.a(system_nrf91.o)
 .text.uicr_HFXOSRC_erased
                0x0000000000010a68       0x3c platform/libplatform_s.a(system_nrf91.o)
 .text.SystemInit
                0x0000000000010aa4      0x190 platform/libplatform_s.a(system_nrf91.o)
                0x0000000000010aa4                SystemInit
 .text.tfm_exception_info_get_context
                0x0000000000010c34        0xc platform/libplatform_s.a(exception_info.o)
                0x0000000000010c34                tfm_exception_info_get_context
 .text.store_and_dump_context
                0x0000000000010c40      0x110 platform/libplatform_s.a(exception_info.o)
                0x0000000000010c40                store_and_dump_context
 .text.stdio_output_string
                0x0000000000010d50       0x40 platform/libplatform_s.a(uart_stdout.o)
                0x0000000000010d50                stdio_output_string
 .text.stdio_init
                0x0000000000010d90       0x2c platform/libplatform_s.a(uart_stdout.o)
                0x0000000000010d90                stdio_init
 .text.ARM_USART_GetVersion
                0x0000000000010dbc       0x20 platform/libplatform_s.a(Driver_USART.o)
 .text.ARM_USART1_GetTxCount
                0x0000000000010ddc        0xc platform/libplatform_s.a(Driver_USART.o)
 .text.ARM_USART1_GetRxCount
                0x0000000000010de8        0xc platform/libplatform_s.a(Driver_USART.o)
 .text.ARM_USART1_Uninitialize
                0x0000000000010df4       0x18 platform/libplatform_s.a(Driver_USART.o)
 .text.ARM_USART1_Receive
                0x0000000000010e0c       0x3c platform/libplatform_s.a(Driver_USART.o)
 .text.ARM_USARTx_Send.constprop.0
                0x0000000000010e48       0x78 platform/libplatform_s.a(Driver_USART.o)
 .text.ARM_USART1_Control
                0x0000000000010ec0      0x178 platform/libplatform_s.a(Driver_USART.o)
 .text.ARM_USART1_Initialize
                0x0000000000011038       0x6c platform/libplatform_s.a(Driver_USART.o)
 .text.on_rx_disabled
                0x00000000000110a4       0x64 platform/libplatform_s.a(nrfx_uarte.o)
 .text.nrf_gpio_cfg_input.constprop.0
                0x0000000000011108       0x30 platform/libplatform_s.a(nrfx_uarte.o)
 .text.blocking_tx
                0x0000000000011138      0x1b8 platform/libplatform_s.a(nrfx_uarte.o)
 .text.nrf_gpio_pin_set
                0x00000000000112f0       0x18 platform/libplatform_s.a(nrfx_uarte.o)
 .text.nrf_gpio_cfg_output
                0x0000000000011308       0x34 platform/libplatform_s.a(nrfx_uarte.o)
 .text.uarte_configure
                0x000000000001133c      0x178 platform/libplatform_s.a(nrfx_uarte.o)
 .text.nrf_gpio_cfg_default
                0x00000000000114b4       0x34 platform/libplatform_s.a(nrfx_uarte.o)
 .text.nrfx_uarte_init
                0x00000000000114e8      0x16c platform/libplatform_s.a(nrfx_uarte.o)
                0x00000000000114e8                nrfx_uarte_init
 .text.nrfx_uarte_tx
                0x0000000000011654       0xd8 platform/libplatform_s.a(nrfx_uarte.o)
                0x0000000000011654                nrfx_uarte_tx
 .text.nrfx_uarte_tx_abort
                0x000000000001172c       0xb8 platform/libplatform_s.a(nrfx_uarte.o)
                0x000000000001172c                nrfx_uarte_tx_abort
 .text.nrfx_uarte_rx_enable
                0x00000000000117e4      0x144 platform/libplatform_s.a(nrfx_uarte.o)
                0x00000000000117e4                nrfx_uarte_rx_enable
 .text.nrfx_uarte_rx_buffer_set
                0x0000000000011928      0x138 platform/libplatform_s.a(nrfx_uarte.o)
                0x0000000000011928                nrfx_uarte_rx_buffer_set
 .text.nrfx_uarte_rx_abort
                0x0000000000011a60      0x108 platform/libplatform_s.a(nrfx_uarte.o)
                0x0000000000011a60                nrfx_uarte_rx_abort
 .text.nrfx_uarte_uninit
                0x0000000000011b68       0xd0 platform/libplatform_s.a(nrfx_uarte.o)
                0x0000000000011b68                nrfx_uarte_uninit
 .text.nrfx_uarte_rx_ready
                0x0000000000011c38       0x44 platform/libplatform_s.a(nrfx_uarte.o)
                0x0000000000011c38                nrfx_uarte_rx_ready
 .text.nrfx_uarte_rx
                0x0000000000011c7c       0x74 platform/libplatform_s.a(nrfx_uarte.o)
                0x0000000000011c7c                nrfx_uarte_rx
 .text.nrfx_critical_section_enter
                0x0000000000011cf0       0x10 platform/libplatform_s.a(nrfx_glue.o)
                0x0000000000011cf0                nrfx_critical_section_enter
 .text.nrfx_critical_section_exit
                0x0000000000011d00       0x14 platform/libplatform_s.a(nrfx_glue.o)
                0x0000000000011d00                nrfx_critical_section_exit
 .text.mpu_armv8m_enable
                0x0000000000011d14       0x34 platform/libplatform_s.a(mpu_armv8m_drv.o)
                0x0000000000011d14                mpu_armv8m_enable
 .text.spu_enable_interrupts
                0x0000000000011d48       0x10 platform/libplatform_s.a(spu.o)
                0x0000000000011d48                spu_enable_interrupts
 .text.spu_events_get
                0x0000000000011d58       0x28 platform/libplatform_s.a(spu.o)
                0x0000000000011d58                spu_events_get
 .text.spu_clear_events
                0x0000000000011d80       0x24 platform/libplatform_s.a(spu.o)
                0x0000000000011d80                spu_clear_events
 .text.spu_regions_reset_unlocked_secure
                0x0000000000011da4       0x3c platform/libplatform_s.a(spu.o)
                0x0000000000011da4                spu_regions_reset_unlocked_secure
 .text.spu_regions_flash_config
                0x0000000000011de0       0x2c platform/libplatform_s.a(spu.o)
                0x0000000000011de0                spu_regions_flash_config
 .text.spu_regions_sram_config
                0x0000000000011e0c       0x34 platform/libplatform_s.a(spu.o)
                0x0000000000011e0c                spu_regions_sram_config
 .text.spu_regions_flash_config_non_secure_callable
                0x0000000000011e40       0x30 platform/libplatform_s.a(spu.o)
                0x0000000000011e40                spu_regions_flash_config_non_secure_callable
 .text.spu_regions_sram_get_last_address_in_region
                0x0000000000011e70        0xc platform/libplatform_s.a(spu.o)
                0x0000000000011e70                spu_regions_sram_get_last_address_in_region
 .text.spu_peripheral_config_secure
                0x0000000000011e7c       0x1c platform/libplatform_s.a(spu.o)
                0x0000000000011e7c                spu_peripheral_config_secure
 .text.spu_peripheral_config_non_secure
                0x0000000000011e98       0x18 platform/libplatform_s.a(spu.o)
                0x0000000000011e98                spu_peripheral_config_non_secure
 .text.nrf_exception_info_store_context
                0x0000000000011eb0       0x20 platform/libplatform_s.a(nrf_exception_info.o)
                0x0000000000011eb0                nrf_exception_info_store_context
 .text.nrf_exception_info_get_context
                0x0000000000011ed0        0xc platform/libplatform_s.a(nrf_exception_info.o)
                0x0000000000011ed0                nrf_exception_info_get_context
 .text.tfm_hal_platform_init
                0x0000000000011edc       0x44 platform/libplatform_s.a(tfm_hal_platform.o)
                0x0000000000011edc                tfm_hal_platform_init
 .text.ns_fault_service_set_handler
                0x0000000000011f20       0x14 platform/libplatform_s.a(ns_fault_service.o)
                0x0000000000011f20                ns_fault_service_set_handler
 .text.call_ns_callback
                0x0000000000011f34       0xe8 platform/libplatform_s.a(ns_fault_service.o)
                0x0000000000011f34                call_ns_callback
 .text.ns_fault_service_call_handler
                0x000000000001201c       0x34 platform/libplatform_s.a(ns_fault_service.o)
                0x000000000001201c                ns_fault_service_call_handler
 .text.tfm_platform_hal_system_reset
                0x0000000000012050       0x24 platform/libplatform_s.a(tfm_platform_system.o)
                0x0000000000012050                tfm_platform_hal_system_reset
 .text.tfm_platform_hal_read_service
                0x0000000000012074       0x60 platform/libplatform_s.a(tfm_platform_hal_ioctl.o)
                0x0000000000012074                tfm_platform_hal_read_service
 .text.nrf91_errata_6
                0x00000000000120d4       0x1e platform/libplatform_s.a(system_nrf91.o)
 .text.nrf91_errata_14
                0x00000000000120f2       0x24 platform/libplatform_s.a(system_nrf91.o)
 .text.tfm_hal_output_spm_log
                0x0000000000012116        0x4 platform/libplatform_s.a(tfm_hal_spm_logdev_peripheral.o)
                0x0000000000012116                tfm_hal_output_spm_log
 .text.ARM_USART_GetCapabilities
                0x000000000001211a        0x4 platform/libplatform_s.a(Driver_USART.o)
 .text.ARM_USART_Transfer
                0x000000000001211e        0x6 platform/libplatform_s.a(Driver_USART.o)
 .text.ARM_USART_GetStatus
                0x0000000000012124        0xc platform/libplatform_s.a(Driver_USART.o)
 .text.ARM_USART_SetModemControl
                0x0000000000012130        0x6 platform/libplatform_s.a(Driver_USART.o)
 .text.ARM_USART_GetModemStatus
                0x0000000000012136        0xc platform/libplatform_s.a(Driver_USART.o)
 .text.ARM_USART1_PowerControl
                0x0000000000012142        0xc platform/libplatform_s.a(Driver_USART.o)
 .text.ARM_USART1_Send
                0x000000000001214e        0x4 platform/libplatform_s.a(Driver_USART.o)
 .text.uart_config_set_uart_pins
                0x0000000000012152       0x3c platform/libplatform_s.a(Driver_USART.o)
                0x0000000000012152                uart_config_set_uart_pins
 .text.is_tx_ready
                0x000000000001218e       0x1a platform/libplatform_s.a(nrfx_uarte.o)
 .text.user_handler
                0x00000000000121a8       0x22 platform/libplatform_s.a(nrfx_uarte.o)
 .text.user_handler_on_rx_done
                0x00000000000121ca       0x28 platform/libplatform_s.a(nrfx_uarte.o)
 .text.disable_hw_from_rx
                0x00000000000121f2       0x24 platform/libplatform_s.a(nrfx_uarte.o)
 .text.rx_flush.part.0
                0x0000000000012216       0x66 platform/libplatform_s.a(nrfx_uarte.o)
 .text.disable_hw_from_tx
                0x000000000001227c       0x16 platform/libplatform_s.a(nrfx_uarte.o)
 .text.tx_prepare_start.isra.0
                0x0000000000012292       0x7e platform/libplatform_s.a(nrfx_uarte.o)
 .text.mpu_armv8m_region_enable
                0x0000000000012310       0x6a platform/libplatform_s.a(mpu_armv8m_drv.o)
                0x0000000000012310                mpu_armv8m_region_enable
 .text.mpu_armv8m_region_disable
                0x000000000001237a       0x14 platform/libplatform_s.a(mpu_armv8m_drv.o)
                0x000000000001237a                mpu_armv8m_region_disable
 .text.mpu_armv8m_clean
                0x000000000001238e       0x22 platform/libplatform_s.a(mpu_armv8m_drv.o)
                0x000000000001238e                mpu_armv8m_clean
 .text.spu_regions_flash_get_base_address_in_region
                0x00000000000123b0        0x4 platform/libplatform_s.a(spu.o)
                0x00000000000123b0                spu_regions_flash_get_base_address_in_region
 .text.spu_regions_flash_get_last_address_in_region
                0x00000000000123b4        0xa platform/libplatform_s.a(spu.o)
                0x00000000000123b4                spu_regions_flash_get_last_address_in_region
 .text.spu_regions_flash_get_start_id
                0x00000000000123be        0x4 platform/libplatform_s.a(spu.o)
                0x00000000000123be                spu_regions_flash_get_start_id
 .text.spu_regions_flash_get_last_id
                0x00000000000123c2        0x4 platform/libplatform_s.a(spu.o)
                0x00000000000123c2                spu_regions_flash_get_last_id
 .text.spu_regions_flash_get_region_size
                0x00000000000123c6        0x6 platform/libplatform_s.a(spu.o)
                0x00000000000123c6                spu_regions_flash_get_region_size
 .text.spu_regions_sram_get_base_address_in_region
                0x00000000000123cc        0xa platform/libplatform_s.a(spu.o)
                0x00000000000123cc                spu_regions_sram_get_base_address_in_region
 .text.spu_regions_sram_get_start_id
                0x00000000000123d6        0x4 platform/libplatform_s.a(spu.o)
                0x00000000000123d6                spu_regions_sram_get_start_id
 .text.spu_regions_sram_get_last_id
                0x00000000000123da        0x4 platform/libplatform_s.a(spu.o)
                0x00000000000123da                spu_regions_sram_get_last_id
 .text.spu_regions_sram_get_region_size
                0x00000000000123de        0x6 platform/libplatform_s.a(spu.o)
                0x00000000000123de                spu_regions_sram_get_region_size
 .text.tfm_plat_otp_init
                0x00000000000123e4        0x4 platform/libplatform_s.a(dummy_otp.o)
                0x00000000000123e4                tfm_plat_otp_init
 .text.tfm_hal_system_halt
                0x00000000000123e8        0xc platform/libplatform_s.a(tfm_hal_reset_halt.o)
                0x00000000000123e8                tfm_hal_system_halt
 .text.tfm_plat_provisioning_is_required
                0x00000000000123f4        0x4 platform/libplatform_s.a(dummy_provisioning.o)
                0x00000000000123f4                tfm_plat_provisioning_is_required
 .text.tfm_plat_provisioning_perform
                0x00000000000123f8        0x4 platform/libplatform_s.a(dummy_provisioning.o)
                0x00000000000123f8                tfm_plat_provisioning_perform
 .text.tfm_plat_provisioning_check_for_dummy_keys
                0x00000000000123fc        0x2 platform/libplatform_s.a(dummy_provisioning.o)
                0x00000000000123fc                tfm_plat_provisioning_check_for_dummy_keys
 .text.tfm_platform_hal_ioctl
                0x00000000000123fe       0x6e platform/libplatform_s.a(tfm_platform_system.o)
                0x00000000000123fe                tfm_platform_hal_ioctl
 *libtfm_spm*:(SORT_BY_ALIGNMENT(.text*))
 .text.spm_log_msgval
                0x000000000001246c       0x58 secure_fw/spm/libtfm_spm.a(spm_log.o)
                0x000000000001246c                spm_log_msgval
 .text.startup.main
                0x00000000000124c4       0x80 secure_fw/spm/libtfm_spm.a(main.o)
                0x00000000000124c4                main
 .text.spm_associate_call_params
                0x0000000000012544      0x16c secure_fw/spm/libtfm_spm.a(psa_call_api.o)
                0x0000000000012544                spm_associate_call_params
 .text.tfm_spm_partition_psa_read
                0x00000000000126b0       0x74 secure_fw/spm/libtfm_spm.a(psa_read_write_skip_api.o)
                0x00000000000126b0                tfm_spm_partition_psa_read
 .text.tfm_spm_partition_psa_write
                0x0000000000012724       0x74 secure_fw/spm/libtfm_spm.a(psa_read_write_skip_api.o)
                0x0000000000012724                tfm_spm_partition_psa_write
 .text.spm_thread_fn
                0x0000000000012798       0x4c secure_fw/spm/libtfm_spm.a(backend_sfn.o)
 .text.backend_messaging
                0x00000000000127e4       0x50 secure_fw/spm/libtfm_spm.a(backend_sfn.o)
                0x00000000000127e4                backend_messaging
 .text.backend_replying
                0x0000000000012834       0x10 secure_fw/spm/libtfm_spm.a(backend_sfn.o)
                0x0000000000012834                backend_replying
 .text.backend_init_comp_assuredly
                0x0000000000012844       0x5c secure_fw/spm/libtfm_spm.a(backend_sfn.o)
                0x0000000000012844                backend_init_comp_assuredly
 .text.spm_svc_handler
                0x00000000000128a0       0x88 secure_fw/spm/libtfm_spm.a(tfm_svcalls.o)
                0x00000000000128a0                spm_svc_handler
 .text.SVC_Handler
                0x0000000000012928       0x68 secure_fw/spm/libtfm_spm.a(tfm_arch_v8m_main.o)
                0x0000000000012928                SVC_Handler
 .text.tfm_arch_set_secure_exception_priorities
                0x0000000000012990       0x28 secure_fw/spm/libtfm_spm.a(tfm_arch_v8m_main.o)
                0x0000000000012990                tfm_arch_set_secure_exception_priorities
 .text.tfm_arch_config_extensions
                0x00000000000129b8       0x4c secure_fw/spm/libtfm_spm.a(tfm_arch_v8m_main.o)
                0x00000000000129b8                tfm_arch_config_extensions
 .text.ns_agent_tz_main
                0x0000000000012a04       0x60 secure_fw/spm/libtfm_spm.a(ns_agent_tz_v80m.o)
                0x0000000000012a04                ns_agent_tz_main
 .text.tfm_hal_bind_boundary
                0x0000000000012a64       0x78 secure_fw/spm/libtfm_spm.a(tfm_hal_isolation.o)
                0x0000000000012a64                tfm_hal_bind_boundary
 .text.mpu_init_cfg
                0x0000000000012adc       0xf0 secure_fw/spm/libtfm_spm.a(tfm_hal_isolation.o)
                0x0000000000012adc                mpu_init_cfg
 .text.tfm_hal_get_ns_VTOR
                0x0000000000012bcc        0xc secure_fw/spm/libtfm_spm.a(tfm_hal_platform_common.o)
                0x0000000000012bcc                tfm_hal_get_ns_VTOR
 .text.tfm_hal_get_ns_MSP
                0x0000000000012bd8        0xc secure_fw/spm/libtfm_spm.a(tfm_hal_platform_common.o)
                0x0000000000012bd8                tfm_hal_get_ns_MSP
 .text.tfm_hal_get_ns_entry_point
                0x0000000000012be4        0xc secure_fw/spm/libtfm_spm.a(tfm_hal_platform_common.o)
                0x0000000000012be4                tfm_hal_get_ns_entry_point
 .text.SPU_Handler
                0x0000000000012bf0       0x3c secure_fw/spm/libtfm_spm.a(faults.o)
                0x0000000000012bf0                SPU_Handler
 .text.enable_fault_handlers
                0x0000000000012c2c       0x14 secure_fw/spm/libtfm_spm.a(target_cfg.o)
                0x0000000000012c2c                enable_fault_handlers
 .text.system_reset_cfg
                0x0000000000012c40       0x18 secure_fw/spm/libtfm_spm.a(target_cfg.o)
                0x0000000000012c40                system_reset_cfg
 .text.nvic_interrupt_target_state_cfg
                0x0000000000012c58       0x40 secure_fw/spm/libtfm_spm.a(target_cfg.o)
                0x0000000000012c58                nvic_interrupt_target_state_cfg
 .text.nvic_interrupt_enable
                0x0000000000012c98       0x18 secure_fw/spm/libtfm_spm.a(target_cfg.o)
                0x0000000000012c98                nvic_interrupt_enable
 .text.sau_and_idau_cfg
                0x0000000000012cb0       0x20 secure_fw/spm/libtfm_spm.a(target_cfg.o)
                0x0000000000012cb0                sau_and_idau_cfg
 .text.spu_init_cfg
                0x0000000000012cd0       0x94 secure_fw/spm/libtfm_spm.a(target_cfg.o)
                0x0000000000012cd0                spu_init_cfg
 .text.spu_periph_init_cfg
                0x0000000000012d64       0x4c secure_fw/spm/libtfm_spm.a(target_cfg.o)
                0x0000000000012d64                spu_periph_init_cfg
 .text.tfm_core_validate_boot_data
                0x0000000000012db0        0xc secure_fw/spm/libtfm_spm.a(tfm_boot_data.o)
                0x0000000000012db0                tfm_core_validate_boot_data
 .text.tfm_core_get_boot_data_handler
                0x0000000000012dbc       0x34 secure_fw/spm/libtfm_spm.a(tfm_boot_data.o)
                0x0000000000012dbc                tfm_core_get_boot_data_handler
 .text.tfm_arch_init_context
                0x0000000000012df0       0x5c secure_fw/spm/libtfm_spm.a(tfm_arch.o)
                0x0000000000012df0                tfm_arch_init_context
 .text.tfm_spm_get_service_by_sid
                0x0000000000012e4c       0x2c secure_fw/spm/libtfm_spm.a(spm_ipc.o)
                0x0000000000012e4c                tfm_spm_get_service_by_sid
 .text.tfm_spm_check_authorization
                0x0000000000012e78       0x44 secure_fw/spm/libtfm_spm.a(spm_ipc.o)
                0x0000000000012e78                tfm_spm_check_authorization
 .text.spm_init_connection
                0x0000000000012ebc       0x30 secure_fw/spm/libtfm_spm.a(spm_ipc.o)
                0x0000000000012ebc                spm_init_connection
 .text.tfm_spm_partition_get_running_partition_id
                0x0000000000012eec       0x18 secure_fw/spm/libtfm_spm.a(spm_ipc.o)
                0x0000000000012eec                tfm_spm_partition_get_running_partition_id
 .text.tfm_spm_is_ns_caller
                0x0000000000012f04       0x20 secure_fw/spm/libtfm_spm.a(spm_ipc.o)
                0x0000000000012f04                tfm_spm_is_ns_caller
 .text.spm_get_connection
                0x0000000000012f24       0x78 secure_fw/spm/libtfm_spm.a(spm_ipc.o)
                0x0000000000012f24                spm_get_connection
 .text.tfm_spm_init
                0x0000000000012f9c       0x64 secure_fw/spm/libtfm_spm.a(spm_ipc.o)
                0x0000000000012f9c                tfm_spm_init
 .text.load_a_partition_assuredly
                0x0000000000013000       0xc8 secure_fw/spm/libtfm_spm.a(rom_loader.o)
                0x0000000000013000                load_a_partition_assuredly
 .text.load_services_assuredly
                0x00000000000130c8       0xb4 secure_fw/spm/libtfm_spm.a(rom_loader.o)
                0x00000000000130c8                load_services_assuredly
 .text.tfm_nspm_ctx_init
                0x000000000001317c       0x18 secure_fw/spm/libtfm_spm.a(tfm_spm_ns_ctx.o)
                0x000000000001317c                tfm_nspm_ctx_init
 .text.tfm_core_panic
                0x0000000000013194        0x4 secure_fw/spm/libtfm_spm.a(utilities.o)
                0x0000000000013194                tfm_core_panic
 .text.spm_handle_programmer_errors
                0x0000000000013198       0x18 secure_fw/spm/libtfm_spm.a(psa_api.o)
                0x0000000000013198                spm_handle_programmer_errors
 .text.tfm_spm_partition_psa_reply
                0x00000000000131b0       0x9a secure_fw/spm/libtfm_spm.a(psa_api.o)
                0x00000000000131b0                tfm_spm_partition_psa_reply
 .text.tfm_spm_partition_psa_panic
                0x000000000001324a        0xc secure_fw/spm/libtfm_spm.a(psa_api.o)
                0x000000000001324a                tfm_spm_partition_psa_panic
 .text.tfm_spm_client_psa_call
                0x0000000000013256       0x4e secure_fw/spm/libtfm_spm.a(psa_call_api.o)
                0x0000000000013256                tfm_spm_client_psa_call
 .text.tfm_spm_client_psa_framework_version
                0x00000000000132a4        0x6 secure_fw/spm/libtfm_spm.a(psa_version_api.o)
                0x00000000000132a4                tfm_spm_client_psa_framework_version
 .text.tfm_spm_client_psa_version
                0x00000000000132aa       0x2c secure_fw/spm/libtfm_spm.a(psa_version_api.o)
                0x00000000000132aa                tfm_spm_client_psa_version
 .text.backend_system_run
                0x00000000000132d6        0x6 secure_fw/spm/libtfm_spm.a(backend_sfn.o)
                0x00000000000132d6                backend_system_run
 .text.tfm_core_handler_mode
                0x00000000000132dc        0x4 secure_fw/spm/libtfm_spm.a(tfm_svcalls.o)
                0x00000000000132dc                tfm_core_handler_mode
 .text.connection_to_handle
                0x00000000000132e0        0x6 secure_fw/spm/libtfm_spm.a(spm_local_connection.o)
                0x00000000000132e0                connection_to_handle
 .text.handle_to_connection
                0x00000000000132e6       0x12 secure_fw/spm/libtfm_spm.a(spm_local_connection.o)
                0x00000000000132e6                handle_to_connection
 .text.spm_init_connection_space
                0x00000000000132f8        0x2 secure_fw/spm/libtfm_spm.a(spm_local_connection.o)
                0x00000000000132f8                spm_init_connection_space
 .text.spm_allocate_connection
                0x00000000000132fa        0xe secure_fw/spm/libtfm_spm.a(spm_local_connection.o)
                0x00000000000132fa                spm_allocate_connection
 .text.spm_validate_connection
                0x0000000000013308        0x4 secure_fw/spm/libtfm_spm.a(spm_local_connection.o)
                0x0000000000013308                spm_validate_connection
 .text.spm_free_connection
                0x000000000001330c        0xc secure_fw/spm/libtfm_spm.a(spm_local_connection.o)
                0x000000000001330c                spm_free_connection
 .text.tfm_arch_clear_fp_data
                0x0000000000013318       0x8a secure_fw/spm/libtfm_spm.a(tfm_arch_v8m_main.o)
                0x0000000000013318                tfm_arch_clear_fp_data
 .text.tfm_hal_memory_check
                0x00000000000133a2      0x126 secure_fw/spm/libtfm_spm.a(tfm_hal_isolation.o)
                0x00000000000133a2                tfm_hal_memory_check
 .text.tfm_hal_set_up_static_boundaries
                0x00000000000134c8       0x2a secure_fw/spm/libtfm_spm.a(tfm_hal_isolation.o)
                0x00000000000134c8                tfm_hal_set_up_static_boundaries
 .text.tfm_hal_platform_common_init
                0x00000000000134f2       0x36 secure_fw/spm/libtfm_spm.a(tfm_hal_platform_common.o)
                0x00000000000134f2                tfm_hal_platform_common_init
 .text.SPU_IRQHandler
                0x0000000000013528       0x1c secure_fw/spm/libtfm_spm.a(faults.o)
                0x0000000000013528                SPU_IRQHandler
 .text.init_debug
                0x0000000000013544        0x4 secure_fw/spm/libtfm_spm.a(target_cfg.o)
                0x0000000000013544                init_debug
 .text.tfm_arch_free_msp_and_exc_ret
                0x0000000000013548        0xc secure_fw/spm/libtfm_spm.a(tfm_arch.o)
                0x0000000000013548                tfm_arch_free_msp_and_exc_ret
 .text.tfm_arch_refresh_hardware_context
                0x0000000000013554       0x16 secure_fw/spm/libtfm_spm.a(tfm_arch.o)
                0x0000000000013554                tfm_arch_refresh_hardware_context
 .text.tfm_spm_check_client_version
                0x000000000001356a       0x24 secure_fw/spm/libtfm_spm.a(spm_ipc.o)
                0x000000000001356a                tfm_spm_check_client_version
 .text.spm_msg_handle_to_connection
                0x000000000001358e       0x28 secure_fw/spm/libtfm_spm.a(spm_ipc.o)
                0x000000000001358e                spm_msg_handle_to_connection
 .text.tfm_spm_get_client_id
                0x00000000000135b6       0x20 secure_fw/spm/libtfm_spm.a(spm_ipc.o)
                0x00000000000135b6                tfm_spm_get_client_id
 .text.update_caller_outvec_len
                0x00000000000135d6       0x1e secure_fw/spm/libtfm_spm.a(spm_ipc.o)
                0x00000000000135d6                update_caller_outvec_len
 .text.load_irqs_assuredly
                0x00000000000135f4        0x2 secure_fw/spm/libtfm_spm.a(rom_loader.o)
                0x00000000000135f4                load_irqs_assuredly
 .text.tfm_nspm_get_current_client_id
                0x00000000000135f6        0x6 secure_fw/spm/libtfm_spm.a(tfm_spm_ns_ctx.o)
                0x00000000000135f6                tfm_nspm_get_current_client_id
 *libplatform_s*:*(.rodata*)
 .rodata.store_and_dump_context.str1.1
                0x00000000000135fc       0x8b platform/libplatform_s.a(exception_info.o)
 *fill*         0x0000000000013687        0x1 
 .rodata.Driver_USART1
                0x0000000000013688       0x38 platform/libplatform_s.a(Driver_USART.o)
                0x0000000000013688                Driver_USART1
 .rodata.UART1_pins
                0x00000000000136c0       0x10 platform/libplatform_s.a(Driver_USART.o)
 .rodata.DriverVersion
                0x00000000000136d0        0x4 platform/libplatform_s.a(Driver_USART.o)
 *fill*         0x00000000000136d4        0xc 
 .rodata.delay_machine_code.0
                0x00000000000136e0        0x6 platform/libplatform_s.a(nrfx_uarte.o)
 .rodata.nrf_exception_info_store_context.str1.1
                0x00000000000136e6       0x16 platform/libplatform_s.a(nrf_exception_info.o)
 .rodata.tfm_hal_platform_init.str1.1
                0x00000000000136fc       0x2e platform/libplatform_s.a(tfm_hal_platform.o)
 *fill*         0x000000000001372a        0x2 
 .rodata.ranges
                0x000000000001372c       0x20 platform/libplatform_s.a(tfm_platform_hal_ioctl.o)
 *libtfm_spm*:*(.rodata*)
 .rodata.HEX_TABLE
                0x000000000001374c       0x10 secure_fw/spm/libtfm_spm.a(spm_log.o)
 .rodata.main.str1.1
                0x000000000001375c       0x8a secure_fw/spm/libtfm_spm.a(main.o)
 .rodata.spm_svc_handler.str1.1
                0x00000000000137e6       0x3b secure_fw/spm/libtfm_spm.a(tfm_svcalls.o)
 *fill*         0x0000000000013821        0x3 
 .rodata.target_peripherals.0
                0x0000000000013824       0x70 secure_fw/spm/libtfm_spm.a(target_cfg.o)
 .rodata.memory_regions
                0x0000000000013894       0x24 secure_fw/spm/libtfm_spm.a(target_cfg.o)
                0x0000000000013894                memory_regions
 .rodata.serv_pool_ea
                0x00000000000138b8        0x4 secure_fw/spm/libtfm_spm.a(rom_loader.o)
 .rodata.part_pool_ea
                0x00000000000138bc        0x4 secure_fw/spm/libtfm_spm.a(rom_loader.o)
 .rodata.ldinf_ea
                0x00000000000138c0        0x4 secure_fw/spm/libtfm_spm.a(rom_loader.o)

.TFM_UNPRIV_CODE
                0x00000000000138e0     0x28a0
 *(SFN)
 SFN            0x00000000000138e0       0x8c secure_fw/CMakeFiles/tfm_s.dir/partitions/ns_agent_tz/psa_api_veneers_v80m.o
                0x00000000000138e0                __acle_se_tfm_psa_framework_version_veneer
                0x00000000000138fe                __acle_se_tfm_psa_version_veneer
                0x000000000001391c                __acle_se_tfm_psa_call_veneer
                0x0000000000013944                __acle_se_tfm_psa_connect_veneer
                0x0000000000013956                __acle_se_tfm_psa_close_veneer
 *(SORT_BY_ALIGNMENT(.text*))
 .text          0x000000000001396c       0x88 c:/ncs/toolchains/ce3b5ff664/opt/zephyr-sdk/arm-zephyr-eabi/bin/../lib/gcc/arm-zephyr-eabi/12.2.0/thumb/v8-m.main+fp/hard/crtbegin.o
 .text          0x00000000000139f4       0x7c c:/ncs/toolchains/ce3b5ff664/opt/zephyr-sdk/arm-zephyr-eabi/bin/../lib/gcc/arm-zephyr-eabi/12.2.0/../../../../arm-zephyr-eabi/lib/thumb/v8-m.main+fp/hard/crt0.o
                0x00000000000139f4                _stack_init
                0x00000000000139fc                _start
                0x00000000000139fc                _mainCRTStartup
 .text.tfm_psa_call_pack
                0x0000000000013a70       0x54 secure_fw/partitions/lib/runtime/libtfm_sprt.a(psa_interface_sfn.o)
                0x0000000000013a70                tfm_psa_call_pack
 .text.verify_header
                0x0000000000013ac4       0x40 secure_fw/partitions/crypto/mbedcrypto/nrf_security_src/libcrypto_service_mbedcrypto.a(memory_buffer_alloc.o)
 .text.verify_chain
                0x0000000000013b04       0x3c secure_fw/partitions/crypto/mbedcrypto/nrf_security_src/libcrypto_service_mbedcrypto.a(memory_buffer_alloc.o)
 .text.buffer_alloc_calloc
                0x0000000000013b40       0xf4 secure_fw/partitions/crypto/mbedcrypto/nrf_security_src/libcrypto_service_mbedcrypto.a(memory_buffer_alloc.o)
 .text.buffer_alloc_free
                0x0000000000013c34       0xe8 secure_fw/partitions/crypto/mbedcrypto/nrf_security_src/libcrypto_service_mbedcrypto.a(memory_buffer_alloc.o)
 .text.mbedtls_memory_buffer_alloc_init
                0x0000000000013d1c       0x64 secure_fw/partitions/crypto/mbedcrypto/nrf_security_src/libcrypto_service_mbedcrypto.a(memory_buffer_alloc.o)
                0x0000000000013d1c                mbedtls_memory_buffer_alloc_init
 .text.mbedtls_free
                0x0000000000013d80        0xc secure_fw/partitions/crypto/mbedcrypto/nrf_security_src/libcrypto_service_mbedcrypto.a(platform.o)
                0x0000000000013d80                mbedtls_free
 .text.mbedtls_platform_set_calloc_free
                0x0000000000013d8c       0x14 secure_fw/partitions/crypto/mbedcrypto/nrf_security_src/libcrypto_service_mbedcrypto.a(platform.o)
                0x0000000000013d8c                mbedtls_platform_set_calloc_free
 .text.mbedtls_platform_zeroize
                0x0000000000013da0       0x18 secure_fw/partitions/crypto/mbedcrypto/nrf_security_src/libcrypto_service_mbedcrypto.a(platform_util.o)
                0x0000000000013da0                mbedtls_platform_zeroize
 .text.mbedcrypto__psa_generate_random
                0x0000000000013db8       0x1c secure_fw/partitions/crypto/mbedcrypto/nrf_security_src/libcrypto_service_mbedcrypto.a(psa_crypto.o)
                0x0000000000013db8                mbedcrypto__psa_generate_random
 .text.mbedtls_psa_crypto_free
                0x0000000000013dd4       0x24 secure_fw/partitions/crypto/mbedcrypto/nrf_security_src/libcrypto_service_mbedcrypto.a(psa_crypto.o)
                0x0000000000013dd4                mbedtls_psa_crypto_free
 .text.mbedcrypto__psa_crypto_init
                0x0000000000013df8       0x38 secure_fw/partitions/crypto/mbedcrypto/nrf_security_src/libcrypto_service_mbedcrypto.a(psa_crypto.o)
                0x0000000000013df8                mbedcrypto__psa_crypto_init
 .text.psa_initialize_key_slots
                0x0000000000013e30       0x10 secure_fw/partitions/crypto/mbedcrypto/nrf_security_src/libcrypto_service_mbedcrypto.a(psa_crypto_slot_management.o)
                0x0000000000013e30                psa_initialize_key_slots
 .text.psa_wipe_all_key_slots
                0x0000000000013e40       0x24 secure_fw/partitions/crypto/mbedcrypto/nrf_security_src/libcrypto_service_mbedcrypto.a(psa_crypto_slot_management.o)
                0x0000000000013e40                psa_wipe_all_key_slots
 .text.nrf_cc3xx_platform_init_hmac_drbg
                0x0000000000013e64       0x44 C:/Users/Jin/Documents/GitHub/ese518_Cellular_test/nrfxlib/crypto/nrf_cc310_platform/lib/cortex-m33/hard-float/no-interrupts/libnrf_cc310_platform_0.9.19.a(nrf_cc3xx_platform.c.obj)
                0x0000000000013e64                nrf_cc3xx_platform_init_hmac_drbg
 .text.nrf_cc3xx_platform_hmac_drbg_init
                0x0000000000013ea8       0x60 C:/Users/Jin/Documents/GitHub/ese518_Cellular_test/nrfxlib/crypto/nrf_cc310_platform/lib/cortex-m33/hard-float/no-interrupts/libnrf_cc310_platform_0.9.19.a(nrf_cc3xx_platform_hmac_drbg.c.obj)
                0x0000000000013ea8                nrf_cc3xx_platform_hmac_drbg_init
 .text.nrf_cc3xx_platform_hmac_drbg_get
                0x0000000000013f08       0x44 C:/Users/Jin/Documents/GitHub/ese518_Cellular_test/nrfxlib/crypto/nrf_cc310_platform/lib/cortex-m33/hard-float/no-interrupts/libnrf_cc310_platform_0.9.19.a(nrf_cc3xx_platform_hmac_drbg.c.obj)
                0x0000000000013f08                nrf_cc3xx_platform_hmac_drbg_get
 .text.mbedtls_zeroize_internal
                0x0000000000013f4c       0x14 C:/Users/Jin/Documents/GitHub/ese518_Cellular_test/nrfxlib/crypto/nrf_cc310_platform/lib/cortex-m33/hard-float/no-interrupts/libnrf_cc310_platform_0.9.19.a(mbedtls_common.c.obj)
                0x0000000000013f4c                mbedtls_zeroize_internal
 .text.cc_mbedtls_platform_zeroize
                0x0000000000013f60       0x14 C:/Users/Jin/Documents/GitHub/ese518_Cellular_test/nrfxlib/crypto/nrf_cc310_platform/lib/cortex-m33/hard-float/no-interrupts/libnrf_cc310_platform_0.9.19.a(mbedtls_common.c.obj)
                0x0000000000013f60                cc_mbedtls_platform_zeroize
 .text.entropy_update
                0x0000000000013f74       0x7c C:/Users/Jin/Documents/GitHub/ese518_Cellular_test/nrfxlib/crypto/nrf_cc310_platform/lib/cortex-m33/hard-float/no-interrupts/libnrf_cc310_platform_0.9.19.a(custom_entropy.c.obj)
 .text.entropy_gather_internal.part.0
                0x0000000000013ff0       0x88 C:/Users/Jin/Documents/GitHub/ese518_Cellular_test/nrfxlib/crypto/nrf_cc310_platform/lib/cortex-m33/hard-float/no-interrupts/libnrf_cc310_platform_0.9.19.a(custom_entropy.c.obj)
 .text.cc_mbedtls_entropy_init
                0x0000000000014078       0x84 C:/Users/Jin/Documents/GitHub/ese518_Cellular_test/nrfxlib/crypto/nrf_cc310_platform/lib/cortex-m33/hard-float/no-interrupts/libnrf_cc310_platform_0.9.19.a(custom_entropy.c.obj)
                0x0000000000014078                cc_mbedtls_entropy_init
 .text.cc_mbedtls_entropy_func
                0x00000000000140fc      0x110 C:/Users/Jin/Documents/GitHub/ese518_Cellular_test/nrfxlib/crypto/nrf_cc310_platform/lib/cortex-m33/hard-float/no-interrupts/libnrf_cc310_platform_0.9.19.a(custom_entropy.c.obj)
                0x00000000000140fc                cc_mbedtls_entropy_func
 .text.cc_hmac_sha256_starts.constprop.0
                0x000000000001420c      0x108 C:/Users/Jin/Documents/GitHub/ese518_Cellular_test/nrfxlib/crypto/nrf_cc310_platform/lib/cortex-m33/hard-float/no-interrupts/libnrf_cc310_platform_0.9.19.a(hmac_drbg_alt.c.obj)
 .text.cc_mbedtls_hmac_drbg_init
                0x0000000000014314       0x28 C:/Users/Jin/Documents/GitHub/ese518_Cellular_test/nrfxlib/crypto/nrf_cc310_platform/lib/cortex-m33/hard-float/no-interrupts/libnrf_cc310_platform_0.9.19.a(hmac_drbg_alt.c.obj)
                0x0000000000014314                cc_mbedtls_hmac_drbg_init
 .text.cc_mbedtls_hmac_drbg_update
                0x000000000001433c      0x170 C:/Users/Jin/Documents/GitHub/ese518_Cellular_test/nrfxlib/crypto/nrf_cc310_platform/lib/cortex-m33/hard-float/no-interrupts/libnrf_cc310_platform_0.9.19.a(hmac_drbg_alt.c.obj)
                0x000000000001433c                cc_mbedtls_hmac_drbg_update
 .text.cc_hmac_drbg_reseed_core
                0x00000000000144ac       0xac C:/Users/Jin/Documents/GitHub/ese518_Cellular_test/nrfxlib/crypto/nrf_cc310_platform/lib/cortex-m33/hard-float/no-interrupts/libnrf_cc310_platform_0.9.19.a(hmac_drbg_alt.c.obj)
 .text.cc_mbedtls_hmac_drbg_seed
                0x0000000000014558       0x54 C:/Users/Jin/Documents/GitHub/ese518_Cellular_test/nrfxlib/crypto/nrf_cc310_platform/lib/cortex-m33/hard-float/no-interrupts/libnrf_cc310_platform_0.9.19.a(hmac_drbg_alt.c.obj)
                0x0000000000014558                cc_mbedtls_hmac_drbg_seed
 .text.cc_mbedtls_hmac_drbg_random_with_add
                0x00000000000145ac      0x144 C:/Users/Jin/Documents/GitHub/ese518_Cellular_test/nrfxlib/crypto/nrf_cc310_platform/lib/cortex-m33/hard-float/no-interrupts/libnrf_cc310_platform_0.9.19.a(hmac_drbg_alt.c.obj)
                0x00000000000145ac                cc_mbedtls_hmac_drbg_random_with_add
 .text.RndStartupTest.constprop.0
                0x00000000000146f0       0x98 C:/Users/Jin/Documents/GitHub/ese518_Cellular_test/nrfxlib/crypto/nrf_cc310_platform/lib/cortex-m33/hard-float/no-interrupts/libnrf_cc310_platform_0.9.19.a(cc_lib.c.obj)
 .text.CC_LibInit_HMAC_DRBG
                0x0000000000014788       0xc0 C:/Users/Jin/Documents/GitHub/ese518_Cellular_test/nrfxlib/crypto/nrf_cc310_platform/lib/cortex-m33/hard-float/no-interrupts/libnrf_cc310_platform_0.9.19.a(cc_lib.c.obj)
                0x0000000000014788                CC_LibInit_HMAC_DRBG
 .text.CC_HalInit
                0x0000000000014848        0x4 C:/Users/Jin/Documents/GitHub/ese518_Cellular_test/nrfxlib/crypto/nrf_cc310_platform/lib/cortex-m33/hard-float/no-interrupts/libnrf_cc310_platform_0.9.19.a(cc_hal.c.obj)
                0x0000000000014848                CC_HalInit
 .text.CC_HalTerminate
                0x000000000001484c        0x4 C:/Users/Jin/Documents/GitHub/ese518_Cellular_test/nrfxlib/crypto/nrf_cc310_platform/lib/cortex-m33/hard-float/no-interrupts/libnrf_cc310_platform_0.9.19.a(cc_hal.c.obj)
                0x000000000001484c                CC_HalTerminate
 .text.CC_HalClearInterruptBit
                0x0000000000014850       0x1c C:/Users/Jin/Documents/GitHub/ese518_Cellular_test/nrfxlib/crypto/nrf_cc310_platform/lib/cortex-m33/hard-float/no-interrupts/libnrf_cc310_platform_0.9.19.a(cc_hal.c.obj)
                0x0000000000014850                CC_HalClearInterruptBit
 .text.CC_HalMaskInterrupt
                0x000000000001486c        0xc C:/Users/Jin/Documents/GitHub/ese518_Cellular_test/nrfxlib/crypto/nrf_cc310_platform/lib/cortex-m33/hard-float/no-interrupts/libnrf_cc310_platform_0.9.19.a(cc_hal.c.obj)
                0x000000000001486c                CC_HalMaskInterrupt
 .text.CC_HalWaitInterrupt
                0x0000000000014878        0xc C:/Users/Jin/Documents/GitHub/ese518_Cellular_test/nrfxlib/crypto/nrf_cc310_platform/lib/cortex-m33/hard-float/no-interrupts/libnrf_cc310_platform_0.9.19.a(cc_hal.c.obj)
                0x0000000000014878                CC_HalWaitInterrupt
 .text.CC_HalWaitInterruptRND
                0x0000000000014884        0xc C:/Users/Jin/Documents/GitHub/ese518_Cellular_test/nrfxlib/crypto/nrf_cc310_platform/lib/cortex-m33/hard-float/no-interrupts/libnrf_cc310_platform_0.9.19.a(cc_hal.c.obj)
                0x0000000000014884                CC_HalWaitInterruptRND
 .text.CC_PalInit
                0x0000000000014890       0x5c C:/Users/Jin/Documents/GitHub/ese518_Cellular_test/nrfxlib/crypto/nrf_cc310_platform/lib/cortex-m33/hard-float/no-interrupts/libnrf_cc310_platform_0.9.19.a(cc_pal.c.obj)
                0x0000000000014890                CC_PalInit
 .text.CC_PalTerminate
                0x00000000000148ec       0x34 C:/Users/Jin/Documents/GitHub/ese518_Cellular_test/nrfxlib/crypto/nrf_cc310_platform/lib/cortex-m33/hard-float/no-interrupts/libnrf_cc310_platform_0.9.19.a(cc_pal.c.obj)
                0x00000000000148ec                CC_PalTerminate
 .text.CC_PalDmaInit
                0x0000000000014920        0x4 C:/Users/Jin/Documents/GitHub/ese518_Cellular_test/nrfxlib/crypto/nrf_cc310_platform/lib/cortex-m33/hard-float/no-interrupts/libnrf_cc310_platform_0.9.19.a(cc_pal_dma.c.obj)
                0x0000000000014920                CC_PalDmaInit
 .text.CC_PalDmaTerminate
                0x0000000000014924        0x4 C:/Users/Jin/Documents/GitHub/ese518_Cellular_test/nrfxlib/crypto/nrf_cc310_platform/lib/cortex-m33/hard-float/no-interrupts/libnrf_cc310_platform_0.9.19.a(cc_pal_dma.c.obj)
                0x0000000000014924                CC_PalDmaTerminate
 .text.CC_PalWaitInterruptRND
                0x0000000000014928       0x2c C:/Users/Jin/Documents/GitHub/ese518_Cellular_test/nrfxlib/crypto/nrf_cc310_platform/lib/cortex-m33/hard-float/no-interrupts/libnrf_cc310_platform_0.9.19.a(cc_pal_interrupt_ctrl.c.obj)
                0x0000000000014928                CC_PalWaitInterruptRND
 .text.CC_PalWaitInterrupt
                0x0000000000014954       0x18 C:/Users/Jin/Documents/GitHub/ese518_Cellular_test/nrfxlib/crypto/nrf_cc310_platform/lib/cortex-m33/hard-float/no-interrupts/libnrf_cc310_platform_0.9.19.a(cc_pal_interrupt_ctrl.c.obj)
                0x0000000000014954                CC_PalWaitInterrupt
 .text.CC_PalMemCopyPlat
                0x000000000001496c        0x4 C:/Users/Jin/Documents/GitHub/ese518_Cellular_test/nrfxlib/crypto/nrf_cc310_platform/lib/cortex-m33/hard-float/no-interrupts/libnrf_cc310_platform_0.9.19.a(cc_pal_mem.c.obj)
                0x000000000001496c                CC_PalMemCopyPlat
 .text.CC_PalMemSetZeroPlat
                0x0000000000014970        0x8 C:/Users/Jin/Documents/GitHub/ese518_Cellular_test/nrfxlib/crypto/nrf_cc310_platform/lib/cortex-m33/hard-float/no-interrupts/libnrf_cc310_platform_0.9.19.a(cc_pal_mem.c.obj)
                0x0000000000014970                CC_PalMemSetZeroPlat
 .text.CC_PalMutexCreate
                0x0000000000014978       0x14 C:/Users/Jin/Documents/GitHub/ese518_Cellular_test/nrfxlib/crypto/nrf_cc310_platform/lib/cortex-m33/hard-float/no-interrupts/libnrf_cc310_platform_0.9.19.a(cc_pal_mutex.c.obj)
                0x0000000000014978                CC_PalMutexCreate
 .text.CC_PalMutexDestroy
                0x000000000001498c       0x14 C:/Users/Jin/Documents/GitHub/ese518_Cellular_test/nrfxlib/crypto/nrf_cc310_platform/lib/cortex-m33/hard-float/no-interrupts/libnrf_cc310_platform_0.9.19.a(cc_pal_mutex.c.obj)
                0x000000000001498c                CC_PalMutexDestroy
 .text.CC_PalMutexLock
                0x00000000000149a0       0x10 C:/Users/Jin/Documents/GitHub/ese518_Cellular_test/nrfxlib/crypto/nrf_cc310_platform/lib/cortex-m33/hard-float/no-interrupts/libnrf_cc310_platform_0.9.19.a(cc_pal_mutex.c.obj)
                0x00000000000149a0                CC_PalMutexLock
 .text.CC_PalMutexUnlock
                0x00000000000149b0       0x14 C:/Users/Jin/Documents/GitHub/ese518_Cellular_test/nrfxlib/crypto/nrf_cc310_platform/lib/cortex-m33/hard-float/no-interrupts/libnrf_cc310_platform_0.9.19.a(cc_pal_mutex.c.obj)
                0x00000000000149b0                CC_PalMutexUnlock
 .text.CC_PalPowerSaveModeInit
                0x00000000000149c4       0x3c C:/Users/Jin/Documents/GitHub/ese518_Cellular_test/nrfxlib/crypto/nrf_cc310_platform/lib/cortex-m33/hard-float/no-interrupts/libnrf_cc310_platform_0.9.19.a(cc_pal_pm.c.obj)
                0x00000000000149c4                CC_PalPowerSaveModeInit
 .text.CC_PalPowerSaveModeSelect
                0x0000000000014a00       0x84 C:/Users/Jin/Documents/GitHub/ese518_Cellular_test/nrfxlib/crypto/nrf_cc310_platform/lib/cortex-m33/hard-float/no-interrupts/libnrf_cc310_platform_0.9.19.a(cc_pal_pm.c.obj)
                0x0000000000014a00                CC_PalPowerSaveModeSelect
 .text.mutex_init
                0x0000000000014a84        0xc C:/Users/Jin/Documents/GitHub/ese518_Cellular_test/nrfxlib/crypto/nrf_cc310_platform/lib/cortex-m33/hard-float/no-interrupts/libnrf_cc310_platform_0.9.19.a(threading_alt.c.obj)
                0x0000000000014a84                mutex_init
 .text.mutex_lock
                0x0000000000014a90        0xc C:/Users/Jin/Documents/GitHub/ese518_Cellular_test/nrfxlib/crypto/nrf_cc310_platform/lib/cortex-m33/hard-float/no-interrupts/libnrf_cc310_platform_0.9.19.a(threading_alt.c.obj)
                0x0000000000014a90                mutex_lock
 .text.mutex_unlock
                0x0000000000014a9c        0xc C:/Users/Jin/Documents/GitHub/ese518_Cellular_test/nrfxlib/crypto/nrf_cc310_platform/lib/cortex-m33/hard-float/no-interrupts/libnrf_cc310_platform_0.9.19.a(threading_alt.c.obj)
                0x0000000000014a9c                mutex_unlock
 .text.nrf_cc3xx_platform_abort
                0x0000000000014aa8       0x24 C:/Users/Jin/Documents/GitHub/ese518_Cellular_test/nrfxlib/crypto/nrf_cc310_platform/lib/cortex-m33/hard-float/no-interrupts/libnrf_cc310_platform_0.9.19.a(nrf_cc3xx_platform_abort.c.obj)
 .text.CC_PalAbort
                0x0000000000014acc       0x34 C:/Users/Jin/Documents/GitHub/ese518_Cellular_test/nrfxlib/crypto/nrf_cc310_platform/lib/cortex-m33/hard-float/no-interrupts/libnrf_cc310_platform_0.9.19.a(nrf_cc3xx_platform_abort.c.obj)
                0x0000000000014acc                CC_PalAbort
 .text.mutex_free
                0x0000000000014b00       0x34 C:/Users/Jin/Documents/GitHub/ese518_Cellular_test/nrfxlib/crypto/nrf_cc310_platform/lib/cortex-m33/hard-float/no-interrupts/libnrf_cc310_platform_0.9.19.a(nrf_cc3xx_platform_mutex.c.obj)
 .text.mutex_lock
                0x0000000000014b34       0x48 C:/Users/Jin/Documents/GitHub/ese518_Cellular_test/nrfxlib/crypto/nrf_cc310_platform/lib/cortex-m33/hard-float/no-interrupts/libnrf_cc310_platform_0.9.19.a(nrf_cc3xx_platform_mutex.c.obj)
 .text.mutex_unlock
                0x0000000000014b7c       0x38 C:/Users/Jin/Documents/GitHub/ese518_Cellular_test/nrfxlib/crypto/nrf_cc310_platform/lib/cortex-m33/hard-float/no-interrupts/libnrf_cc310_platform_0.9.19.a(nrf_cc3xx_platform_mutex.c.obj)
 .text.mutex_init
                0x0000000000014bb4       0x20 C:/Users/Jin/Documents/GitHub/ese518_Cellular_test/nrfxlib/crypto/nrf_cc310_platform/lib/cortex-m33/hard-float/no-interrupts/libnrf_cc310_platform_0.9.19.a(nrf_cc3xx_platform_mutex.c.obj)
 .text.startTrngHW
                0x0000000000014bd4      0x140 C:/Users/Jin/Documents/GitHub/ese518_Cellular_test/nrfxlib/crypto/nrf_cc310_platform/lib/cortex-m33/hard-float/no-interrupts/libnrf_cc310_platform_0.9.19.a(llf_rnd_trng90b.c.obj)
 .text.LLF_RND_RepetitionCounterTest
                0x0000000000014d14       0x64 C:/Users/Jin/Documents/GitHub/ese518_Cellular_test/nrfxlib/crypto/nrf_cc310_platform/lib/cortex-m33/hard-float/no-interrupts/libnrf_cc310_platform_0.9.19.a(llf_rnd_trng90b.c.obj)
                0x0000000000014d14                LLF_RND_RepetitionCounterTest
 .text.LLF_RND_AdaptiveProportionTest
                0x0000000000014d78       0x80 C:/Users/Jin/Documents/GitHub/ese518_Cellular_test/nrfxlib/crypto/nrf_cc310_platform/lib/cortex-m33/hard-float/no-interrupts/libnrf_cc310_platform_0.9.19.a(llf_rnd_trng90b.c.obj)
                0x0000000000014d78                LLF_RND_AdaptiveProportionTest
 .text.getTrngSource
                0x0000000000014df8      0x2b4 C:/Users/Jin/Documents/GitHub/ese518_Cellular_test/nrfxlib/crypto/nrf_cc310_platform/lib/cortex-m33/hard-float/no-interrupts/libnrf_cc310_platform_0.9.19.a(llf_rnd_trng90b.c.obj)
 .text.LLF_RND_GetTrngSource
                0x00000000000150ac       0x18 C:/Users/Jin/Documents/GitHub/ese518_Cellular_test/nrfxlib/crypto/nrf_cc310_platform/lib/cortex-m33/hard-float/no-interrupts/libnrf_cc310_platform_0.9.19.a(llf_rnd_trng90b.c.obj)
                0x00000000000150ac                LLF_RND_GetTrngSource
 .text.LLF_RND_RunTrngStartupTest
                0x00000000000150c4       0x1c C:/Users/Jin/Documents/GitHub/ese518_Cellular_test/nrfxlib/crypto/nrf_cc310_platform/lib/cortex-m33/hard-float/no-interrupts/libnrf_cc310_platform_0.9.19.a(llf_rnd_trng90b.c.obj)
                0x00000000000150c4                LLF_RND_RunTrngStartupTest
 .text.mbedtls_hardware_poll
                0x00000000000150e0       0xfc C:/Users/Jin/Documents/GitHub/ese518_Cellular_test/nrfxlib/crypto/nrf_cc310_platform/lib/cortex-m33/hard-float/no-interrupts/libnrf_cc310_platform_0.9.19.a(trng_api.c.obj)
                0x00000000000150e0                mbedtls_hardware_poll
 .text.cc_mbedtls_sha256_init
                0x00000000000151dc       0x28 C:/Users/Jin/Documents/GitHub/ese518_Cellular_test/nrfxlib/crypto/nrf_cc310_platform/lib/cortex-m33/hard-float/no-interrupts/libnrf_cc310_platform_0.9.19.a(sha256_alt.c.obj)
                0x00000000000151dc                cc_mbedtls_sha256_init
 .text.cc_mbedtls_sha256_free
                0x0000000000015204        0xc C:/Users/Jin/Documents/GitHub/ese518_Cellular_test/nrfxlib/crypto/nrf_cc310_platform/lib/cortex-m33/hard-float/no-interrupts/libnrf_cc310_platform_0.9.19.a(sha256_alt.c.obj)
                0x0000000000015204                cc_mbedtls_sha256_free
 .text.cc_mbedtls_sha256_starts
                0x0000000000015210       0x28 C:/Users/Jin/Documents/GitHub/ese518_Cellular_test/nrfxlib/crypto/nrf_cc310_platform/lib/cortex-m33/hard-float/no-interrupts/libnrf_cc310_platform_0.9.19.a(sha256_alt.c.obj)
                0x0000000000015210                cc_mbedtls_sha256_starts
 .text.cc_mbedtls_sha256_update
                0x0000000000015238       0x54 C:/Users/Jin/Documents/GitHub/ese518_Cellular_test/nrfxlib/crypto/nrf_cc310_platform/lib/cortex-m33/hard-float/no-interrupts/libnrf_cc310_platform_0.9.19.a(sha256_alt.c.obj)
                0x0000000000015238                cc_mbedtls_sha256_update
 .text.cc_mbedtls_sha256_finish
                0x000000000001528c       0x48 C:/Users/Jin/Documents/GitHub/ese518_Cellular_test/nrfxlib/crypto/nrf_cc310_platform/lib/cortex-m33/hard-float/no-interrupts/libnrf_cc310_platform_0.9.19.a(sha256_alt.c.obj)
                0x000000000001528c                cc_mbedtls_sha256_finish
 .text.mbedtls_sha_starts_internal
                0x00000000000152d4       0x28 C:/Users/Jin/Documents/GitHub/ese518_Cellular_test/nrfxlib/crypto/nrf_cc310_platform/lib/cortex-m33/hard-float/no-interrupts/libnrf_cc310_platform_0.9.19.a(mbedtls_hash_common.c.obj)
                0x00000000000152d4                mbedtls_sha_starts_internal
 .text.mbedtls_sha_finish_internal
                0x00000000000152fc       0x5c C:/Users/Jin/Documents/GitHub/ese518_Cellular_test/nrfxlib/crypto/nrf_cc310_platform/lib/cortex-m33/hard-float/no-interrupts/libnrf_cc310_platform_0.9.19.a(mbedtls_hash_common.c.obj)
                0x00000000000152fc                mbedtls_sha_finish_internal
 .text.mbedtls_sha_update_internal
                0x0000000000015358      0x1ec C:/Users/Jin/Documents/GitHub/ese518_Cellular_test/nrfxlib/crypto/nrf_cc310_platform/lib/cortex-m33/hard-float/no-interrupts/libnrf_cc310_platform_0.9.19.a(mbedtls_hash_common.c.obj)
                0x0000000000015358                mbedtls_sha_update_internal
 .text.cc_mbedtls_sha256
                0x0000000000015544       0x50 C:/Users/Jin/Documents/GitHub/ese518_Cellular_test/nrfxlib/crypto/nrf_cc310_platform/lib/cortex-m33/hard-float/no-interrupts/libnrf_cc310_platform_0.9.19.a(sha256.c.obj)
                0x0000000000015544                cc_mbedtls_sha256
 .text.RNG_PLAT_SetUserRngParameters
                0x0000000000015594       0x74 C:/Users/Jin/Documents/GitHub/ese518_Cellular_test/nrfxlib/crypto/nrf_cc310_platform/lib/cortex-m33/hard-float/no-interrupts/libnrf_cc310_platform_0.9.19.a(cc_rng_plat.c.obj)
                0x0000000000015594                RNG_PLAT_SetUserRngParameters
 .text.CC_PalTrngParamGet
                0x0000000000015608      0x114 C:/Users/Jin/Documents/GitHub/ese518_Cellular_test/nrfxlib/crypto/nrf_cc310_platform/lib/cortex-m33/hard-float/no-interrupts/libnrf_cc310_platform_0.9.19.a(cc_pal_trng.c.obj)
                0x0000000000015608                CC_PalTrngParamGet
 .text.LLF_RND_WaitRngInterrupt
                0x000000000001571c       0x20 C:/Users/Jin/Documents/GitHub/ese518_Cellular_test/nrfxlib/crypto/nrf_cc310_platform/lib/cortex-m33/hard-float/no-interrupts/libnrf_cc310_platform_0.9.19.a(llf_rnd.c.obj)
                0x000000000001571c                LLF_RND_WaitRngInterrupt
 .text.LLF_RND_GetRoscSampleCnt
                0x000000000001573c       0x34 C:/Users/Jin/Documents/GitHub/ese518_Cellular_test/nrfxlib/crypto/nrf_cc310_platform/lib/cortex-m33/hard-float/no-interrupts/libnrf_cc310_platform_0.9.19.a(llf_rnd.c.obj)
                0x000000000001573c                LLF_RND_GetRoscSampleCnt
 .text.LLF_RND_GetFastestRosc
                0x0000000000015770       0x20 C:/Users/Jin/Documents/GitHub/ese518_Cellular_test/nrfxlib/crypto/nrf_cc310_platform/lib/cortex-m33/hard-float/no-interrupts/libnrf_cc310_platform_0.9.19.a(llf_rnd.c.obj)
                0x0000000000015770                LLF_RND_GetFastestRosc
 .text.LLF_RND_TurnOffTrng
                0x0000000000015790       0x18 C:/Users/Jin/Documents/GitHub/ese518_Cellular_test/nrfxlib/crypto/nrf_cc310_platform/lib/cortex-m33/hard-float/no-interrupts/libnrf_cc310_platform_0.9.19.a(llf_rnd.c.obj)
                0x0000000000015790                LLF_RND_TurnOffTrng
 .text.SetDataBuffersInfo
                0x00000000000157a8       0x68 C:/Users/Jin/Documents/GitHub/ese518_Cellular_test/nrfxlib/crypto/nrf_cc310_platform/lib/cortex-m33/hard-float/no-interrupts/libnrf_cc310_platform_0.9.19.a(driver_common.c.obj)
                0x00000000000157a8                SetDataBuffersInfo
 .text.InitHashDrv
                0x0000000000015810       0x50 C:/Users/Jin/Documents/GitHub/ese518_Cellular_test/nrfxlib/crypto/nrf_cc310_platform/lib/cortex-m33/hard-float/no-interrupts/libnrf_cc310_platform_0.9.19.a(hash_driver.c.obj)
                0x0000000000015810                InitHashDrv
 .text.ProcessHashDrv
                0x0000000000015860      0x22c C:/Users/Jin/Documents/GitHub/ese518_Cellular_test/nrfxlib/crypto/nrf_cc310_platform/lib/cortex-m33/hard-float/no-interrupts/libnrf_cc310_platform_0.9.19.a(hash_driver.c.obj)
                0x0000000000015860                ProcessHashDrv
 .text.FinishHashDrv
                0x0000000000015a8c       0x74 C:/Users/Jin/Documents/GitHub/ese518_Cellular_test/nrfxlib/crypto/nrf_cc310_platform/lib/cortex-m33/hard-float/no-interrupts/libnrf_cc310_platform_0.9.19.a(hash_driver.c.obj)
                0x0000000000015a8c                FinishHashDrv
 .text.CC_PalDataBufferAttrGet
                0x0000000000015b00        0x8 C:/Users/Jin/Documents/GitHub/ese518_Cellular_test/nrfxlib/crypto/nrf_cc310_platform/lib/cortex-m33/hard-float/no-interrupts/libnrf_cc310_platform_0.9.19.a(cc_pal_buff_attr.c.obj)
                0x0000000000015b00                CC_PalDataBufferAttrGet
 .text          0x0000000000015b08       0xc8 c:/ncs/toolchains/ce3b5ff664/opt/zephyr-sdk/arm-zephyr-eabi/bin/../lib/gcc/arm-zephyr-eabi/12.2.0/thumb/v8-m.main+fp/hard\libgcc.a(cmse.o)
                0x0000000000015b08                cmse_check_address_range
 .text.exit     0x0000000000015bd0       0x28 c:/ncs/toolchains/ce3b5ff664/opt/zephyr-sdk/arm-zephyr-eabi/bin/../lib/gcc/arm-zephyr-eabi/12.2.0/../../../../arm-zephyr-eabi/lib/thumb/v8-m.main+fp/hard\libc_nano.a(lib_a-exit.o)
                0x0000000000015bd0                exit
 .text.__libc_init_array
                0x0000000000015bf8       0x48 c:/ncs/toolchains/ce3b5ff664/opt/zephyr-sdk/arm-zephyr-eabi/bin/../lib/gcc/arm-zephyr-eabi/12.2.0/../../../../arm-zephyr-eabi/lib/thumb/v8-m.main+fp/hard\libc_nano.a(lib_a-init.o)
                0x0000000000015bf8                __libc_init_array
 .text._exit    0x0000000000015c40        0x4 c:/ncs/toolchains/ce3b5ff664/opt/zephyr-sdk/arm-zephyr-eabi/bin/../lib/gcc/arm-zephyr-eabi/12.2.0/../../../../arm-zephyr-eabi/lib/thumb/v8-m.main+fp/hard\libnosys.a(_exit.o)
                0x0000000000015c40                _exit
 .text.clear_caller_context
                0x0000000000015c44       0x5c secure_fw/CMakeFiles/tfm_s.dir/partitions/ns_agent_tz/psa_api_veneers_v80m.o
 .text.C_HardFault_Handler
                0x0000000000015ca0        0x4 secure_fw/CMakeFiles/tfm_s.dir/__/platform/ext/common/faults.o
                0x0000000000015ca0                C_HardFault_Handler
 .text.HardFault_Handler
                0x0000000000015ca4       0x1c secure_fw/CMakeFiles/tfm_s.dir/__/platform/ext/common/faults.o
                0x0000000000015ca4                HardFault_Handler
 .text.C_MemManage_Handler
                0x0000000000015cc0        0x4 secure_fw/CMakeFiles/tfm_s.dir/__/platform/ext/common/faults.o
                0x0000000000015cc0                C_MemManage_Handler
 .text.MemManage_Handler
                0x0000000000015cc4       0x1c secure_fw/CMakeFiles/tfm_s.dir/__/platform/ext/common/faults.o
                0x0000000000015cc4                MemManage_Handler
 .text.C_BusFault_Handler
                0x0000000000015ce0        0x4 secure_fw/CMakeFiles/tfm_s.dir/__/platform/ext/common/faults.o
                0x0000000000015ce0                C_BusFault_Handler
 .text.BusFault_Handler
                0x0000000000015ce4       0x1c secure_fw/CMakeFiles/tfm_s.dir/__/platform/ext/common/faults.o
                0x0000000000015ce4                BusFault_Handler
 .text.C_SecureFault_Handler
                0x0000000000015d00        0x4 secure_fw/CMakeFiles/tfm_s.dir/__/platform/ext/common/faults.o
                0x0000000000015d00                C_SecureFault_Handler
 .text.SecureFault_Handler
                0x0000000000015d04       0x1c secure_fw/CMakeFiles/tfm_s.dir/__/platform/ext/common/faults.o
                0x0000000000015d04                SecureFault_Handler
 .text.C_UsageFault_Handler
                0x0000000000015d20        0x4 secure_fw/CMakeFiles/tfm_s.dir/__/platform/ext/common/faults.o
                0x0000000000015d20                C_UsageFault_Handler
 .text.UsageFault_Handler
                0x0000000000015d24       0x1c secure_fw/CMakeFiles/tfm_s.dir/__/platform/ext/common/faults.o
                0x0000000000015d24                UsageFault_Handler
 .text.memmove  0x0000000000015d40       0x6c secure_fw/partitions/lib/runtime/libtfm_sprt.a(crt_memmove.o)
                0x0000000000015d40                memmove
 .text.memcpy   0x0000000000015dac       0x4a secure_fw/partitions/lib/runtime/libtfm_sprt.a(crt_memcpy.o)
                0x0000000000015dac                memcpy
 .text.memset   0x0000000000015df6       0x46 secure_fw/partitions/lib/runtime/libtfm_sprt.a(crt_memset.o)
                0x0000000000015df6                memset
 .text.psa_framework_version
                0x0000000000015e3c       0x18 secure_fw/partitions/lib/runtime/libtfm_sprt.a(psa_interface_sfn.o)
                0x0000000000015e3c                psa_framework_version
 .text.psa_version
                0x0000000000015e54       0x1c secure_fw/partitions/lib/runtime/libtfm_sprt.a(psa_interface_sfn.o)
                0x0000000000015e54                psa_version
 .text.psa_read
                0x0000000000015e70       0x2a secure_fw/partitions/lib/runtime/libtfm_sprt.a(psa_interface_sfn.o)
                0x0000000000015e70                psa_read
 .text.psa_write
                0x0000000000015e9a       0x2a secure_fw/partitions/lib/runtime/libtfm_sprt.a(psa_interface_sfn.o)
                0x0000000000015e9a                psa_write
 .text.psa_panic
                0x0000000000015ec4       0x18 secure_fw/partitions/lib/runtime/libtfm_sprt.a(psa_interface_sfn.o)
                0x0000000000015ec4                psa_panic
 .text.platform_calloc_uninit
                0x0000000000015edc        0x4 secure_fw/partitions/crypto/mbedcrypto/nrf_security_src/libcrypto_service_mbedcrypto.a(platform.o)
 .text.platform_free_uninit
                0x0000000000015ee0        0x2 secure_fw/partitions/crypto/mbedcrypto/nrf_security_src/libcrypto_service_mbedcrypto.a(platform.o)
 .text.mbedtls_zeroize_and_free
                0x0000000000015ee2       0x14 secure_fw/partitions/crypto/mbedcrypto/nrf_security_src/libcrypto_service_mbedcrypto.a(platform_util.o)
                0x0000000000015ee2                mbedtls_zeroize_and_free
 .text.psa_remove_key_data_from_memory
                0x0000000000015ef6       0x16 secure_fw/partitions/crypto/mbedcrypto/nrf_security_src/libcrypto_service_mbedcrypto.a(psa_crypto.o)
                0x0000000000015ef6                psa_remove_key_data_from_memory
 .text.psa_wipe_key_slot
                0x0000000000015f0c       0x22 secure_fw/partitions/crypto/mbedcrypto/nrf_security_src/libcrypto_service_mbedcrypto.a(psa_crypto.o)
                0x0000000000015f0c                psa_wipe_key_slot
 .text.psa_driver_wrapper_init
                0x0000000000015f2e        0x4 secure_fw/partitions/crypto/mbedcrypto/nrf_security_src/libcrypto_service_mbedcrypto.a(psa_crypto_driver_wrappers.o)
                0x0000000000015f2e                psa_driver_wrapper_init
 .text.psa_driver_wrapper_free
                0x0000000000015f32        0x2 secure_fw/partitions/crypto/mbedcrypto/nrf_security_src/libcrypto_service_mbedcrypto.a(psa_crypto_driver_wrappers.o)
                0x0000000000015f32                psa_driver_wrapper_free
 .text.psa_driver_wrapper_init_random
                0x0000000000015f34        0x4 secure_fw/partitions/crypto/mbedcrypto/nrf_security_src/libcrypto_service_mbedcrypto.a(psa_crypto_driver_wrappers.o)
                0x0000000000015f34                psa_driver_wrapper_init_random
 .text.psa_driver_wrapper_get_random
                0x0000000000015f38       0x22 secure_fw/partitions/crypto/mbedcrypto/nrf_security_src/libcrypto_service_mbedcrypto.a(psa_crypto_driver_wrappers.o)
                0x0000000000015f38                psa_driver_wrapper_get_random
 .text.psa_driver_wrapper_free_random
                0x0000000000015f5a        0x4 secure_fw/partitions/crypto/mbedcrypto/nrf_security_src/libcrypto_service_mbedcrypto.a(psa_crypto_driver_wrappers.o)
                0x0000000000015f5a                psa_driver_wrapper_free_random
 .text          0x0000000000015f5e       0x5c c:/ncs/toolchains/ce3b5ff664/opt/zephyr-sdk/arm-zephyr-eabi/bin/../lib/gcc/arm-zephyr-eabi/12.2.0/thumb/v8-m.main+fp/hard\libgcc.a(cmse_nonsecure_call.o)
                0x0000000000015f5e                __gnu_cmse_nonsecure_call
 *(.init)
 *fill*         0x0000000000015fba        0x2 
 .init          0x0000000000015fbc        0x4 c:/ncs/toolchains/ce3b5ff664/opt/zephyr-sdk/arm-zephyr-eabi/bin/../lib/gcc/arm-zephyr-eabi/12.2.0/thumb/v8-m.main+fp/hard/crti.o
                0x0000000000015fbc                _init
 .init          0x0000000000015fc0        0x8 c:/ncs/toolchains/ce3b5ff664/opt/zephyr-sdk/arm-zephyr-eabi/bin/../lib/gcc/arm-zephyr-eabi/12.2.0/thumb/v8-m.main+fp/hard/crtn.o
 *(.fini)
 .fini          0x0000000000015fc8        0x4 c:/ncs/toolchains/ce3b5ff664/opt/zephyr-sdk/arm-zephyr-eabi/bin/../lib/gcc/arm-zephyr-eabi/12.2.0/thumb/v8-m.main+fp/hard/crti.o
                0x0000000000015fc8                _fini
 .fini          0x0000000000015fcc        0x8 c:/ncs/toolchains/ce3b5ff664/opt/zephyr-sdk/arm-zephyr-eabi/bin/../lib/gcc/arm-zephyr-eabi/12.2.0/thumb/v8-m.main+fp/hard/crtn.o
 *crtbegin.o(.ctors)
 *crtbegin?.o(.ctors)
 *(EXCLUDE_FILE(*crtend.o *crtend?.o) .ctors)
 *(SORT_BY_NAME(.ctors.*))
 *(.ctors)
 *crtbegin.o(.dtors)
 *crtbegin?.o(.dtors)
 *(EXCLUDE_FILE(*crtend.o *crtend?.o) .dtors)
 *(SORT_BY_NAME(.dtors.*))
 *(.dtors)
 *(SORT_BY_ALIGNMENT(.rodata*))
 .rodata.CSWTCH.10
                0x0000000000015fd4       0x1c C:/Users/Jin/Documents/GitHub/ese518_Cellular_test/nrfxlib/crypto/nrf_cc310_platform/lib/cortex-m33/hard-float/no-interrupts/libnrf_cc310_platform_0.9.19.a(nrf_cc3xx_platform.c.obj)
 .rodata.RndStartupTest.constprop.0.str1.4
                0x0000000000015ff0       0x6f C:/Users/Jin/Documents/GitHub/ese518_Cellular_test/nrfxlib/crypto/nrf_cc310_platform/lib/cortex-m33/hard-float/no-interrupts/libnrf_cc310_platform_0.9.19.a(cc_lib.c.obj)
 *fill*         0x000000000001605f        0x1 
 .rodata.CC_PalPowerSaveModeInit.str1.4
                0x0000000000016060       0x20 C:/Users/Jin/Documents/GitHub/ese518_Cellular_test/nrfxlib/crypto/nrf_cc310_platform/lib/cortex-m33/hard-float/no-interrupts/libnrf_cc310_platform_0.9.19.a(cc_pal_pm.c.obj)
 .rodata.mutex_free.str1.4
                0x0000000000016080       0x26 C:/Users/Jin/Documents/GitHub/ese518_Cellular_test/nrfxlib/crypto/nrf_cc310_platform/lib/cortex-m33/hard-float/no-interrupts/libnrf_cc310_platform_0.9.19.a(nrf_cc3xx_platform_mutex.c.obj)
 *fill*         0x00000000000160a6        0x2 
 .rodata.mutex_init.str1.4
                0x00000000000160a8       0x23 C:/Users/Jin/Documents/GitHub/ese518_Cellular_test/nrfxlib/crypto/nrf_cc310_platform/lib/cortex-m33/hard-float/no-interrupts/libnrf_cc310_platform_0.9.19.a(nrf_cc3xx_platform_mutex.c.obj)
 *fill*         0x00000000000160cb        0x1 
 .rodata.mbedtls_hardware_poll.str1.4
                0x00000000000160cc       0x16 C:/Users/Jin/Documents/GitHub/ese518_Cellular_test/nrfxlib/crypto/nrf_cc310_platform/lib/cortex-m33/hard-float/no-interrupts/libnrf_cc310_platform_0.9.19.a(trng_api.c.obj)
                                         0x6e (size before relaxing)
 *fill*         0x00000000000160e2        0x2 
 .rodata.cc_mbedtls_sha256_init.str1.4
                0x00000000000160e4        0xe C:/Users/Jin/Documents/GitHub/ese518_Cellular_test/nrfxlib/crypto/nrf_cc310_platform/lib/cortex-m33/hard-float/no-interrupts/libnrf_cc310_platform_0.9.19.a(sha256_alt.c.obj)
 .rodata.ProcessHashDrv.str1.4
                0x00000000000160f2       0x6f C:/Users/Jin/Documents/GitHub/ese518_Cellular_test/nrfxlib/crypto/nrf_cc310_platform/lib/cortex-m33/hard-float/no-interrupts/libnrf_cc310_platform_0.9.19.a(hash_driver.c.obj)
 *fill*         0x00000000000160f2        0x2 
 .rodata.HASH_LARVAL_SHA256
                0x00000000000160f4       0x20 C:/Users/Jin/Documents/GitHub/ese518_Cellular_test/nrfxlib/crypto/nrf_cc310_platform/lib/cortex-m33/hard-float/no-interrupts/libnrf_cc310_platform_0.9.19.a(hash_driver.c.obj)
 .rodata.HASH_LARVAL_SHA224
                0x0000000000016114       0x20 C:/Users/Jin/Documents/GitHub/ese518_Cellular_test/nrfxlib/crypto/nrf_cc310_platform/lib/cortex-m33/hard-float/no-interrupts/libnrf_cc310_platform_0.9.19.a(hash_driver.c.obj)
 .rodata.HASH_LARVAL_SHA1
                0x0000000000016134       0x14 C:/Users/Jin/Documents/GitHub/ese518_Cellular_test/nrfxlib/crypto/nrf_cc310_platform/lib/cortex-m33/hard-float/no-interrupts/libnrf_cc310_platform_0.9.19.a(hash_driver.c.obj)
 .rodata._global_impure_ptr
                0x0000000000016148        0x4 c:/ncs/toolchains/ce3b5ff664/opt/zephyr-sdk/arm-zephyr-eabi/bin/../lib/gcc/arm-zephyr-eabi/12.2.0/../../../../arm-zephyr-eabi/lib/thumb/v8-m.main+fp/hard\libc_nano.a(lib_a-impure.o)
                0x0000000000016148                _global_impure_ptr
 .rodata.str1.1
                0x000000000001614c        0xb secure_fw/CMakeFiles/tfm_s.dir/__/generated/secure_fw/partitions/crypto/auto_generated/load_info_tfm_crypto.o
 .rodata.str1.1
                0x0000000000016157       0x15 secure_fw/CMakeFiles/tfm_s.dir/__/generated/secure_fw/partitions/platform/auto_generated/load_info_tfm_platform.o
 *(.eh_frame*)
 .eh_frame      0x000000000001616c        0x0 c:/ncs/toolchains/ce3b5ff664/opt/zephyr-sdk/arm-zephyr-eabi/bin/../lib/gcc/arm-zephyr-eabi/12.2.0/thumb/v8-m.main+fp/hard/crtbegin.o
 .eh_frame      0x000000000001616c        0x4 c:/ncs/toolchains/ce3b5ff664/opt/zephyr-sdk/arm-zephyr-eabi/bin/../lib/gcc/arm-zephyr-eabi/12.2.0/thumb/v8-m.main+fp/hard/crtend.o
                0x0000000000016180                . = ALIGN (0x20)
 *fill*         0x0000000000016170       0x10 
                0x00000000000138e0                Image$$TFM_UNPRIV_CODE_START$$RO$$Base = ADDR (.TFM_UNPRIV_CODE)
                0x0000000000016180                Image$$TFM_UNPRIV_CODE_END$$RO$$Limit = (ADDR (.TFM_UNPRIV_CODE) + SIZEOF (.TFM_UNPRIV_CODE))

.glue_7         0x0000000000016180        0x0
 .glue_7        0x0000000000016180        0x0 linker stubs

.glue_7t        0x0000000000016180        0x0
 .glue_7t       0x0000000000016180        0x0 linker stubs

.vfp11_veneer   0x0000000000016180        0x0
 .vfp11_veneer  0x0000000000016180        0x0 linker stubs

.v4_bx          0x0000000000016180        0x0
 .v4_bx         0x0000000000016180        0x0 linker stubs

.iplt           0x0000000000016180        0x0
 .iplt          0x0000000000016180        0x0 c:/ncs/toolchains/ce3b5ff664/opt/zephyr-sdk/arm-zephyr-eabi/bin/../lib/gcc/arm-zephyr-eabi/12.2.0/thumb/v8-m.main+fp/hard/crtbegin.o

.rel.dyn        0x0000000000016180        0x0
 .rel.iplt      0x0000000000016180        0x0 c:/ncs/toolchains/ce3b5ff664/opt/zephyr-sdk/arm-zephyr-eabi/bin/../lib/gcc/arm-zephyr-eabi/12.2.0/thumb/v8-m.main+fp/hard/crtbegin.o

.gnu.sgstubs    0x0000000000017c00       0x40
 *(.gnu.sgstubs*)
 .gnu.sgstubs.__stub
                0x0000000000017c00       0x28 linker stubs
                0x0000000000017c00                tfm_psa_framework_version_veneer
                0x0000000000017c08                tfm_psa_version_veneer
                0x0000000000017c10                tfm_psa_close_veneer
                0x0000000000017c18                tfm_psa_connect_veneer
                0x0000000000017c20                tfm_psa_call_veneer

.sgstubs_end    0x0000000000018000        0x0

.tfm_secure_data_start
                0x0000000020000000        0x0
                0x0000000020000000                . = ALIGN (0x4)

.tfm_bl2_shared_data
                0x0000000020000000      0x400
                0x0000000020000400                . = (. + 0x400)
 *fill*         0x0000000020000000      0x400 

.msp_stack      0x0000000020000400      0x7f8
                0x0000000020000bf8                . = (. + (__msp_stack_size__ - 0x8))
 *fill*         0x0000000020000400      0x7f8 
                0x0000000020000400                Image$$ARM_LIB_STACK$$ZI$$Base = ADDR (.msp_stack)
                0x0000000020000bf8                Image$$ARM_LIB_STACK$$ZI$$Limit = (ADDR (.msp_stack) + SIZEOF (.msp_stack))

.msp_stack_seal_res
                0x0000000020000bf8        0x8
                0x0000000020000c00                . = (. + 0x8)
 *fill*         0x0000000020000bf8        0x8 
                0x0000000020000bf8                __StackSeal = ADDR (.msp_stack_seal_res)
                0x0000000020000c00                . = ALIGN (0x20)
                0x0000000020000c00                Image$$TFM_APP_RW_STACK_START$$Base = .

.TFM_APP_ROT_LINKER_DATA
                0x0000000020000c00        0x0 load address 0x0000000000017c40
 *tfm_app_rot_partition*:(SORT_BY_ALIGNMENT(.data*))
 *(TFM_*_APP-ROT_ATTR_RW)
                0x0000000020000c00                . = ALIGN (0x4)
                0x0000000020000c00                Image$$TFM_APP_ROT_LINKER_DATA$$RW$$Base = ADDR (.TFM_APP_ROT_LINKER_DATA)
                0x0000000020000c00                Image$$TFM_APP_ROT_LINKER_DATA$$RW$$Limit = (ADDR (.TFM_APP_ROT_LINKER_DATA) + SIZEOF (.TFM_APP_ROT_LINKER_DATA))

.TFM_APP_ROT_LINKER_BSS
                0x0000000020000c00       0x20
                0x0000000020000c00                start_of_TFM_APP_ROT_LINKER = .
 *tfm_app_rot_partition*:(SORT_BY_ALIGNMENT(.bss*))
 *tfm_app_rot_partition*:*(COMMON)
 *(TFM_*_APP-ROT_ATTR_ZI)
                0x0000000020000c04                . = (. + (. - start_of_TFM_APP_ROT_LINKER)?0x0:0x4)
 *fill*         0x0000000020000c00        0x4 
                0x0000000020000c20                . = ALIGN (0x20)
 *fill*         0x0000000020000c04       0x1c 
                0x0000000020000c00                Image$$TFM_APP_ROT_LINKER_DATA$$ZI$$Base = ADDR (.TFM_APP_ROT_LINKER_BSS)
                0x0000000020000c20                Image$$TFM_APP_ROT_LINKER_DATA$$ZI$$Limit = (ADDR (.TFM_APP_ROT_LINKER_BSS) + SIZEOF (.TFM_APP_ROT_LINKER_BSS))
                0x0000000020000c20                Image$$TFM_APP_RW_STACK_END$$Base = .
                0x0000000020000c20                Image$$TFM_PSA_RW_STACK_START$$Base = .

.TFM_PSA_ROT_LINKER_DATA
                0x0000000020000c20        0x0 load address 0x0000000000017c40
 *tfm_psa_rot_partition*:(SORT_BY_ALIGNMENT(.data*))
 *(TFM_*_PSA-ROT_ATTR_RW)
                0x0000000020000c20                . = ALIGN (0x4)
                0x0000000020000c20                Image$$TFM_PSA_ROT_LINKER_DATA$$RW$$Base = ADDR (.TFM_PSA_ROT_LINKER_DATA)
                0x0000000020000c20                Image$$TFM_PSA_ROT_LINKER_DATA$$RW$$Limit = (ADDR (.TFM_PSA_ROT_LINKER_DATA) + SIZEOF (.TFM_PSA_ROT_LINKER_DATA))

.TFM_PSA_ROT_LINKER_BSS
                0x0000000020000c20      0x460
                0x0000000020000c20                start_of_TFM_PSA_ROT_LINKER = .
 *tfm_psa_rot_partition*:(SORT_BY_ALIGNMENT(.bss*))
 .bss.scratch   0x0000000020000c20      0x408 secure_fw/partitions/crypto/libtfm_psa_rot_partition_crypto.a(crypto_init.o)
 .bss.operations
                0x0000000020001028       0x28 secure_fw/partitions/crypto/libtfm_psa_rot_partition_crypto.a(crypto_alloc.o)
 .bss.mbedtls_mem_buf
                0x0000000020001050        0x1 secure_fw/partitions/crypto/libtfm_psa_rot_partition_crypto.a(crypto_library.o)
 .bss.mbedtls_version_full
                0x0000000020001051       0x12 secure_fw/partitions/crypto/libtfm_psa_rot_partition_crypto.a(crypto_library.o)
 *tfm_psa_rot_partition*:*(COMMON)